ARM Linker, 4.1 [Build 644] [Standard]

==============================================================================

Section Cross References

    startup_lpc11xx.o(STACK) refers (Special) to heapauxi.o(.text) for __use_two_region_memory
    startup_lpc11xx.o(HEAP) refers (Special) to heapauxi.o(.text) for __use_two_region_memory
    startup_lpc11xx.o(RESET) refers (Special) to heapauxi.o(.text) for __use_two_region_memory
    startup_lpc11xx.o(RESET) refers to startup_lpc11xx.o(STACK) for __initial_sp
    startup_lpc11xx.o(RESET) refers to startup_lpc11xx.o(.text) for Reset_Handler
    startup_lpc11xx.o(RESET) refers to ct.o(.text) for TIMER16_1_IRQHandler
    startup_lpc11xx.o(RESET) refers to uart.o(.text) for UART_IRQHandler
    startup_lpc11xx.o(RESET) refers to wdt.o(.text) for WDT_IRQHandler
    startup_lpc11xx.o(RESET) refers to gpio.o(.text) for PIOINT0_IRQHandler
    startup_lpc11xx.o(.ARM.__at_0x02FC) refers (Special) to heapauxi.o(.text) for __use_two_region_memory
    startup_lpc11xx.o(.text) refers (Special) to heapauxi.o(.text) for __use_two_region_memory
    startup_lpc11xx.o(.text) refers to system_lpc11xx.o(.text) for system_init
    startup_lpc11xx.o(.text) refers to __main.o(!!!main) for __main
    startup_lpc11xx.o(.text) refers to startup_lpc11xx.o(HEAP) for Heap_Mem
    startup_lpc11xx.o(.text) refers to startup_lpc11xx.o(STACK) for Stack_Mem
    system_lpc11xx.o(.text) refers to aeabi_sdivfast.o(.text) for __aeabi_uidivmod
    system_lpc11xx.o(.text) refers to system_lpc11xx.o(.data) for .data
    main.o(.text) refers to system_lpc11xx.o(.text) for system_init
    main.o(.text) refers to gpio.o(.text) for gpio_init
    main.o(.text) refers to fsk.o(.text) for fsk_init
    main.o(.text) refers to dtmf.o(.text) for dtmf_rx_buf_init
    main.o(.text) refers to ct.o(.text) for time16b1_int_init
    main.o(.text) refers to uart.o(.text) for uart_init
    main.o(.text) refers to wdt.o(.text) for WDT_Enable
    main.o(.text) refers to pstn.o(.text) for check_pstn_hook
    main.o(.text) refers to com.o(.text) for message_handler
    ct.o(.text) refers to _printf_percent.o(.ARM.Collect$$_printf_percent$$00000000) for _printf_percent
    ct.o(.text) refers to _printf_d.o(.ARM.Collect$$_printf_percent$$00000009) for _printf_d
    ct.o(.text) refers to _printf_s.o(.ARM.Collect$$_printf_percent$$00000014) for _printf_s
    ct.o(.text) refers to _printf_dec.o(.text) for _printf_int_dec
    ct.o(.text) refers to _printf_str.o(.text) for _printf_str
    ct.o(.text) refers to rt_memclr.o(.text) for __aeabi_memclr
    ct.o(.text) refers to noretval__2sprintf.o(.text) for __2sprintf
    ct.o(.text) refers to strlen.o(.text) for strlen
    ct.o(.text) refers to uart.o(.text) for uart_send
    ct.o(.text) refers to main.o(.data) for ring_times
    ct.o(.text) refers to main.o(.data) for ring_num
    ct.o(.text) refers to main.o(.bss) for uartsend_buf
    ct.o(.text) refers to fsk.o(.data) for fsk_ucgetflag
    gpio.o(.text) refers to ct.o(.text) for time16b1_enable
    gpio.o(.text) refers to main.o(.data) for ring_num
    gpio.o(.text) refers to main.o(.data) for ring_times
    uart.o(.text) refers to ct.o(.text) for wait
    uart.o(.text) refers to aeabi_sdivfast.o(.text) for __aeabi_uidivmod
    uart.o(.text) refers to main.o(.data) for recv_num
    uart.o(.text) refers to main.o(.bss) for uartrecv_buf
    fsk.o(.text) refers to rt_memclr.o(.text) for __aeabi_memclr
    fsk.o(.text) refers to uart.o(.text) for uart_send
    fsk.o(.text) refers to fsk.o(.bss) for .bss
    fsk.o(.text) refers to fsk.o(.data) for .data
    com.o(.text) refers to _printf_percent.o(.ARM.Collect$$_printf_percent$$00000000) for _printf_percent
    com.o(.text) refers to _printf_d.o(.ARM.Collect$$_printf_percent$$00000009) for _printf_d
    com.o(.text) refers to _printf_s.o(.ARM.Collect$$_printf_percent$$00000014) for _printf_s
    com.o(.text) refers to _printf_dec.o(.text) for _printf_int_dec
    com.o(.text) refers to _printf_str.o(.text) for _printf_str
    com.o(.text) refers to strstr.o(.text) for strstr
    com.o(.text) refers to atoi.o(.text) for atoi
    com.o(.text) refers to rt_memclr.o(.text) for __aeabi_memclr4
    com.o(.text) refers to strlen.o(.text) for strlen
    com.o(.text) refers to fsk.o(.text) for CheckFSKMessage
    com.o(.text) refers to ct.o(.text) for time16b1_disable
    com.o(.text) refers to noretval__2sprintf.o(.text) for __2sprintf
    com.o(.text) refers to uart.o(.text) for uart_send
    com.o(.text) refers to fsk.o(.data) for fsk_ucgetflag
    com.o(.text) refers to fsk.o(.bss) for stFskMeg
    com.o(.text) refers to main.o(.data) for recv_num
    com.o(.text) refers to main.o(.bss) for uartrecv_buf
    wdt.o(.text) refers to uart.o(.text) for uart_send
    dtmf.o(.text) refers to rt_memclr.o(.text) for __aeabi_memclr
    dtmf.o(.text) refers to gpio.o(.text) for set_dtmf_qn_dir
    dtmf.o(.text) refers to dtmf.o(.bss) for .bss
    pstn.o(.text) refers to pstn.o(.bss) for .bss
    __2sprintf.o(.text) refers to _printf_char_common.o(.text) for _printf_char_common
    __2sprintf.o(.text) refers to _sputc.o(.text) for _sputc
    noretval__2sprintf.o(.text) refers to _printf_char_common.o(.text) for _printf_char_common
    noretval__2sprintf.o(.text) refers to _sputc.o(.text) for _sputc
    __printf.o(.text) refers to _printf_percent.o(.ARM.Collect$$_printf_percent$$00000000) for _printf_percent
    _printf_str.o(.text) refers (Special) to _printf_char.o(.text) for _printf_cs_common
    _printf_dec.o(.text) refers to rtudiv10.o(.text) for __rt_udiv10
    _printf_dec.o(.text) refers to _printf_intcommon.o(.text) for _printf_int_common
    __printf_flags.o(.text) refers to _printf_percent.o(.ARM.Collect$$_printf_percent$$00000000) for _printf_percent
    __printf_flags.o(.text) refers to __printf_flags.o(.constdata) for .constdata
    __printf_ss.o(.text) refers to _printf_percent.o(.ARM.Collect$$_printf_percent$$00000000) for _printf_percent
    __printf_flags_ss.o(.text) refers to _printf_percent.o(.ARM.Collect$$_printf_percent$$00000000) for _printf_percent
    __printf_flags_ss.o(.text) refers to __printf_flags_ss.o(.constdata) for .constdata
    __printf_wp.o(.text) refers to __printf_wp.o(i._is_digit) for _is_digit
    __printf_wp.o(.text) refers to _printf_percent.o(.ARM.Collect$$_printf_percent$$00000000) for _printf_percent
    __printf_flags_wp.o(.text) refers to __printf_wp.o(i._is_digit) for _is_digit
    __printf_flags_wp.o(.text) refers to _printf_percent.o(.ARM.Collect$$_printf_percent$$00000000) for _printf_percent
    __printf_flags_wp.o(.text) refers to __printf_flags_wp.o(.constdata) for .constdata
    __printf_ss_wp.o(.text) refers to __printf_wp.o(i._is_digit) for _is_digit
    __printf_ss_wp.o(.text) refers to _printf_percent.o(.ARM.Collect$$_printf_percent$$00000000) for _printf_percent
    __printf_flags_ss_wp.o(.text) refers to __printf_wp.o(i._is_digit) for _is_digit
    __printf_flags_ss_wp.o(.text) refers to _printf_percent.o(.ARM.Collect$$_printf_percent$$00000000) for _printf_percent
    __printf_flags_ss_wp.o(.text) refers to __printf_flags_ss_wp.o(.constdata) for .constdata
    _printf_s.o(.ARM.Collect$$_printf_percent$$00000014) refers (Weak) to _printf_char.o(.text) for _printf_string
    _printf_d.o(.ARM.Collect$$_printf_percent$$00000009) refers (Weak) to _printf_dec.o(.text) for _printf_int_dec
    _printf_percent.o(.ARM.Collect$$_printf_percent$$00000000) refers (Special) to _printf_percent_end.o(.ARM.Collect$$_printf_percent$$00000017) for _printf_percent_end
    atoi.o(.text) refers to rt_errno_addr_intlibspace.o(.text) for __aeabi_errno_addr
    atoi.o(.text) refers to strtol.o(.text) for strtol
    __main.o(!!!main) refers to rtentry.o(.ARM.Collect$$rtentry$$00000000) for __rt_entry
    rtentry.o(.ARM.Collect$$rtentry$$00000000) refers (Special) to rtentry2.o(.ARM.Collect$$rtentry$$0000000A) for __rt_entry_li
    rtentry.o(.ARM.Collect$$rtentry$$00000000) refers (Special) to rtentry2.o(.ARM.Collect$$rtentry$$0000000D) for __rt_entry_main
    rtentry.o(.ARM.Collect$$rtentry$$00000000) refers (Special) to rtentry2.o(.ARM.Collect$$rtentry$$0000000C) for __rt_entry_postli_1
    rtentry.o(.ARM.Collect$$rtentry$$00000000) refers (Special) to rtentry2.o(.ARM.Collect$$rtentry$$00000009) for __rt_entry_postsh_1
    rtentry.o(.ARM.Collect$$rtentry$$00000000) refers (Special) to rtentry2.o(.ARM.Collect$$rtentry$$00000002) for __rt_entry_presh_1
    rtentry.o(.ARM.Collect$$rtentry$$00000000) refers (Special) to rtentry4.o(.ARM.Collect$$rtentry$$00000004) for __rt_entry_sh
    rtentry.o(.ARM.exidx) refers (Special) to rtentry2.o(.ARM.Collect$$rtentry$$0000000A) for __rt_entry_li
    rtentry.o(.ARM.exidx) refers (Special) to rtentry2.o(.ARM.Collect$$rtentry$$0000000D) for __rt_entry_main
    rtentry.o(.ARM.exidx) refers (Special) to rtentry2.o(.ARM.Collect$$rtentry$$0000000C) for __rt_entry_postli_1
    rtentry.o(.ARM.exidx) refers (Special) to rtentry2.o(.ARM.Collect$$rtentry$$00000009) for __rt_entry_postsh_1
    rtentry.o(.ARM.exidx) refers (Special) to rtentry2.o(.ARM.Collect$$rtentry$$00000002) for __rt_entry_presh_1
    rtentry.o(.ARM.exidx) refers (Special) to rtentry4.o(.ARM.Collect$$rtentry$$00000004) for __rt_entry_sh
    rtentry.o(.ARM.exidx) refers to rtentry.o(.ARM.Collect$$rtentry$$00000000) for .ARM.Collect$$rtentry$$00000000
    aeabi_idiv0_sigfpe.o(.text) refers to rt_div0.o(.text) for __rt_div0
    rt_errno_addr.o(.text) refers to rt_errno_addr.o(.bss) for __aeabi_errno_addr_data
    rt_errno_addr_intlibspace.o(.text) refers to libspace.o(.bss) for __libspace_start
    _printf_char_common.o(.text) refers to __printf.o(.text) for __printf
    _printf_char.o(.text) refers (Weak) to _printf_str.o(.text) for _printf_str
    strtol.o(.text) refers to rt_ctype_table.o(.text) for __rt_ctype_table
    strtol.o(.text) refers to _strtoul.o(.text) for _strtoul
    strtol.o(.text) refers to rt_errno_addr_intlibspace.o(.text) for __aeabi_errno_addr
    libspace.o(.text) refers to libspace.o(.bss) for __libspace_start
    rtentry2.o(.ARM.Collect$$rtentry$$00000008) refers to boardinit2.o(.text) for _platform_post_stackheap_init
    rtentry2.o(.ARM.Collect$$rtentry$$0000000A) refers to libinit.o(.ARM.Collect$$libinit$$00000000) for __rt_lib_init
    rtentry2.o(.ARM.Collect$$rtentry$$0000000B) refers to boardinit3.o(.text) for _platform_post_lib_init
    rtentry2.o(.ARM.Collect$$rtentry$$0000000D) refers to main.o(.text) for main
    rtentry2.o(.ARM.Collect$$rtentry$$0000000D) refers to exit.o(.text) for exit
    rtentry2.o(.ARM.exidx) refers to rtentry2.o(.ARM.Collect$$rtentry$$00000001) for .ARM.Collect$$rtentry$$00000001
    rtentry2.o(.ARM.exidx) refers to rtentry2.o(.ARM.Collect$$rtentry$$00000002) for .ARM.Collect$$rtentry$$00000002
    rtentry2.o(.ARM.exidx) refers to rtentry2.o(.ARM.Collect$$rtentry$$00000008) for .ARM.Collect$$rtentry$$00000008
    rtentry2.o(.ARM.exidx) refers to rtentry2.o(.ARM.Collect$$rtentry$$00000009) for .ARM.Collect$$rtentry$$00000009
    rtentry2.o(.ARM.exidx) refers to rtentry2.o(.ARM.Collect$$rtentry$$0000000A) for .ARM.Collect$$rtentry$$0000000A
    rtentry2.o(.ARM.exidx) refers to rtentry2.o(.ARM.Collect$$rtentry$$0000000B) for .ARM.Collect$$rtentry$$0000000B
    rtentry2.o(.ARM.exidx) refers to rtentry2.o(.ARM.Collect$$rtentry$$0000000C) for .ARM.Collect$$rtentry$$0000000C
    rtentry2.o(.ARM.exidx) refers to rtentry2.o(.ARM.Collect$$rtentry$$0000000D) for .ARM.Collect$$rtentry$$0000000D
    rtentry4.o(.ARM.Collect$$rtentry$$00000004) refers to sys_stackheap_outer.o(.text) for __user_setup_stackheap
    rtentry4.o(.ARM.exidx) refers to rtentry4.o(.ARM.Collect$$rtentry$$00000004) for .ARM.Collect$$rtentry$$00000004
    rt_ctype_table.o(.text) refers to rt_locale_intlibspace.o(.text) for __rt_locale
    rt_ctype_table.o(.text) refers to lc_ctype_c.o(locale$$code) for _get_lc_ctype
    rt_div0.o(.text) refers to defsig_fpe_outer.o(.text) for __rt_SIGFPE
    _strtoul.o(.text) refers to _chval.o(.text) for _chval
    _strtoul.o(.text) refers to rt_errno_addr_intlibspace.o(.text) for __aeabi_errno_addr
    sys_stackheap_outer.o(.text) refers to libspace.o(.text) for __user_perproc_libspace
    sys_stackheap_outer.o(.text) refers to startup_lpc11xx.o(.text) for __user_initial_stackheap
    sys_stackheap_outer.o(__vectab_stack_and_reset_area) refers to tempstk.o(.text) for __temporary_stack_top
    sys_stackheap_outer.o(__vectab_stack_and_reset_area) refers to __main.o(!!!main) for __main
    rt_locale.o(.text) refers to rt_locale.o(.bss) for __rt_locale_data
    rt_locale_intlibspace.o(.text) refers to libspace.o(.bss) for __libspace_start
    lc_ctype_c.o(locale$$data) refers (Special) to libinit2.o(.ARM.Collect$$libinit$$0000000E) for __rt_lib_init_lc_ctype_2
    lc_ctype_c.o(locale$$code) refers (Special) to libinit2.o(.ARM.Collect$$libinit$$0000000E) for __rt_lib_init_lc_ctype_2
    lc_ctype_c.o(locale$$code) refers to strcmp.o(.text) for strcmp
    lc_ctype_c.o(locale$$code) refers to lc_ctype_c.o(locale$$data) for __lcctype_c_name
    exit.o(.text) refers to rtexit.o(.ARM.Collect$$rtexit$$00000000) for __rt_exit
    defsig_fpe_outer.o(.text) refers to defsig_fpe_inner.o(.text) for __rt_SIGFPE_inner
    defsig_fpe_outer.o(.text) refers to defsig_exit.o(.text) for __sig_exit
    defsig_fpe_formal.o(.text) refers to rt_raise.o(.text) for __rt_raise
    libinit.o(.ARM.Collect$$libinit$$00000000) refers (Special) to libinit2.o(.ARM.Collect$$libinit$$0000002A) for __rt_lib_init_alloca_1
    libinit.o(.ARM.Collect$$libinit$$00000000) refers (Special) to libinit2.o(.ARM.Collect$$libinit$$00000028) for __rt_lib_init_argv_1
    libinit.o(.ARM.Collect$$libinit$$00000000) refers (Special) to libinit2.o(.ARM.Collect$$libinit$$00000017) for __rt_lib_init_atexit_1
    libinit.o(.ARM.Collect$$libinit$$00000000) refers (Special) to libinit2.o(.ARM.Collect$$libinit$$0000001D) for __rt_lib_init_clock_1
    libinit.o(.ARM.Collect$$libinit$$00000000) refers (Special) to libinit2.o(.ARM.Collect$$libinit$$0000002E) for __rt_lib_init_cpp_1
    libinit.o(.ARM.Collect$$libinit$$00000000) refers (Special) to libinit2.o(.ARM.Collect$$libinit$$0000002C) for __rt_lib_init_exceptions_1
    libinit.o(.ARM.Collect$$libinit$$00000000) refers (Special) to libinit2.o(.ARM.Collect$$libinit$$0000001B) for __rt_lib_init_fp_trap_1
    libinit.o(.ARM.Collect$$libinit$$00000000) refers (Special) to libinit2.o(.ARM.Collect$$libinit$$0000001F) for __rt_lib_init_getenv_1
    libinit.o(.ARM.Collect$$libinit$$00000000) refers (Special) to libinit2.o(.ARM.Collect$$libinit$$00000006) for __rt_lib_init_heap_1
    libinit.o(.ARM.Collect$$libinit$$00000000) refers (Special) to libinit2.o(.ARM.Collect$$libinit$$0000000D) for __rt_lib_init_lc_collate_1
    libinit.o(.ARM.Collect$$libinit$$00000000) refers (Special) to libinit2.o(.ARM.Collect$$libinit$$0000000F) for __rt_lib_init_lc_ctype_1
    libinit.o(.ARM.Collect$$libinit$$00000000) refers (Special) to libinit2.o(.ARM.Collect$$libinit$$00000011) for __rt_lib_init_lc_monetary_1
    libinit.o(.ARM.Collect$$libinit$$00000000) refers (Special) to libinit2.o(.ARM.Collect$$libinit$$00000013) for __rt_lib_init_lc_numeric_1
    libinit.o(.ARM.Collect$$libinit$$00000000) refers (Special) to libinit2.o(.ARM.Collect$$libinit$$00000015) for __rt_lib_init_lc_time_1
    libinit.o(.ARM.Collect$$libinit$$00000000) refers (Special) to libinit2.o(.ARM.Collect$$libinit$$0000000A) for __rt_lib_init_rand_1
    libinit.o(.ARM.Collect$$libinit$$00000000) refers (Special) to libinit2.o(.ARM.Collect$$libinit$$0000002F) for __rt_lib_init_return
    libinit.o(.ARM.Collect$$libinit$$00000000) refers (Special) to libinit2.o(.ARM.Collect$$libinit$$00000019) for __rt_lib_init_signal_1
    libinit.o(.ARM.Collect$$libinit$$00000000) refers (Special) to libinit2.o(.ARM.Collect$$libinit$$00000021) for __rt_lib_init_stdio_1
    libinit.o(.ARM.Collect$$libinit$$00000000) refers (Special) to libinit2.o(.ARM.Collect$$libinit$$00000008) for __rt_lib_init_user_alloc_1
    rtexit.o(.ARM.Collect$$rtexit$$00000000) refers (Special) to rtexit2.o(.ARM.Collect$$rtexit$$00000004) for __rt_exit_exit
    rtexit.o(.ARM.Collect$$rtexit$$00000000) refers (Special) to rtexit2.o(.ARM.Collect$$rtexit$$00000003) for __rt_exit_ls
    rtexit.o(.ARM.Collect$$rtexit$$00000000) refers (Special) to rtexit2.o(.ARM.Collect$$rtexit$$00000002) for __rt_exit_prels_1
    rtexit.o(.ARM.exidx) refers (Special) to rtexit2.o(.ARM.Collect$$rtexit$$00000004) for __rt_exit_exit
    rtexit.o(.ARM.exidx) refers (Special) to rtexit2.o(.ARM.Collect$$rtexit$$00000003) for __rt_exit_ls
    rtexit.o(.ARM.exidx) refers (Special) to rtexit2.o(.ARM.Collect$$rtexit$$00000002) for __rt_exit_prels_1
    rtexit.o(.ARM.exidx) refers to rtexit.o(.ARM.Collect$$rtexit$$00000000) for .ARM.Collect$$rtexit$$00000000
    rt_raise.o(.text) refers to __raise.o(.text) for __raise
    rt_raise.o(.text) refers to sys_exit.o(.text) for _sys_exit
    defsig_exit.o(.text) refers to sys_exit.o(.text) for _sys_exit
    defsig_fpe_inner.o(.text) refers to defsig_general.o(.text) for __default_signal_display
    libinit2.o(.ARM.Collect$$libinit$$0000000B) refers (Weak) to rt_locale_intlibspace.o(.text) for __rt_locale
    libinit2.o(.ARM.Collect$$libinit$$0000000C) refers to libinit2.o(.ARM.Collect$$libinit$$0000000B) for .ARM.Collect$$libinit$$0000000B
    libinit2.o(.ARM.Collect$$libinit$$0000000E) refers to libinit2.o(.ARM.Collect$$libinit$$0000000B) for .ARM.Collect$$libinit$$0000000B
    libinit2.o(.ARM.Collect$$libinit$$0000000E) refers (Weak) to lc_ctype_c.o(locale$$code) for _get_lc_ctype
    libinit2.o(.ARM.Collect$$libinit$$00000010) refers to libinit2.o(.ARM.Collect$$libinit$$0000000B) for .ARM.Collect$$libinit$$0000000B
    libinit2.o(.ARM.Collect$$libinit$$00000012) refers to libinit2.o(.ARM.Collect$$libinit$$0000000B) for .ARM.Collect$$libinit$$0000000B
    libinit2.o(.ARM.Collect$$libinit$$00000014) refers to libinit2.o(.ARM.Collect$$libinit$$0000000B) for .ARM.Collect$$libinit$$0000000B
    libinit2.o(.ARM.Collect$$libinit$$00000022) refers to argv_veneer.o(.text) for __ARM_argv_veneer
    libinit2.o(.ARM.Collect$$libinit$$00000023) refers to argv_veneer.o(.text) for __ARM_argv_veneer
    sys_exit.o(.text) refers (Special) to use_no_semi.o(.text) for __I$use$semihosting
    rtexit2.o(.ARM.Collect$$rtexit$$00000003) refers to libshutdown.o(.ARM.Collect$$libshutdown$$00000000) for __rt_lib_shutdown
    rtexit2.o(.ARM.Collect$$rtexit$$00000004) refers to sys_exit.o(.text) for _sys_exit
    rtexit2.o(.ARM.exidx) refers to rtexit2.o(.ARM.Collect$$rtexit$$00000001) for .ARM.Collect$$rtexit$$00000001
    rtexit2.o(.ARM.exidx) refers to rtexit2.o(.ARM.Collect$$rtexit$$00000002) for .ARM.Collect$$rtexit$$00000002
    rtexit2.o(.ARM.exidx) refers to rtexit2.o(.ARM.Collect$$rtexit$$00000003) for .ARM.Collect$$rtexit$$00000003
    rtexit2.o(.ARM.exidx) refers to rtexit2.o(.ARM.Collect$$rtexit$$00000004) for .ARM.Collect$$rtexit$$00000004
    __raise.o(.text) refers to defsig.o(CL$$defsig) for __default_signal_handler
    defsig_general.o(.text) refers to sys_wrch.o(.text) for _ttywrch
    sys_wrch.o(.text) refers (Special) to use_no_semi.o(.text) for __I$use$semihosting
    defsig.o(CL$$defsig) refers to defsig_fpe_inner.o(.text) for __rt_SIGFPE_inner
    defsig.o(CL$$defsig) refers to defsig_rtmem_inner.o(.text) for __rt_SIGRTMEM_inner
    _get_argv_nomalloc.o(.text) refers (Special) to hrguard.o(.text) for __heap_region$guard
    _get_argv_nomalloc.o(.text) refers to defsig_rtmem_outer.o(.text) for __rt_SIGRTMEM
    _get_argv_nomalloc.o(.text) refers to sys_command.o(.text) for _sys_command_string
    libshutdown.o(.ARM.Collect$$libshutdown$$00000000) refers (Special) to libshutdown2.o(.ARM.Collect$$libshutdown$$00000006) for __rt_lib_shutdown_fp_trap_1
    libshutdown.o(.ARM.Collect$$libshutdown$$00000000) refers (Special) to libshutdown2.o(.ARM.Collect$$libshutdown$$0000000E) for __rt_lib_shutdown_heap_1
    libshutdown.o(.ARM.Collect$$libshutdown$$00000000) refers (Special) to libshutdown2.o(.ARM.Collect$$libshutdown$$0000000F) for __rt_lib_shutdown_return
    libshutdown.o(.ARM.Collect$$libshutdown$$00000000) refers (Special) to libshutdown2.o(.ARM.Collect$$libshutdown$$00000009) for __rt_lib_shutdown_signal_1
    libshutdown.o(.ARM.Collect$$libshutdown$$00000000) refers (Special) to libshutdown2.o(.ARM.Collect$$libshutdown$$00000003) for __rt_lib_shutdown_stdio_1
    libshutdown.o(.ARM.Collect$$libshutdown$$00000000) refers (Special) to libshutdown2.o(.ARM.Collect$$libshutdown$$0000000B) for __rt_lib_shutdown_user_alloc_1
    sys_command.o(.text) refers (Special) to use_no_semi.o(.text) for __I$use$semihosting
    defsig_abrt_inner.o(.text) refers to defsig_general.o(.text) for __default_signal_display
    defsig_rtred_inner.o(.text) refers to defsig_general.o(.text) for __default_signal_display
    defsig_rtmem_inner.o(.text) refers to defsig_general.o(.text) for __default_signal_display
    defsig_rtmem_outer.o(.text) refers to defsig_rtmem_inner.o(.text) for __rt_SIGRTMEM_inner
    defsig_rtmem_outer.o(.text) refers to defsig_exit.o(.text) for __sig_exit
    defsig_rtmem_formal.o(.text) refers to rt_raise.o(.text) for __rt_raise
    defsig_stak_inner.o(.text) refers to defsig_general.o(.text) for __default_signal_display
    defsig_pvfn_inner.o(.text) refers to defsig_general.o(.text) for __default_signal_display
    defsig_cppl_inner.o(.text) refers to defsig_general.o(.text) for __default_signal_display
    defsig_segv_inner.o(.text) refers to defsig_general.o(.text) for __default_signal_display
    defsig_other.o(.text) refers to defsig_general.o(.text) for __default_signal_display


==============================================================================

Removing Unused input sections from the image.

    Removing system_lpc11xx.o(.emb_text), (8 bytes).
    Removing main.o(.emb_text), (8 bytes).
    Removing ct.o(.emb_text), (8 bytes).
    Removing gpio.o(.emb_text), (8 bytes).
    Removing uart.o(.emb_text), (8 bytes).
    Removing fsk.o(.emb_text), (8 bytes).
    Removing com.o(.emb_text), (8 bytes).
    Removing wdt.o(.emb_text), (8 bytes).
    Removing dtmf.o(.emb_text), (8 bytes).
    Removing pstn.o(.emb_text), (8 bytes).

10 unused section(s) (total 80 bytes) removed from the image.

==============================================================================

Image Symbol Table

    Local Symbols

    Symbol Name                              Value     Ov Type        Size  Object(Section)

    RESET                                    0x00000000   Section      192  startup_lpc11xx.o(RESET)
    ../../angel/boardlib.s                   0x00000000   Number         0  boardshut.o ABSOLUTE
    ../../angel/boardlib.s                   0x00000000   Number         0  boardinit1.o ABSOLUTE
    ../../angel/boardlib.s                   0x00000000   Number         0  boardinit2.o ABSOLUTE
    ../../angel/boardlib.s                   0x00000000   Number         0  boardinit3.o ABSOLUTE
    ../../angel/handlers.s                   0x00000000   Number         0  __scatter_zi.o ABSOLUTE
    ../../angel/handlers.s                   0x00000000   Number         0  __scatter_copy.o ABSOLUTE
    ../../angel/kernel.s                     0x00000000   Number         0  rtentry2.o ABSOLUTE
    ../../angel/kernel.s                     0x00000000   Number         0  rtentry4.o ABSOLUTE
    ../../angel/kernel.s                     0x00000000   Number         0  rtexit2.o ABSOLUTE
    ../../angel/kernel.s                     0x00000000   Number         0  rtentry.o ABSOLUTE
    ../../angel/kernel.s                     0x00000000   Number         0  rtexit.o ABSOLUTE
    ../../angel/rt.s                         0x00000000   Number         0  rt_ctype_table.o ABSOLUTE
    ../../angel/rt.s                         0x00000000   Number         0  rt_div0.o ABSOLUTE
    ../../angel/rt.s                         0x00000000   Number         0  rt_locale.o ABSOLUTE
    ../../angel/rt.s                         0x00000000   Number         0  rt_raise.o ABSOLUTE
    ../../angel/rt.s                         0x00000000   Number         0  rt_locale_intlibspace.o ABSOLUTE
    ../../angel/rt.s                         0x00000000   Number         0  rt_errno_addr_intlibspace.o ABSOLUTE
    ../../angel/rt.s                         0x00000000   Number         0  rt_errno_addr.o ABSOLUTE
    ../../angel/rt.s                         0x00000000   Number         0  aeabi_idiv0_sigfpe.o ABSOLUTE
    ../../angel/rt.s                         0x00000000   Number         0  aeabi_idiv0.o ABSOLUTE
    ../../angel/scatterp.s                   0x00000000   Number         0  __scatter.o ABSOLUTE
    ../../angel/startup.s                    0x00000000   Number         0  __main.o ABSOLUTE
    ../../angel/sys.s                        0x00000000   Number         0  libspace.o ABSOLUTE
    ../../angel/sys.s                        0x00000000   Number         0  sys_stackheap_outer.o ABSOLUTE
    ../../angel/sys.s                        0x00000000   Number         0  tempstk.o ABSOLUTE
    ../../angel/sys.s                        0x00000000   Number         0  use_no_semi.o ABSOLUTE
    ../../angel/sysapp.c                     0x00000000   Number         0  sys_wrch.o ABSOLUTE
    ../../angel/sysapp.c                     0x00000000   Number         0  sys_exit.o ABSOLUTE
    ../../angel/sysapp.c                     0x00000000   Number         0  sys_command.o ABSOLUTE
    ../../armsys.c                           0x00000000   Number         0  _get_argv_nomalloc.o ABSOLUTE
    ../../armsys.c                           0x00000000   Number         0  argv_veneer.o ABSOLUTE
    ../../armsys.c                           0x00000000   Number         0  no_argv.o ABSOLUTE
    ../../cfplib/fpinit.c                    0x00000000   Number         0  fpinit.o ABSOLUTE
    ../../division.c                         0x00000000   Number         0  rtudiv10.o ABSOLUTE
    ../../division.s                         0x00000000   Number         0  aeabi_sdivfast.o ABSOLUTE
    ../../division.s                         0x00000000   Number         0  aeabi_sdivfast_div0.o ABSOLUTE
    ../../heapalloc.c                        0x00000000   Number         0  hrguard.o ABSOLUTE
    ../../heapaux.c                          0x00000000   Number         0  heapauxi.o ABSOLUTE
    ../../libinit.s                          0x00000000   Number         0  libshutdown2.o ABSOLUTE
    ../../libinit.s                          0x00000000   Number         0  libinit.o ABSOLUTE
    ../../libinit.s                          0x00000000   Number         0  libinit2.o ABSOLUTE
    ../../libinit.s                          0x00000000   Number         0  libshutdown.o ABSOLUTE
    ../../locale.s                           0x00000000   Number         0  lc_ctype_c.o ABSOLUTE
    ../../memcpset.c                         0x00000000   Number         0  rt_memclr.o ABSOLUTE
    ../../printf.c                           0x00000000   Number         0  __printf_flags_ss_wp.o ABSOLUTE
    ../../printf.c                           0x00000000   Number         0  __2sprintf.o ABSOLUTE
    ../../printf.c                           0x00000000   Number         0  _printf_dec.o ABSOLUTE
    ../../printf.c                           0x00000000   Number         0  __printf.o ABSOLUTE
    ../../printf.c                           0x00000000   Number         0  _printf_char.o ABSOLUTE
    ../../printf.c                           0x00000000   Number         0  _printf_intcommon.o ABSOLUTE
    ../../printf.c                           0x00000000   Number         0  _printf_str.o ABSOLUTE
    ../../printf.c                           0x00000000   Number         0  __printf_ss_wp.o ABSOLUTE
    ../../printf.c                           0x00000000   Number         0  noretval__2sprintf.o ABSOLUTE
    ../../printf.c                           0x00000000   Number         0  __printf_flags.o ABSOLUTE
    ../../printf.c                           0x00000000   Number         0  __printf_ss.o ABSOLUTE
    ../../printf.c                           0x00000000   Number         0  __printf_flags_ss.o ABSOLUTE
    ../../printf.c                           0x00000000   Number         0  __printf_wp.o ABSOLUTE
    ../../printf.c                           0x00000000   Number         0  __printf_flags_wp.o ABSOLUTE
    ../../printf.c                           0x00000000   Number         0  _printf_char_common.o ABSOLUTE
    ../../printf.c                           0x00000000   Number         0  _sputc.o ABSOLUTE
    ../../printf.c                           0x00000000   Number         0  __printf_nopercent.o ABSOLUTE
    ../../printf_percent.s                   0x00000000   Number         0  _printf_s.o ABSOLUTE
    ../../printf_percent.s                   0x00000000   Number         0  _printf_d.o ABSOLUTE
    ../../printf_percent.s                   0x00000000   Number         0  _printf_percent_end.o ABSOLUTE
    ../../printf_percent.s                   0x00000000   Number         0  _printf_percent.o ABSOLUTE
    ../../scanf.c                            0x00000000   Number         0  atoi.o ABSOLUTE
    ../../scanf.c                            0x00000000   Number         0  _chval.o ABSOLUTE
    ../../scanf.c                            0x00000000   Number         0  _strtoul.o ABSOLUTE
    ../../scanf.c                            0x00000000   Number         0  strtol.o ABSOLUTE
    ../../signal.c                           0x00000000   Number         0  defsig_rtmem_formal.o ABSOLUTE
    ../../signal.c                           0x00000000   Number         0  defsig_rtmem_inner.o ABSOLUTE
    ../../signal.c                           0x00000000   Number         0  defsig_rtred_inner.o ABSOLUTE
    ../../signal.c                           0x00000000   Number         0  defsig_abrt_inner.o ABSOLUTE
    ../../signal.c                           0x00000000   Number         0  defsig_exit.o ABSOLUTE
    ../../signal.c                           0x00000000   Number         0  defsig_fpe_inner.o ABSOLUTE
    ../../signal.c                           0x00000000   Number         0  defsig_fpe_formal.o ABSOLUTE
    ../../signal.c                           0x00000000   Number         0  defsig_fpe_outer.o ABSOLUTE
    ../../signal.c                           0x00000000   Number         0  defsig_rtmem_outer.o ABSOLUTE
    ../../signal.c                           0x00000000   Number         0  defsig_other.o ABSOLUTE
    ../../signal.c                           0x00000000   Number         0  defsig_segv_inner.o ABSOLUTE
    ../../signal.c                           0x00000000   Number         0  defsig_cppl_inner.o ABSOLUTE
    ../../signal.c                           0x00000000   Number         0  defsig_pvfn_inner.o ABSOLUTE
    ../../signal.c                           0x00000000   Number         0  defsig_stak_inner.o ABSOLUTE
    ../../signal.c                           0x00000000   Number         0  __raise.o ABSOLUTE
    ../../signal.c                           0x00000000   Number         0  defsig_general.o ABSOLUTE
    ../../signal.s                           0x00000000   Number         0  defsig.o ABSOLUTE
    ../../stdlib.c                           0x00000000   Number         0  exit.o ABSOLUTE
    ../../string.c                           0x00000000   Number         0  strlen.o ABSOLUTE
    ../../string.c                           0x00000000   Number         0  strstr.o ABSOLUTE
    ../../string.c                           0x00000000   Number         0  strcmp.o ABSOLUTE
    Drive\\com.c                             0x00000000   Number         0  com.o ABSOLUTE
    Drive\\ct.c                              0x00000000   Number         0  ct.o ABSOLUTE
    Drive\\dtmf.c                            0x00000000   Number         0  dtmf.o ABSOLUTE
    Drive\\fsk.c                             0x00000000   Number         0  fsk.o ABSOLUTE
    Drive\\gpio.c                            0x00000000   Number         0  gpio.o ABSOLUTE
    Drive\\pstn.c                            0x00000000   Number         0  pstn.o ABSOLUTE
    Drive\\uart.c                            0x00000000   Number         0  uart.o ABSOLUTE
    Drive\\wdt.c                             0x00000000   Number         0  wdt.o ABSOLUTE
    Drive\com.c                              0x00000000   Number         0  com.o ABSOLUTE
    Drive\ct.c                               0x00000000   Number         0  ct.o ABSOLUTE
    Drive\dtmf.c                             0x00000000   Number         0  dtmf.o ABSOLUTE
    Drive\fsk.c                              0x00000000   Number         0  fsk.o ABSOLUTE
    Drive\gpio.c                             0x00000000   Number         0  gpio.o ABSOLUTE
    Drive\pstn.c                             0x00000000   Number         0  pstn.o ABSOLUTE
    Drive\uart.c                             0x00000000   Number         0  uart.o ABSOLUTE
    Drive\wdt.c                              0x00000000   Number         0  wdt.o ABSOLUTE
    System\\system_LPC11xx.c                 0x00000000   Number         0  system_lpc11xx.o ABSOLUTE
    System\system_LPC11xx.c                  0x00000000   Number         0  system_lpc11xx.o ABSOLUTE
    User\\main.c                             0x00000000   Number         0  main.o ABSOLUTE
    User\main.c                              0x00000000   Number         0  main.o ABSOLUTE
    dc.s                                     0x00000000   Number         0  dc.o ABSOLUTE
    startup_LPC11xx.s                        0x00000000   Number         0  startup_lpc11xx.o ABSOLUTE
    !!!main                                  0x000000c0   Section        8  __main.o(!!!main)
    !!!scatter                               0x000000c8   Section       60  __scatter.o(!!!scatter)
    !!handler_copy                           0x00000104   Section       26  __scatter_copy.o(!!handler_copy)
    !!handler_zi                             0x00000120   Section       28  __scatter_zi.o(!!handler_zi)
    .ARM.Collect$$_printf_percent$$00000000  0x0000013c   Section        2  _printf_percent.o(.ARM.Collect$$_printf_percent$$00000000)
    .ARM.Collect$$_printf_percent$$00000009  0x0000013e   Section       10  _printf_d.o(.ARM.Collect$$_printf_percent$$00000009)
    .ARM.Collect$$_printf_percent$$00000014  0x00000148   Section       10  _printf_s.o(.ARM.Collect$$_printf_percent$$00000014)
    .ARM.Collect$$_printf_percent$$00000017  0x00000152   Section        4  _printf_percent_end.o(.ARM.Collect$$_printf_percent$$00000017)
    .ARM.Collect$$libinit$$00000000          0x00000156   Section        6  libinit.o(.ARM.Collect$$libinit$$00000000)
    .ARM.Collect$$libinit$$00000006          0x0000015c   Section        0  libinit2.o(.ARM.Collect$$libinit$$00000006)
    .ARM.Collect$$libinit$$00000008          0x0000015c   Section        0  libinit2.o(.ARM.Collect$$libinit$$00000008)
    .ARM.Collect$$libinit$$0000000A          0x0000015c   Section        0  libinit2.o(.ARM.Collect$$libinit$$0000000A)
    .ARM.Collect$$libinit$$0000000B          0x0000015c   Section        6  libinit2.o(.ARM.Collect$$libinit$$0000000B)
    .ARM.Collect$$libinit$$0000000D          0x00000162   Section        0  libinit2.o(.ARM.Collect$$libinit$$0000000D)
    .ARM.Collect$$libinit$$0000000E          0x00000162   Section       12  libinit2.o(.ARM.Collect$$libinit$$0000000E)
    .ARM.Collect$$libinit$$0000000F          0x0000016e   Section        0  libinit2.o(.ARM.Collect$$libinit$$0000000F)
    .ARM.Collect$$libinit$$00000011          0x0000016e   Section        0  libinit2.o(.ARM.Collect$$libinit$$00000011)
    .ARM.Collect$$libinit$$00000013          0x0000016e   Section        0  libinit2.o(.ARM.Collect$$libinit$$00000013)
    .ARM.Collect$$libinit$$00000015          0x0000016e   Section        0  libinit2.o(.ARM.Collect$$libinit$$00000015)
    .ARM.Collect$$libinit$$00000017          0x0000016e   Section        0  libinit2.o(.ARM.Collect$$libinit$$00000017)
    .ARM.Collect$$libinit$$00000019          0x0000016e   Section        0  libinit2.o(.ARM.Collect$$libinit$$00000019)
    .ARM.Collect$$libinit$$0000001B          0x0000016e   Section        0  libinit2.o(.ARM.Collect$$libinit$$0000001B)
    .ARM.Collect$$libinit$$0000001D          0x0000016e   Section        0  libinit2.o(.ARM.Collect$$libinit$$0000001D)
    .ARM.Collect$$libinit$$0000001F          0x0000016e   Section        0  libinit2.o(.ARM.Collect$$libinit$$0000001F)
    .ARM.Collect$$libinit$$00000021          0x0000016e   Section        0  libinit2.o(.ARM.Collect$$libinit$$00000021)
    .ARM.Collect$$libinit$$00000028          0x0000016e   Section        0  libinit2.o(.ARM.Collect$$libinit$$00000028)
    .ARM.Collect$$libinit$$0000002A          0x0000016e   Section        0  libinit2.o(.ARM.Collect$$libinit$$0000002A)
    .ARM.Collect$$libinit$$0000002C          0x0000016e   Section        0  libinit2.o(.ARM.Collect$$libinit$$0000002C)
    .ARM.Collect$$libinit$$0000002E          0x0000016e   Section        0  libinit2.o(.ARM.Collect$$libinit$$0000002E)
    .ARM.Collect$$libinit$$0000002F          0x0000016e   Section        2  libinit2.o(.ARM.Collect$$libinit$$0000002F)
    .ARM.Collect$$libshutdown$$00000000      0x00000170   Section        2  libshutdown.o(.ARM.Collect$$libshutdown$$00000000)
    .ARM.Collect$$libshutdown$$00000003      0x00000172   Section        0  libshutdown2.o(.ARM.Collect$$libshutdown$$00000003)
    .ARM.Collect$$libshutdown$$00000006      0x00000172   Section        0  libshutdown2.o(.ARM.Collect$$libshutdown$$00000006)
    .ARM.Collect$$libshutdown$$00000009      0x00000172   Section        0  libshutdown2.o(.ARM.Collect$$libshutdown$$00000009)
    .ARM.Collect$$libshutdown$$0000000B      0x00000172   Section        0  libshutdown2.o(.ARM.Collect$$libshutdown$$0000000B)
    .ARM.Collect$$libshutdown$$0000000E      0x00000172   Section        0  libshutdown2.o(.ARM.Collect$$libshutdown$$0000000E)
    .ARM.Collect$$libshutdown$$0000000F      0x00000172   Section        2  libshutdown2.o(.ARM.Collect$$libshutdown$$0000000F)
    .ARM.Collect$$rtentry$$00000000          0x00000174   Section        0  rtentry.o(.ARM.Collect$$rtentry$$00000000)
    .ARM.Collect$$rtentry$$00000002          0x00000174   Section        0  rtentry2.o(.ARM.Collect$$rtentry$$00000002)
    .ARM.Collect$$rtentry$$00000004          0x00000174   Section        6  rtentry4.o(.ARM.Collect$$rtentry$$00000004)
    .ARM.Collect$$rtentry$$00000009          0x0000017a   Section        0  rtentry2.o(.ARM.Collect$$rtentry$$00000009)
    .ARM.Collect$$rtentry$$0000000A          0x0000017a   Section        4  rtentry2.o(.ARM.Collect$$rtentry$$0000000A)
    .ARM.Collect$$rtentry$$0000000C          0x0000017e   Section        0  rtentry2.o(.ARM.Collect$$rtentry$$0000000C)
    .ARM.Collect$$rtentry$$0000000D          0x0000017e   Section        8  rtentry2.o(.ARM.Collect$$rtentry$$0000000D)
    .ARM.Collect$$rtexit$$00000000           0x00000186   Section        2  rtexit.o(.ARM.Collect$$rtexit$$00000000)
    .ARM.Collect$$rtexit$$00000002           0x00000188   Section        0  rtexit2.o(.ARM.Collect$$rtexit$$00000002)
    .ARM.Collect$$rtexit$$00000003           0x00000188   Section        4  rtexit2.o(.ARM.Collect$$rtexit$$00000003)
    .ARM.Collect$$rtexit$$00000004           0x0000018c   Section        6  rtexit2.o(.ARM.Collect$$rtexit$$00000004)
    .text                                    0x00000194   Section       52  startup_lpc11xx.o(.text)
    .text                                    0x000001c8   Section        0  main.o(.text)
    .text                                    0x00000230   Section        0  wdt.o(.text)
    .text                                    0x000002f0   Section        0  heapauxi.o(.text)
    .text                                    0x000002f6   Section        2  use_no_semi.o(.text)
    .ARM.__at_0x02FC                         0x000002fc   Section        4  startup_lpc11xx.o(.ARM.__at_0x02FC)
    .text                                    0x00000300   Section        0  system_lpc11xx.o(.text)
    .text                                    0x000004c8   Section        0  ct.o(.text)
    .text                                    0x00000674   Section        0  gpio.o(.text)
    .text                                    0x000007e0   Section        0  uart.o(.text)
    .text                                    0x00000924   Section        0  fsk.o(.text)
    .text                                    0x00000b8c   Section        0  com.o(.text)
    .text                                    0x00000d1c   Section        0  dtmf.o(.text)
    .text                                    0x00000d88   Section        0  pstn.o(.text)
    .text                                    0x00000e38   Section        0  noretval__2sprintf.o(.text)
    .text                                    0x00000e60   Section        0  __printf.o(.text)
    .text                                    0x00000ece   Section        0  _printf_str.o(.text)
    .text                                    0x00000f20   Section        0  _printf_dec.o(.text)
    .text                                    0x00000f8c   Section        0  atoi.o(.text)
    .text                                    0x00000fa6   Section        0  strstr.o(.text)
    .text                                    0x00000fd0   Section        0  strlen.o(.text)
    .text                                    0x00001014   Section        0  rt_memclr.o(.text)
    .text                                    0x00001054   Section      488  aeabi_sdivfast.o(.text)
    .text                                    0x0000123c   Section        8  rt_errno_addr_intlibspace.o(.text)
    .text                                    0x00001244   Section        0  _printf_intcommon.o(.text)
    .text                                    0x000012f0   Section        0  _printf_char_common.o(.text)
    _printf_input_char                       0x000012f1   Thumb Code    10  _printf_char_common.o(.text)
    .text                                    0x00001320   Section        0  _sputc.o(.text)
    .text                                    0x0000132a   Section        0  _printf_char.o(.text)
    .text                                    0x00001358   Section        0  strtol.o(.text)
    .text                                    0x000013c8   Section        0  rtudiv10.o(.text)
    .text                                    0x000013f0   Section        8  libspace.o(.text)
    .text                                    0x000013f8   Section       16  rt_ctype_table.o(.text)
    .text                                    0x00001408   Section        0  _strtoul.o(.text)
    .text                                    0x000014ac   Section       62  sys_stackheap_outer.o(.text)
    .text                                    0x000014ec   Section        8  rt_locale_intlibspace.o(.text)
    .text                                    0x000014f4   Section        0  _chval.o(.text)
    .text                                    0x00001516   Section        0  exit.o(.text)
    .text                                    0x00001524   Section        0  strcmp.o(.text)
    .text                                    0x000015a0   Section        0  sys_exit.o(.text)
    locale$$code                             0x000015ac   Section       44  lc_ctype_c.o(locale$$code)
    locale$$data                             0x000015f8   Section      272  lc_ctype_c.o(locale$$data)
    __lcctype_c_name                         0x000015fc   Data           2  lc_ctype_c.o(locale$$data)
    __lcctype_c_start                        0x00001604   Data           0  lc_ctype_c.o(locale$$data)
    __lcctype_c_end                          0x00001708   Data           0  lc_ctype_c.o(locale$$data)
    .data                                    0x10000000   Section        4  system_lpc11xx.o(.data)
    .data                                    0x10000004   Section        1  main.o(.data)
    .data                                    0x10000005   Section        1  main.o(.data)
    .data                                    0x10000006   Section        1  main.o(.data)
    .data                                    0x10000007   Section        1  fsk.o(.data)
    .bss                                     0x10000008   Section      100  main.o(.bss)
    .bss                                     0x1000006c   Section      100  main.o(.bss)
    .bss                                     0x100000d0   Section      144  fsk.o(.bss)
    .bss                                     0x10000160   Section      101  dtmf.o(.bss)
    .bss                                     0x100001c8   Section       12  pstn.o(.bss)
    .bss                                     0x100001d4   Section       96  libspace.o(.bss)
    HEAP                                     0x10000238   Section        0  startup_lpc11xx.o(HEAP)
    STACK                                    0x10000238   Section      512  startup_lpc11xx.o(STACK)
    Heap_Mem                                 0x10000238   Data           0  startup_lpc11xx.o(HEAP)
    Stack_Mem                                0x10000238   Data         512  startup_lpc11xx.o(STACK)
    __initial_sp                             0x10000438   Data           0  startup_lpc11xx.o(STACK)

    Global Symbols

    Symbol Name                              Value     Ov Type        Size  Object(Section)

    BuildAttributes$$THM_ISAv3M$S$PE$A:L22$X:L11$S22$IEEE1$IW$USESV6$~STKCKD$USESV7$~SHL$OTIME$ROPI$EBA8$UX$STANDARDLIB$REQ8$PRES8$EABIv2 0x00000000   Number         0  anon$$obj.o ABSOLUTE
    __ARM_use_no_argv                        0x00000000   Number         0  main.o ABSOLUTE
    __Vectors                                0x00000000   Data           4  startup_lpc11xx.o(RESET)
    __ARM_exceptions_init                     - Undefined Weak Reference
    __alloca_initialize                       - Undefined Weak Reference
    __cpp_initialize__aeabi_                  - Undefined Weak Reference
    __cxa_finalize                            - Undefined Weak Reference
    __sigvec_lookup                           - Undefined Weak Reference
    _atexit_init                              - Undefined Weak Reference
    _call_atexit_fns                          - Undefined Weak Reference
    _clock_init                               - Undefined Weak Reference
    _fp_trap_init                             - Undefined Weak Reference
    _fp_trap_shutdown                         - Undefined Weak Reference
    _get_lc_collate                           - Undefined Weak Reference
    _get_lc_monetary                          - Undefined Weak Reference
    _get_lc_numeric                           - Undefined Weak Reference
    _get_lc_time                              - Undefined Weak Reference
    _getenv_init                              - Undefined Weak Reference
    _handle_redirection                       - Undefined Weak Reference
    _init_alloc                               - Undefined Weak Reference
    _init_user_alloc                          - Undefined Weak Reference
    _initio                                   - Undefined Weak Reference
    _printf_mbtowc                            - Undefined Weak Reference
    _printf_post_padding                      - Undefined Weak Reference
    _printf_pre_padding                       - Undefined Weak Reference
    _printf_truncate_signed                   - Undefined Weak Reference
    _printf_truncate_unsigned                 - Undefined Weak Reference
    _rand_init                                - Undefined Weak Reference
    _signal_finish                            - Undefined Weak Reference
    _signal_init                              - Undefined Weak Reference
    _terminate_alloc                          - Undefined Weak Reference
    _terminate_user_alloc                     - Undefined Weak Reference
    _terminateio                              - Undefined Weak Reference
    __main                                   0x000000c1   Thumb Code     8  __main.o(!!!main)
    __scatterload                            0x000000c9   Thumb Code     0  __scatter.o(!!!scatter)
    __scatterload_rt2                        0x000000c9   Thumb Code    52  __scatter.o(!!!scatter)
    __scatterload_rt2_thumb_only             0x000000c9   Thumb Code     0  __scatter.o(!!!scatter)
    __scatterload_null                       0x000000d9   Thumb Code     0  __scatter.o(!!!scatter)
    __scatterload_copy                       0x00000105   Thumb Code    26  __scatter_copy.o(!!handler_copy)
    __scatterload_zeroinit                   0x00000121   Thumb Code    28  __scatter_zi.o(!!handler_zi)
    _printf_percent                          0x0000013d   Thumb Code     0  _printf_percent.o(.ARM.Collect$$_printf_percent$$00000000)
    _printf_d                                0x0000013f   Thumb Code     0  _printf_d.o(.ARM.Collect$$_printf_percent$$00000009)
    _printf_s                                0x00000149   Thumb Code     0  _printf_s.o(.ARM.Collect$$_printf_percent$$00000014)
    _printf_percent_end                      0x00000153   Thumb Code     0  _printf_percent_end.o(.ARM.Collect$$_printf_percent$$00000017)
    __rt_lib_init                            0x00000157   Thumb Code     0  libinit.o(.ARM.Collect$$libinit$$00000000)
    __rt_lib_init_heap_1                     0x0000015d   Thumb Code     0  libinit2.o(.ARM.Collect$$libinit$$00000006)
    __rt_lib_init_lc_common                  0x0000015d   Thumb Code     0  libinit2.o(.ARM.Collect$$libinit$$0000000B)
    __rt_lib_init_rand_1                     0x0000015d   Thumb Code     0  libinit2.o(.ARM.Collect$$libinit$$0000000A)
    __rt_lib_init_user_alloc_1               0x0000015d   Thumb Code     0  libinit2.o(.ARM.Collect$$libinit$$00000008)
    __rt_lib_init_lc_collate_1               0x00000163   Thumb Code     0  libinit2.o(.ARM.Collect$$libinit$$0000000D)
    __rt_lib_init_lc_ctype_2                 0x00000163   Thumb Code     0  libinit2.o(.ARM.Collect$$libinit$$0000000E)
    __rt_lib_init_alloca_1                   0x0000016f   Thumb Code     0  libinit2.o(.ARM.Collect$$libinit$$0000002A)
    __rt_lib_init_argv_1                     0x0000016f   Thumb Code     0  libinit2.o(.ARM.Collect$$libinit$$00000028)
    __rt_lib_init_atexit_1                   0x0000016f   Thumb Code     0  libinit2.o(.ARM.Collect$$libinit$$00000017)
    __rt_lib_init_clock_1                    0x0000016f   Thumb Code     0  libinit2.o(.ARM.Collect$$libinit$$0000001D)
    __rt_lib_init_cpp_1                      0x0000016f   Thumb Code     0  libinit2.o(.ARM.Collect$$libinit$$0000002E)
    __rt_lib_init_exceptions_1               0x0000016f   Thumb Code     0  libinit2.o(.ARM.Collect$$libinit$$0000002C)
    __rt_lib_init_fp_trap_1                  0x0000016f   Thumb Code     0  libinit2.o(.ARM.Collect$$libinit$$0000001B)
    __rt_lib_init_getenv_1                   0x0000016f   Thumb Code     0  libinit2.o(.ARM.Collect$$libinit$$0000001F)
    __rt_lib_init_lc_ctype_1                 0x0000016f   Thumb Code     0  libinit2.o(.ARM.Collect$$libinit$$0000000F)
    __rt_lib_init_lc_monetary_1              0x0000016f   Thumb Code     0  libinit2.o(.ARM.Collect$$libinit$$00000011)
    __rt_lib_init_lc_numeric_1               0x0000016f   Thumb Code     0  libinit2.o(.ARM.Collect$$libinit$$00000013)
    __rt_lib_init_lc_time_1                  0x0000016f   Thumb Code     0  libinit2.o(.ARM.Collect$$libinit$$00000015)
    __rt_lib_init_return                     0x0000016f   Thumb Code     0  libinit2.o(.ARM.Collect$$libinit$$0000002F)
    __rt_lib_init_signal_1                   0x0000016f   Thumb Code     0  libinit2.o(.ARM.Collect$$libinit$$00000019)
    __rt_lib_init_stdio_1                    0x0000016f   Thumb Code     0  libinit2.o(.ARM.Collect$$libinit$$00000021)
    __rt_lib_shutdown                        0x00000171   Thumb Code     0  libshutdown.o(.ARM.Collect$$libshutdown$$00000000)
    __rt_lib_shutdown_fp_trap_1              0x00000173   Thumb Code     0  libshutdown2.o(.ARM.Collect$$libshutdown$$00000006)
    __rt_lib_shutdown_heap_1                 0x00000173   Thumb Code     0  libshutdown2.o(.ARM.Collect$$libshutdown$$0000000E)
    __rt_lib_shutdown_return                 0x00000173   Thumb Code     0  libshutdown2.o(.ARM.Collect$$libshutdown$$0000000F)
    __rt_lib_shutdown_signal_1               0x00000173   Thumb Code     0  libshutdown2.o(.ARM.Collect$$libshutdown$$00000009)
    __rt_lib_shutdown_stdio_1                0x00000173   Thumb Code     0  libshutdown2.o(.ARM.Collect$$libshutdown$$00000003)
    __rt_lib_shutdown_user_alloc_1           0x00000173   Thumb Code     0  libshutdown2.o(.ARM.Collect$$libshutdown$$0000000B)
    __rt_entry                               0x00000175   Thumb Code     0  rtentry.o(.ARM.Collect$$rtentry$$00000000)
    __rt_entry_presh_1                       0x00000175   Thumb Code     0  rtentry2.o(.ARM.Collect$$rtentry$$00000002)
    __rt_entry_sh                            0x00000175   Thumb Code     0  rtentry4.o(.ARM.Collect$$rtentry$$00000004)
    __rt_entry_li                            0x0000017b   Thumb Code     0  rtentry2.o(.ARM.Collect$$rtentry$$0000000A)
    __rt_entry_postsh_1                      0x0000017b   Thumb Code     0  rtentry2.o(.ARM.Collect$$rtentry$$00000009)
    __rt_entry_main                          0x0000017f   Thumb Code     0  rtentry2.o(.ARM.Collect$$rtentry$$0000000D)
    __rt_entry_postli_1                      0x0000017f   Thumb Code     0  rtentry2.o(.ARM.Collect$$rtentry$$0000000C)
    __rt_exit                                0x00000187   Thumb Code     0  rtexit.o(.ARM.Collect$$rtexit$$00000000)
    __rt_exit_ls                             0x00000189   Thumb Code     0  rtexit2.o(.ARM.Collect$$rtexit$$00000003)
    __rt_exit_prels_1                        0x00000189   Thumb Code     0  rtexit2.o(.ARM.Collect$$rtexit$$00000002)
    __rt_exit_exit                           0x0000018d   Thumb Code     0  rtexit2.o(.ARM.Collect$$rtexit$$00000004)
    Reset_Handler                            0x00000195   Thumb Code     8  startup_lpc11xx.o(.text)
    NMI_Handler                              0x0000019d   Thumb Code     2  startup_lpc11xx.o(.text)
    HardFault_Handler                        0x0000019f   Thumb Code     2  startup_lpc11xx.o(.text)
    SVC_Handler                              0x000001a1   Thumb Code     2  startup_lpc11xx.o(.text)
    PendSV_Handler                           0x000001a3   Thumb Code     2  startup_lpc11xx.o(.text)
    SysTick_Handler                          0x000001a5   Thumb Code     2  startup_lpc11xx.o(.text)
    ADC_IRQHandler                           0x000001a7   Thumb Code     0  startup_lpc11xx.o(.text)
    BOD_IRQHandler                           0x000001a7   Thumb Code     0  startup_lpc11xx.o(.text)
    CAN_IRQHandler                           0x000001a7   Thumb Code     0  startup_lpc11xx.o(.text)
    FMC_IRQHandler                           0x000001a7   Thumb Code     0  startup_lpc11xx.o(.text)
    I2C_IRQHandler                           0x000001a7   Thumb Code     0  startup_lpc11xx.o(.text)
    PIOINT1_IRQHandler                       0x000001a7   Thumb Code     0  startup_lpc11xx.o(.text)
    PIOINT2_IRQHandler                       0x000001a7   Thumb Code     0  startup_lpc11xx.o(.text)
    PIOINT3_IRQHandler                       0x000001a7   Thumb Code     0  startup_lpc11xx.o(.text)
    SSP0_IRQHandler                          0x000001a7   Thumb Code     0  startup_lpc11xx.o(.text)
    SSP1_IRQHandler                          0x000001a7   Thumb Code     0  startup_lpc11xx.o(.text)
    TIMER16_0_IRQHandler                     0x000001a7   Thumb Code     0  startup_lpc11xx.o(.text)
    TIMER32_0_IRQHandler                     0x000001a7   Thumb Code     0  startup_lpc11xx.o(.text)
    TIMER32_1_IRQHandler                     0x000001a7   Thumb Code     0  startup_lpc11xx.o(.text)
    USB_FIQHandler                           0x000001a7   Thumb Code     0  startup_lpc11xx.o(.text)
    USB_IRQHandler                           0x000001a7   Thumb Code     0  startup_lpc11xx.o(.text)
    WAKEUP_IRQHandler                        0x000001a7   Thumb Code     0  startup_lpc11xx.o(.text)
    __user_initial_stackheap                 0x000001a9   Thumb Code     0  startup_lpc11xx.o(.text)
    init                                     0x000001c9   Thumb Code    40  main.o(.text)
    main                                     0x000001f1   Thumb Code    62  main.o(.text)
    WDT_CLK_Setup                            0x00000231   Thumb Code    42  wdt.o(.text)
    WDT_Enable                               0x0000025b   Thumb Code    76  wdt.o(.text)
    WDT_IRQHandler                           0x000002a7   Thumb Code    28  wdt.o(.text)
    WDTFeed                                  0x000002c3   Thumb Code    12  wdt.o(.text)
    __use_two_region_memory                  0x000002f1   Thumb Code     2  heapauxi.o(.text)
    __rt_heap_escrow$2region                 0x000002f3   Thumb Code     2  heapauxi.o(.text)
    __rt_heap_expand$2region                 0x000002f5   Thumb Code     2  heapauxi.o(.text)
    __I$use$semihosting                      0x000002f7   Thumb Code     0  use_no_semi.o(.text)
    __use_no_semihosting_swi                 0x000002f7   Thumb Code     2  use_no_semi.o(.text)
    SystemFrequencyUpdate                    0x00000301   Thumb Code   264  system_lpc11xx.o(.text)
    system_init                              0x00000409   Thumb Code    98  system_lpc11xx.o(.text)
    wait                                     0x000004c9   Thumb Code    14  ct.o(.text)
    time16b0_init                            0x000004d7   Thumb Code    12  ct.o(.text)
    time16b0_int_init                        0x000004e3   Thumb Code    42  ct.o(.text)
    time16b0_int_1200                        0x0000050d   Thumb Code    38  ct.o(.text)
    tim16b0_delay_ms                         0x00000533   Thumb Code    40  ct.o(.text)
    tim16b0_delay_us                         0x0000055b   Thumb Code    34  ct.o(.text)
    time16b1_int_init                        0x0000057d   Thumb Code    42  ct.o(.text)
    time16b1_enable                          0x000005a7   Thumb Code     8  ct.o(.text)
    time16b1_disable                         0x000005af   Thumb Code     8  ct.o(.text)
    TIMER16_1_IRQHandler                     0x000005b7   Thumb Code   118  ct.o(.text)
    gpio_init                                0x00000675   Thumb Code   208  gpio.o(.text)
    set_dtmf_qn_dir                          0x00000745   Thumb Code    36  gpio.o(.text)
    clr_dtmf_qn_dir                          0x00000769   Thumb Code    36  gpio.o(.text)
    PIOINT0_IRQHandler                       0x0000078d   Thumb Code    34  gpio.o(.text)
    recv_byte                                0x000007e1   Thumb Code    50  uart.o(.text)
    uart_init                                0x00000813   Thumb Code   104  uart.o(.text)
    uart_irq_disable                         0x0000087b   Thumb Code    14  uart.o(.text)
    uart_irq_enable                          0x00000889   Thumb Code    14  uart.o(.text)
    uart_recive                              0x00000897   Thumb Code    14  uart.o(.text)
    uart_send_byte                           0x000008a5   Thumb Code    12  uart.o(.text)
    uart_send                                0x000008b1   Thumb Code    24  uart.o(.text)
    UART_IRQHandler                          0x000008c9   Thumb Code    54  uart.o(.text)
    fsk_init                                 0x00000925   Thumb Code    12  fsk.o(.text)
    CheckFSKMessage                          0x00000931   Thumb Code   496  fsk.o(.text)
    deal_message                             0x00000b8d   Thumb Code    46  com.o(.text)
    message_integrity                        0x00000bbb   Thumb Code    16  com.o(.text)
    message_parese                           0x00000bcb   Thumb Code   224  com.o(.text)
    message_handler                          0x00000cab   Thumb Code    42  com.o(.text)
    dtmf_rx_buf_init                         0x00000d1d   Thumb Code    12  dtmf.o(.text)
    recv_dtmf                                0x00000d29   Thumb Code    82  dtmf.o(.text)
    dtmf_data_handler                        0x00000d7b   Thumb Code     2  dtmf.o(.text)
    clear_pstn_event                         0x00000d89   Thumb Code    12  pstn.o(.text)
    pstn_init                                0x00000d95   Thumb Code    18  pstn.o(.text)
    set_pstn_state                           0x00000da7   Thumb Code     6  pstn.o(.text)
    get_pstn_state                           0x00000dad   Thumb Code     6  pstn.o(.text)
    check_pstn_hook                          0x00000db3   Thumb Code   126  pstn.o(.text)
    __2sprintf                               0x00000e39   Thumb Code    36  noretval__2sprintf.o(.text)
    __printf                                 0x00000e61   Thumb Code   110  __printf.o(.text)
    _printf_str                              0x00000ecf   Thumb Code    82  _printf_str.o(.text)
    _printf_int_dec                          0x00000f21   Thumb Code    90  _printf_dec.o(.text)
    atoi                                     0x00000f8d   Thumb Code    26  atoi.o(.text)
    strstr                                   0x00000fa7   Thumb Code    40  strstr.o(.text)
    strlen                                   0x00000fd1   Thumb Code    62  strlen.o(.text)
    _memset_w                                0x00001015   Thumb Code    26  rt_memclr.o(.text)
    _memset                                  0x0000102f   Thumb Code    30  rt_memclr.o(.text)
    __aeabi_memclr                           0x0000104d   Thumb Code     4  rt_memclr.o(.text)
    __rt_memclr                              0x0000104d   Thumb Code     0  rt_memclr.o(.text)
    __aeabi_memclr4                          0x00001051   Thumb Code     0  rt_memclr.o(.text)
    __aeabi_memclr8                          0x00001051   Thumb Code     0  rt_memclr.o(.text)
    __rt_memclr_w                            0x00001051   Thumb Code     4  rt_memclr.o(.text)
    __aeabi_uidiv                            0x00001055   Thumb Code     0  aeabi_sdivfast.o(.text)
    __aeabi_uidivmod                         0x00001055   Thumb Code    28  aeabi_sdivfast.o(.text)
    __aeabi_idiv                             0x00001071   Thumb Code     0  aeabi_sdivfast.o(.text)
    __aeabi_idivmod                          0x00001071   Thumb Code   460  aeabi_sdivfast.o(.text)
    __aeabi_errno_addr                       0x0000123d   Thumb Code     8  rt_errno_addr_intlibspace.o(.text)
    __errno$intlibspace                      0x0000123d   Thumb Code     0  rt_errno_addr_intlibspace.o(.text)
    __rt_errno_addr$intlibspace              0x0000123d   Thumb Code     0  rt_errno_addr_intlibspace.o(.text)
    _printf_int_common                       0x00001245   Thumb Code   172  _printf_intcommon.o(.text)
    _printf_char_common                      0x000012fb   Thumb Code    32  _printf_char_common.o(.text)
    _sputc                                   0x00001321   Thumb Code    10  _sputc.o(.text)
    _printf_cs_common                        0x0000132b   Thumb Code    22  _printf_char.o(.text)
    _printf_char                             0x00001341   Thumb Code    16  _printf_char.o(.text)
    _printf_string                           0x00001351   Thumb Code     8  _printf_char.o(.text)
    strtol                                   0x00001359   Thumb Code   108  strtol.o(.text)
    __rt_udiv10                              0x000013c9   Thumb Code    40  rtudiv10.o(.text)
    __user_libspace                          0x000013f1   Thumb Code     8  libspace.o(.text)
    __user_perproc_libspace                  0x000013f1   Thumb Code     0  libspace.o(.text)
    __user_perthread_libspace                0x000013f1   Thumb Code     0  libspace.o(.text)
    __rt_ctype_table                         0x000013f9   Thumb Code    16  rt_ctype_table.o(.text)
    _strtoul                                 0x00001409   Thumb Code   164  _strtoul.o(.text)
    __user_setup_stackheap                   0x000014ad   Thumb Code    62  sys_stackheap_outer.o(.text)
    __rt_locale                              0x000014ed   Thumb Code     8  rt_locale_intlibspace.o(.text)
    _chval                                   0x000014f5   Thumb Code    34  _chval.o(.text)
    exit                                     0x00001517   Thumb Code    12  exit.o(.text)
    strcmp                                   0x00001525   Thumb Code   120  strcmp.o(.text)
    _sys_exit                                0x000015a1   Thumb Code     8  sys_exit.o(.text)
    _get_lc_ctype                            0x000015ad   Thumb Code    44  lc_ctype_c.o(locale$$code)
    Region$$Table$$Base                      0x000015d8   Number         0  anon$$obj.o(Region$$Table)
    Region$$Table$$Limit                     0x000015f8   Number         0  anon$$obj.o(Region$$Table)
    __ctype                                  0x00001605   Data           0  lc_ctype_c.o(locale$$data)
    SystemFrequency                          0x10000000   Data           4  system_lpc11xx.o(.data)
    ring_times                               0x10000004   Data           1  main.o(.data)
    ring_num                                 0x10000005   Data           1  main.o(.data)
    recv_num                                 0x10000006   Data           1  main.o(.data)
    fsk_ucgetflag                            0x10000007   Data           1  fsk.o(.data)
    uartrecv_buf                             0x10000008   Data         100  main.o(.bss)
    uartsend_buf                             0x1000006c   Data         100  main.o(.bss)
    stFskMeg                                 0x100000d0   Data         144  fsk.o(.bss)
    dtmf_rx_buf                              0x10000160   Data         101  dtmf.o(.bss)
    st_pstn                                  0x100001c8   Data          12  pstn.o(.bss)
    __libspace_start                         0x100001d4   Data          96  libspace.o(.bss)
    __temporary_stack_top$libspace           0x10000234   Data           0  libspace.o(.bss)



==============================================================================

Memory Map of the image

  Image Entry point : 0x000000c1

  Load Region LR_IROM1 (Base: 0x00000000, Size: 0x00001710, Max: 0x00008000, ABSOLUTE)

    Execution Region ER_IROM1 (Base: 0x00000000, Size: 0x00001708, Max: 0x00008000, ABSOLUTE)

    Base Addr    Size         Type   Attr      Idx    E Section Name        Object

    0x00000000   0x000000c0   Data   RO            3    RESET               startup_lpc11xx.o
    0x000000c0   0x00000008   Code   RO          379  * !!!main             c_p.l(__main.o)
    0x000000c8   0x0000003c   Code   RO          584    !!!scatter          c_p.l(__scatter.o)
    0x00000104   0x0000001a   Code   RO          586    !!handler_copy      c_p.l(__scatter_copy.o)
    0x0000011e   0x00000002   PAD
    0x00000120   0x0000001c   Code   RO          588    !!handler_zi        c_p.l(__scatter_zi.o)
    0x0000013c   0x00000002   Code   RO          364    .ARM.Collect$$_printf_percent$$00000000  c_p.l(_printf_percent.o)
    0x0000013e   0x0000000a   Code   RO          363    .ARM.Collect$$_printf_percent$$00000009  c_p.l(_printf_d.o)
    0x00000148   0x0000000a   Code   RO          362    .ARM.Collect$$_printf_percent$$00000014  c_p.l(_printf_s.o)
    0x00000152   0x00000004   Code   RO          400    .ARM.Collect$$_printf_percent$$00000017  c_p.l(_printf_percent_end.o)
    0x00000156   0x00000006   Code   RO          459    .ARM.Collect$$libinit$$00000000  c_p.l(libinit.o)
    0x0000015c   0x00000000   Code   RO          473    .ARM.Collect$$libinit$$00000006  c_p.l(libinit2.o)
    0x0000015c   0x00000000   Code   RO          475    .ARM.Collect$$libinit$$00000008  c_p.l(libinit2.o)
    0x0000015c   0x00000000   Code   RO          477    .ARM.Collect$$libinit$$0000000A  c_p.l(libinit2.o)
    0x0000015c   0x00000006   Code   RO          478    .ARM.Collect$$libinit$$0000000B  c_p.l(libinit2.o)
    0x00000162   0x00000000   Code   RO          480    .ARM.Collect$$libinit$$0000000D  c_p.l(libinit2.o)
    0x00000162   0x0000000c   Code   RO          481    .ARM.Collect$$libinit$$0000000E  c_p.l(libinit2.o)
    0x0000016e   0x00000000   Code   RO          482    .ARM.Collect$$libinit$$0000000F  c_p.l(libinit2.o)
    0x0000016e   0x00000000   Code   RO          484    .ARM.Collect$$libinit$$00000011  c_p.l(libinit2.o)
    0x0000016e   0x00000000   Code   RO          486    .ARM.Collect$$libinit$$00000013  c_p.l(libinit2.o)
    0x0000016e   0x00000000   Code   RO          488    .ARM.Collect$$libinit$$00000015  c_p.l(libinit2.o)
    0x0000016e   0x00000000   Code   RO          490    .ARM.Collect$$libinit$$00000017  c_p.l(libinit2.o)
    0x0000016e   0x00000000   Code   RO          492    .ARM.Collect$$libinit$$00000019  c_p.l(libinit2.o)
    0x0000016e   0x00000000   Code   RO          494    .ARM.Collect$$libinit$$0000001B  c_p.l(libinit2.o)
    0x0000016e   0x00000000   Code   RO          496    .ARM.Collect$$libinit$$0000001D  c_p.l(libinit2.o)
    0x0000016e   0x00000000   Code   RO          498    .ARM.Collect$$libinit$$0000001F  c_p.l(libinit2.o)
    0x0000016e   0x00000000   Code   RO          500    .ARM.Collect$$libinit$$00000021  c_p.l(libinit2.o)
    0x0000016e   0x00000000   Code   RO          504    .ARM.Collect$$libinit$$00000028  c_p.l(libinit2.o)
    0x0000016e   0x00000000   Code   RO          506    .ARM.Collect$$libinit$$0000002A  c_p.l(libinit2.o)
    0x0000016e   0x00000000   Code   RO          508    .ARM.Collect$$libinit$$0000002C  c_p.l(libinit2.o)
    0x0000016e   0x00000000   Code   RO          510    .ARM.Collect$$libinit$$0000002E  c_p.l(libinit2.o)
    0x0000016e   0x00000002   Code   RO          511    .ARM.Collect$$libinit$$0000002F  c_p.l(libinit2.o)
    0x00000170   0x00000002   Code   RO          542    .ARM.Collect$$libshutdown$$00000000  c_p.l(libshutdown.o)
    0x00000172   0x00000000   Code   RO          569    .ARM.Collect$$libshutdown$$00000003  c_p.l(libshutdown2.o)
    0x00000172   0x00000000   Code   RO          572    .ARM.Collect$$libshutdown$$00000006  c_p.l(libshutdown2.o)
    0x00000172   0x00000000   Code   RO          575    .ARM.Collect$$libshutdown$$00000009  c_p.l(libshutdown2.o)
    0x00000172   0x00000000   Code   RO          577    .ARM.Collect$$libshutdown$$0000000B  c_p.l(libshutdown2.o)
    0x00000172   0x00000000   Code   RO          580    .ARM.Collect$$libshutdown$$0000000E  c_p.l(libshutdown2.o)
    0x00000172   0x00000002   Code   RO          581    .ARM.Collect$$libshutdown$$0000000F  c_p.l(libshutdown2.o)
    0x00000174   0x00000000   Code   RO          381    .ARM.Collect$$rtentry$$00000000  c_p.l(rtentry.o)
    0x00000174   0x00000000   Code   RO          409    .ARM.Collect$$rtentry$$00000002  c_p.l(rtentry2.o)
    0x00000174   0x00000006   Code   RO          424    .ARM.Collect$$rtentry$$00000004  c_p.l(rtentry4.o)
    0x0000017a   0x00000000   Code   RO          411    .ARM.Collect$$rtentry$$00000009  c_p.l(rtentry2.o)
    0x0000017a   0x00000004   Code   RO          412    .ARM.Collect$$rtentry$$0000000A  c_p.l(rtentry2.o)
    0x0000017e   0x00000000   Code   RO          414    .ARM.Collect$$rtentry$$0000000C  c_p.l(rtentry2.o)
    0x0000017e   0x00000008   Code   RO          415    .ARM.Collect$$rtentry$$0000000D  c_p.l(rtentry2.o)
    0x00000186   0x00000002   Code   RO          461    .ARM.Collect$$rtexit$$00000000  c_p.l(rtexit.o)
    0x00000188   0x00000000   Code   RO          517    .ARM.Collect$$rtexit$$00000002  c_p.l(rtexit2.o)
    0x00000188   0x00000004   Code   RO          518    .ARM.Collect$$rtexit$$00000003  c_p.l(rtexit2.o)
    0x0000018c   0x00000006   Code   RO          519    .ARM.Collect$$rtexit$$00000004  c_p.l(rtexit2.o)
    0x00000192   0x00000002   PAD
    0x00000194   0x00000034   Code   RO            5    .text               startup_lpc11xx.o
    0x000001c8   0x00000066   Code   RO           52    .text               main.o
    0x0000022e   0x00000002   PAD
    0x00000230   0x000000c0   Code   RO          265    .text               wdt.o
    0x000002f0   0x00000006   Code   RO          377    .text               c_p.l(heapauxi.o)
    0x000002f6   0x00000002   Code   RO          532    .text               c_p.l(use_no_semi.o)
    0x000002f8   0x00000004   PAD
    0x000002fc   0x00000004   Code   RO            4    .ARM.__at_0x02FC    startup_lpc11xx.o
    0x00000300   0x000001c8   Code   RO           14    .text               system_lpc11xx.o
    0x000004c8   0x000001ac   Code   RO          126    .text               ct.o
    0x00000674   0x0000016c   Code   RO          166    .text               gpio.o
    0x000007e0   0x00000144   Code   RO          186    .text               uart.o
    0x00000924   0x00000268   Code   RO          207    .text               fsk.o
    0x00000b8c   0x00000190   Code   RO          235    .text               com.o
    0x00000d1c   0x0000006c   Code   RO          285    .text               dtmf.o
    0x00000d88   0x000000b0   Code   RO          308    .text               pstn.o
    0x00000e38   0x00000028   Code   RO          334    .text               c_p.l(noretval__2sprintf.o)
    0x00000e60   0x0000006e   Code   RO          336    .text               c_p.l(__printf.o)
    0x00000ece   0x00000052   Code   RO          338    .text               c_p.l(_printf_str.o)
    0x00000f20   0x0000006c   Code   RO          340    .text               c_p.l(_printf_dec.o)
    0x00000f8c   0x0000001a   Code   RO          365    .text               c_p.l(atoi.o)
    0x00000fa6   0x00000028   Code   RO          367    .text               c_p.l(strstr.o)
    0x00000fce   0x00000002   PAD
    0x00000fd0   0x00000044   Code   RO          369    .text               c_p.l(strlen.o)
    0x00001014   0x00000040   Code   RO          371    .text               c_p.l(rt_memclr.o)
    0x00001054   0x000001e8   Code   RO          373    .text               c_p.l(aeabi_sdivfast.o)
    0x0000123c   0x00000008   Code   RO          390    .text               c_p.l(rt_errno_addr_intlibspace.o)
    0x00001244   0x000000ac   Code   RO          392    .text               c_p.l(_printf_intcommon.o)
    0x000012f0   0x00000030   Code   RO          394    .text               c_p.l(_printf_char_common.o)
    0x00001320   0x0000000a   Code   RO          396    .text               c_p.l(_sputc.o)
    0x0000132a   0x0000002e   Code   RO          398    .text               c_p.l(_printf_char.o)
    0x00001358   0x00000070   Code   RO          401    .text               c_p.l(strtol.o)
    0x000013c8   0x00000028   Code   RO          403    .text               c_p.l(rtudiv10.o)
    0x000013f0   0x00000008   Code   RO          405    .text               c_p.l(libspace.o)
    0x000013f8   0x00000010   Code   RO          426    .text               c_p.l(rt_ctype_table.o)
    0x00001408   0x000000a4   Code   RO          432    .text               c_p.l(_strtoul.o)
    0x000014ac   0x0000003e   Code   RO          434    .text               c_p.l(sys_stackheap_outer.o)
    0x000014ea   0x00000002   PAD
    0x000014ec   0x00000008   Code   RO          440    .text               c_p.l(rt_locale_intlibspace.o)
    0x000014f4   0x00000022   Code   RO          442    .text               c_p.l(_chval.o)
    0x00001516   0x0000000c   Code   RO          447    .text               c_p.l(exit.o)
    0x00001522   0x00000002   PAD
    0x00001524   0x0000007c   Code   RO          469    .text               c_p.l(strcmp.o)
    0x000015a0   0x0000000c   Code   RO          514    .text               c_p.l(sys_exit.o)
    0x000015ac   0x0000002c   Code   RO          445    locale$$code        c_p.l(lc_ctype_c.o)
    0x000015d8   0x00000020   Data   RO          582    Region$$Table       anon$$obj.o
    0x000015f8   0x00000110   Data   RO          444    locale$$data        c_p.l(lc_ctype_c.o)


    Execution Region RW_IRAM1 (Base: 0x10000000, Size: 0x00000438, Max: 0x00002000, ABSOLUTE)

    Base Addr    Size         Type   Attr      Idx    E Section Name        Object

    0x10000000   0x00000004   Data   RW           15    .data               system_lpc11xx.o
    0x10000004   0x00000001   Data   RW           55    .data               main.o
    0x10000005   0x00000001   Data   RW           56    .data               main.o
    0x10000006   0x00000001   Data   RW           57    .data               main.o
    0x10000007   0x00000001   Data   RW          209    .data               fsk.o
    0x10000008   0x00000064   Zero   RW           53    .bss                main.o
    0x1000006c   0x00000064   Zero   RW           54    .bss                main.o
    0x100000d0   0x00000090   Zero   RW          208    .bss                fsk.o
    0x10000160   0x00000065   Zero   RW          286    .bss                dtmf.o
    0x100001c5   0x00000003   PAD
    0x100001c8   0x0000000c   Zero   RW          309    .bss                pstn.o
    0x100001d4   0x00000060   Zero   RW          406    .bss                c_p.l(libspace.o)
    0x10000234   0x00000004   PAD
    0x10000238   0x00000000   Zero   RW            2    HEAP                startup_lpc11xx.o
    0x10000238   0x00000200   Zero   RW            1    STACK               startup_lpc11xx.o


==============================================================================

Image component sizes


      Code (inc. data)   RO Data    RW Data    ZI Data      Debug   Object Name

       400         72          0          0          0       2128   com.o
       428         72          0          0          0      16935   ct.o
       108         12          0          0        101       1455   dtmf.o
       616        108          0          1        144       2765   fsk.o
       364         50          0          0          0       1023   gpio.o
       102          0          0          3        200       1943   main.o
       176          8          0          0         12       2275   pstn.o
        56         26        192          0        512        712   startup_lpc11xx.o
       456        110          0          4          0       5286   system_lpc11xx.o
       324         38          0          0          0       2225   uart.o
       192         34          0          0          0       1076   wdt.o

    ----------------------------------------------------------------------
      3224        530        224          8        972      37823   Object Totals
         0          0         32          0          0          0   (incl. Generated)
         2          0          0          0          3          1   (incl. Padding)

    ----------------------------------------------------------------------

      Code (inc. data)   RO Data    RW Data    ZI Data      Debug   Library Member Name

         8          0          0          0          0         68   __main.o
       110          0          0          0          0         76   __printf.o
        60          8          0          0          0          0   __scatter.o
        26          0          0          0          0          0   __scatter_copy.o
        28          0          0          0          0          0   __scatter_zi.o
        34          0          0          0          0         60   _chval.o
        46          0          0          0          0        100   _printf_char.o
        48          6          0          0          0         88   _printf_char_common.o
        10          0          0          0          0          0   _printf_d.o
       108         18          0          0          0         76   _printf_dec.o
       172          0          0          0          0         80   _printf_intcommon.o
         2          0          0          0          0          0   _printf_percent.o
         4          0          0          0          0          0   _printf_percent_end.o
        10          0          0          0          0          0   _printf_s.o
        82          0          0          0          0         72   _printf_str.o
        10          0          0          0          0         60   _sputc.o
       164          0          0          0          0         84   _strtoul.o
       488          0          0          0          0         92   aeabi_sdivfast.o
        26          0          0          0          0         72   atoi.o
        12          0          0          0          0         60   exit.o
         6          0          0          0          0        136   heapauxi.o
        44         10        272          0          0         76   lc_ctype_c.o
         6          0          0          0          0          0   libinit.o
        20          0          0          0          0          0   libinit2.o
         2          0          0          0          0          0   libshutdown.o
         2          0          0          0          0          0   libshutdown2.o
         8          4          0          0         96         68   libspace.o
        40          4          0          0          0         84   noretval__2sprintf.o
        16          4          0          0          0         76   rt_ctype_table.o
         8          4          0          0          0         68   rt_errno_addr_intlibspace.o
         8          4          0          0          0         68   rt_locale_intlibspace.o
        64          0          0          0          0        108   rt_memclr.o
         0          0          0          0          0          0   rtentry.o
        12          0          0          0          0          0   rtentry2.o
         6          0          0          0          0          0   rtentry4.o
         2          0          0          0          0          0   rtexit.o
        10          0          0          0          0          0   rtexit2.o
        40          0          0          0          0         60   rtudiv10.o
       124          4          0          0          0         72   strcmp.o
        68          6          0          0          0         72   strlen.o
        40          0          0          0          0         72   strstr.o
       112          4          0          0          0         76   strtol.o
        12          4          0          0          0         60   sys_exit.o
        62          0          0          0          0         80   sys_stackheap_outer.o
         2          0          0          0          0         68   use_no_semi.o

    ----------------------------------------------------------------------
      2176         80        272          0        100       2232   Library Totals
        14          0          0          0          4          0   (incl. Padding)

    ----------------------------------------------------------------------

      Code (inc. data)   RO Data    RW Data    ZI Data      Debug   Library Name

      2162         80        272          0         96       2232   c_p.l

    ----------------------------------------------------------------------
      2176         80        272          0        100       2232   Library Totals

    ----------------------------------------------------------------------

==============================================================================


      Code (inc. data)   RO Data    RW Data    ZI Data      Debug   

      5400        610        496          8       1072      37960   Grand Totals
      5400        610        496          8       1072      37960   ELF Image Totals
      5400        610        496          8          0          0   ROM Totals

==============================================================================

    Total RO  Size (Code + RO Data)                 5896 (   5.76kB)
    Total RW  Size (RW Data + ZI Data)              1080 (   1.05kB)
    Total ROM Size (Code + RO Data + RW Data)       5904 (   5.77kB)

==============================================================================

