<html>
<body>
<pre>
<h1>礦ision Build Log</h1>
<h2>Project:</h2>
F:\ip话机项目\myproject\lpc_gpio_uart\lpc_project.uvproj
Project File Date:  11/22/2016

<h2>Output:</h2>
Rebuild target 'Target 1'
assembling startup_LPC11xx.s...
compiling system_LPC11xx.c...
compiling main.c...
.\Drive\ct.h(8): warning:  #1295-D: Deprecated declaration wait - give arg types
  void wait();
.\Drive\ct.h(10): warning:  #1295-D: Deprecated declaration time16b1_enable - give arg types
  void time16b1_enable();
.\Drive\ct.h(11): warning:  #1295-D: Deprecated declaration time16b1_disable - give arg types
  void time16b1_disable();
.\Drive\uart.h(10): warning:  #1295-D: Deprecated declaration uart_irq_disable - give arg types
  extern void uart_irq_disable();
.\Drive\uart.h(11): warning:  #1295-D: Deprecated declaration uart_irq_enable - give arg types
  extern void uart_irq_enable();
.\Drive\uart.h(12): warning:  #1295-D: Deprecated declaration recv_byte - give arg types
  uint8 recv_byte();
.\Drive\fsk.h(33): warning:  #1295-D: Deprecated declaration fsk_init - give arg types
  void fsk_init();
User\main.c(53): warning:  #167-D: argument of type "uint8 *" is incompatible with parameter of type "const char *"
                                        hook_status = deal_message(tmpbuf, strlen(tmpbuf));
User\main.c(77): warning:  #167-D: argument of type "uint8 *" is incompatible with parameter of type "const char *"
                                if (fsk_status = CheckFSKMessage(tmpbuf, strlen(tmpbuf)) > 0)
User\main.c(77): warning:  #1293-D: assignment in condition
                                if (fsk_status = CheckFSKMessage(tmpbuf, strlen(tmpbuf)) > 0)
User\main.c(81): warning:  #167-D: argument of type "uint8 *" is incompatible with parameter of type "char *restrict"
                                        sprintf(data_buf, "*RING:%d:CID:%s%s:HOOK:%d*", 1, stFskMeg.ucTime, stFskMeg.ucFskNum, 0);
User\main.c(82): warning:  #167-D: argument of type "uint8 *" is incompatible with parameter of type "const char *"
                                        uart_send(data_buf, strlen(data_buf)); //发送给主控
User\main.c(40): warning:  #550-D: variable "fsk_status" was set but never used
        int fsk_status = 0;
User\main.c(145): warning:  #177-D: variable "fsk_status" was declared but never referenced
        uint8 fsk_status;
User\main.c(175): warning:  #167-D: argument of type "uint8 *" is incompatible with parameter of type "char *restrict"
                        sprintf(data_buf, "*RING:%d:CID::HOOK:%d*", 1, 0);
User\main.c(176): warning:  #167-D: argument of type "uint8 *" is incompatible with parameter of type "const char *"
                        uart_send(data_buf, strlen(data_buf));  //发送给主控
User\main.c(181): warning:  #167-D: argument of type "uint8 *" is incompatible with parameter of type "char *restrict"
                        sprintf(data_buf, "*RING:%d:CID:%s%s:HOOK:%d*", 0, NULL, NULL, 0);
User\main.c(181): warning:  #181-D: argument is incompatible with corresponding format string conversion
                        sprintf(data_buf, "*RING:%d:CID:%s%s:HOOK:%d*", 0, NULL, NULL, 0);
User\main.c(181): warning:  #181-D: argument is incompatible with corresponding format string conversion
                        sprintf(data_buf, "*RING:%d:CID:%s%s:HOOK:%d*", 0, NULL, NULL, 0);
User\main.c(182): warning:  #167-D: argument of type "uint8 *" is incompatible with parameter of type "const char *"
                        uart_send(data_buf, strlen(data_buf));  //发送给主控
User\main.c: 20 warnings, 0 errors
compiling ct.c...
Drive\ct.h(8): warning:  #1295-D: Deprecated declaration wait - give arg types
  void wait();
Drive\ct.h(10): warning:  #1295-D: Deprecated declaration time16b1_enable - give arg types
  void time16b1_enable();
Drive\ct.h(11): warning:  #1295-D: Deprecated declaration time16b1_disable - give arg types
  void time16b1_disable();
Drive\ct.c: 3 warnings, 0 errors
compiling gpio.c...
compiling uart.c...
Drive\uart.h(10): warning:  #1295-D: Deprecated declaration uart_irq_disable - give arg types
  extern void uart_irq_disable();
Drive\uart.h(11): warning:  #1295-D: Deprecated declaration uart_irq_enable - give arg types
  extern void uart_irq_enable();
Drive\uart.h(12): warning:  #1295-D: Deprecated declaration recv_byte - give arg types
  uint8 recv_byte();
Drive\uart.c(17): warning:  #223-D: function "wait" declared implicitly
        wait(); //等过起始位    
Drive\uart.c: 4 warnings, 0 errors
compiling fsk.c...
Drive\fsk.h(33): warning:  #1295-D: Deprecated declaration fsk_init - give arg types
  void fsk_init();
Drive\uart.h(10): warning:  #1295-D: Deprecated declaration uart_irq_disable - give arg types
  extern void uart_irq_disable();
Drive\uart.h(11): warning:  #1295-D: Deprecated declaration uart_irq_enable - give arg types
  extern void uart_irq_enable();
Drive\uart.h(12): warning:  #1295-D: Deprecated declaration recv_byte - give arg types
  uint8 recv_byte();
Drive\fsk.c: 4 warnings, 0 errors
compiling com.c...
Drive\fsk.h(33): warning:  #1295-D: Deprecated declaration fsk_init - give arg types
  void fsk_init();
Drive\com.c(16): warning:  #167-D: argument of type "uchar *" is incompatible with parameter of type "const char *"
        ptr = strstr(databuf, "HOOK:");
Drive\com.c(16): warning:  #513-D: a value of type "char *" cannot be assigned to an entity of type "uchar *"
        ptr = strstr(databuf, "HOOK:");
Drive\com.c(20): warning:  #167-D: argument of type "uchar *" is incompatible with parameter of type "const char *"
                if (atoi(ch) == 0)
Drive\com.c(22): warning:  #167-D: argument of type "uchar *" is incompatible with parameter of type "const char *"
                else if (atoi(ch) == 1)
Drive\com.c(31): warning:  #167-D: argument of type "uchar *" is incompatible with parameter of type "const char *"
        ptr = strstr(databuf, "*");
Drive\com.c(31): warning:  #513-D: a value of type "char *" cannot be assigned to an entity of type "uchar *"
        ptr = strstr(databuf, "*");
Drive\com.c(37): warning:  #1-D: last line of file ends without a newline
  }
Drive\com.c: 8 warnings, 0 errors
linking...
Program Size: Code=4772 RO-data=496 RW-data=16 ZI-data=1776  
FromELF: creating hex file...
".\lpc_project.axf" - 0 Error(s), 39 Warning(s).
Load "F:\\ip话机项目\\myproject\\lpc_gpio_uart\\lpc_project.axf" 
* JLink Info: Device "UNSPECIFIED" selected (0 KB flash, 0 KB RAM).
Set JLink Project File to "F:\ip话机项目\myproject\lpc_gpio_uart\JLinkSettings.ini"
* JLink Info: Device "UNSPECIFIED" selected (0 KB flash, 0 KB RAM).
 
JLink info:
------------
DLL: V4.80g, compiled Feb 13 2014 20:50:02
Firmware: J-Link ARM V8 compiled Nov 25 2013 19:20:08
Hardware: V8.00
S/N : 99999994 
Feature(s) : RDI,FlashDL,FlashBP,JFlash,GDBFULL 
 
* JLink Info: Found SWD-DP with ID 0x0BB11477
* JLink Info: Found Cortex-M0 r0p0, Little endian.
* JLink Info: FPUnit: 4 code (BP) slots and 0 literal slots
ROMTableAddr = 0xE00FF003
 
Target info:
------------
Device: LPC1114FBD48/302
VTarget = 3.313V
State of Pins: 
TCK: 0, TDI: 0, TDO: 0, TMS: 1, TRES: 1, TRST: 1
Hardware-Breakpoints: 4
Software-Breakpoints: 8192
Watchpoints:          2
JTAG speed: 2000 kHz
 
Erase Failed!
Error: Flash Download failed  -  "Cortex-M0"
Load "F:\\ip话机项目\\myproject\\lpc_gpio_uart\\lpc_project.axf" 
* JLink Info: Device "UNSPECIFIED" selected (0 KB flash, 0 KB RAM).
Set JLink Project File to "F:\ip话机项目\myproject\lpc_gpio_uart\JLinkSettings.ini"
* JLink Info: Device "UNSPECIFIED" selected (0 KB flash, 0 KB RAM).
 
JLink info:
------------
DLL: V4.80g, compiled Feb 13 2014 20:50:02
Firmware: J-Link ARM V8 compiled Nov 25 2013 19:20:08
Hardware: V8.00
S/N : 99999994 
Feature(s) : RDI,FlashDL,FlashBP,JFlash,GDBFULL 
 
* JLink Info: Found SWD-DP with ID 0x0BB11477
* JLink Info: Found Cortex-M0 r0p0, Little endian.
* JLink Info: FPUnit: 4 code (BP) slots and 0 literal slots
ROMTableAddr = 0xE00FF003
 
Target info:
------------
Device: LPC1114FBD48/302
VTarget = 3.313V
State of Pins: 
TCK: 0, TDI: 0, TDO: 0, TMS: 1, TRES: 1, TRST: 1
Hardware-Breakpoints: 4
Software-Breakpoints: 8192
Watchpoints:          2
JTAG speed: 200 kHz
 
Erase Done.
Programming Done.
Verify OK.
Application running ...
