<html>
<body>
<pre>
<h1>礦ision Build Log</h1>
<h2>Project:</h2>
E:\ip话机项目\myproject\lpc_gpio_uart\lpc_project.uvproj
Project File Date:  11/02/2016

<h2>Output:</h2>
Build target 'Target 1'
assembling startup_LPC11xx.s...
compiling system_LPC11xx.c...
compiling main.c...
.\Drive\ct.h(8): warning:  #1295-D: Deprecated declaration wait - give arg types
.\Drive\ct.h(10): warning:  #1295-D: Deprecated declaration time16b1_enable - give arg types
.\Drive\ct.h(11): warning:  #1295-D: Deprecated declaration time16b1_disable - give arg types
.\Drive\uart.h(10): warning:  #1295-D: Deprecated declaration uart_irq_disable - give arg types
.\Drive\uart.h(11): warning:  #1295-D: Deprecated declaration uart_irq_enable - give arg types
.\Drive\uart.h(12): warning:  #1295-D: Deprecated declaration recv_byte - give arg types
.\Drive\fsk.h(34): warning:  #1295-D: Deprecated declaration fsk_init - give arg types
User\main.c(66): warning:  #177-D: variable "redata" was declared but never referenced
User\main.c(98): warning:  #167-D: argument of type "uint8 *" is incompatible with parameter of type "char *restrict"
User\main.c(98): warning:  #181-D: argument is incompatible with corresponding format string conversion
User\main.c(98): warning:  #181-D: argument is incompatible with corresponding format string conversion
User\main.c(99): warning:  #167-D: argument of type "uint8 *" is incompatible with parameter of type "const char *"
compiling ct.c...
Drive\ct.h(8): warning:  #1295-D: Deprecated declaration wait - give arg types
Drive\ct.h(10): warning:  #1295-D: Deprecated declaration time16b1_enable - give arg types
Drive\ct.h(11): warning:  #1295-D: Deprecated declaration time16b1_disable - give arg types
compiling gpio.c...
compiling uart.c...
Drive\uart.h(10): warning:  #1295-D: Deprecated declaration uart_irq_disable - give arg types
Drive\uart.h(11): warning:  #1295-D: Deprecated declaration uart_irq_enable - give arg types
Drive\uart.h(12): warning:  #1295-D: Deprecated declaration recv_byte - give arg types
Drive\uart.c(17): warning:  #223-D: function "wait" declared implicitly
compiling fsk.c...
Drive\fsk.h(34): warning:  #1295-D: Deprecated declaration fsk_init - give arg types
Drive\uart.h(10): warning:  #1295-D: Deprecated declaration uart_irq_disable - give arg types
Drive\uart.h(11): warning:  #1295-D: Deprecated declaration uart_irq_enable - give arg types
Drive\uart.h(12): warning:  #1295-D: Deprecated declaration recv_byte - give arg types
compiling com.c...
Drive\fsk.h(34): warning:  #1295-D: Deprecated declaration fsk_init - give arg types
Drive\com.c(16): warning:  #167-D: argument of type "uint8 *" is incompatible with parameter of type "const char *"
Drive\com.c(16): warning:  #513-D: a value of type "char *" cannot be assigned to an entity of type "uint8 *"
Drive\com.c(20): warning:  #167-D: argument of type "uint8 *" is incompatible with parameter of type "const char *"
Drive\com.c(22): warning:  #167-D: argument of type "uint8 *" is incompatible with parameter of type "const char *"
Drive\com.c(31): warning:  #167-D: argument of type "uint8 *" is incompatible with parameter of type "const char *"
Drive\com.c(31): warning:  #513-D: a value of type "char *" cannot be assigned to an entity of type "uint8 *"
Drive\com.c(49): warning:  #167-D: argument of type "uint8 *" is incompatible with parameter of type "const char *"
Drive\com.c(53): warning:  #223-D: function "time16b1_disable" declared implicitly
Drive\com.c(66): warning:  #167-D: argument of type "uint8 *" is incompatible with parameter of type "const char *"
Drive\com.c(66): warning:  #1293-D: assignment in condition
Drive\com.c(69): warning:  #167-D: argument of type "uint8 *" is incompatible with parameter of type "char *restrict"
Drive\com.c(70): warning:  #223-D: function "uart_send" declared implicitly
Drive\com.c(70): warning:  #167-D: argument of type "uint8 *" is incompatible with parameter of type "const char *"
Drive\com.c(83): warning:  #1-D: last line of file ends without a newline
linking...
Program Size: Code=4736 RO-data=496 RW-data=8 ZI-data=952  
FromELF: creating hex file...
"lpc_project.axf" - 0 Error(s), 38 Warning(s).
