<html>
<body>
<pre>
<h1>礦ision Build Log</h1>
<h2>Project:</h2>
F:\ip话机项目\myproject\lpc_gpio_uart\lpc_project.uvproj
Project File Date:  11/21/2016

<h2>Output:</h2>
Rebuild target 'Target 1'
assembling startup_LPC11xx.s...
compiling system_LPC11xx.c...
compiling main.c...
.\Drive\ct.h(8): warning:  #1295-D: Deprecated declaration wait - give arg types
  void wait();
.\Drive\ct.h(10): warning:  #1295-D: Deprecated declaration time16b1_enable - give arg types
  void time16b1_enable();
.\Drive\ct.h(11): warning:  #1295-D: Deprecated declaration time16b1_disable - give arg types
  void time16b1_disable();
.\Drive\uart.h(10): warning:  #1295-D: Deprecated declaration uart_irq_disable - give arg types
  extern void uart_irq_disable();
.\Drive\uart.h(11): warning:  #1295-D: Deprecated declaration uart_irq_enable - give arg types
  extern void uart_irq_enable();
.\Drive\uart.h(12): warning:  #1295-D: Deprecated declaration recv_byte - give arg types
  uint8 recv_byte();
.\Drive\fsk.h(34): warning:  #1295-D: Deprecated declaration fsk_init - give arg types
  void fsk_init();
.\Drive\com.h(7): warning:  #1295-D: Deprecated declaration message_handler - give arg types
  extern void message_handler();
.\Drive\wdt.h(11): warning:  #1-D: last line of file ends without a newline
  #endif
.\Drive\dtmf.h(16): warning:  #1295-D: Deprecated declaration dtmf_rx_buf_init - give arg types
  extern void dtmf_rx_buf_init();
.\Drive\dtmf.h(17): warning:  #1295-D: Deprecated declaration recv_dtmf - give arg types
  extern void recv_dtmf();
.\Drive\dtmf.h(18): warning:  #1295-D: Deprecated declaration dtmf_data_handler - give arg types
  extern void dtmf_data_handler();
.\Drive\dtmf.h(19): warning:  #1-D: last line of file ends without a newline
  #endif
.\Drive\main.h(6): warning:  #1-D: last line of file ends without a newline
  #endif
User\main.c(39): warning:  #223-D: function "check_pstn_hook" declared implicitly
                check_pstn_hook();
User\main.c(46): warning:  #111-D: statement is unreachable
        return 0;
User\main.c: 16 warnings, 0 errors
compiling ct.c...
Drive\ct.h(8): warning:  #1295-D: Deprecated declaration wait - give arg types
  void wait();
Drive\ct.h(10): warning:  #1295-D: Deprecated declaration time16b1_enable - give arg types
  void time16b1_enable();
Drive\ct.h(11): warning:  #1295-D: Deprecated declaration time16b1_disable - give arg types
  void time16b1_disable();
Drive\main.h(6): warning:  #1-D: last line of file ends without a newline
  #endif
Drive\fsk.h(34): warning:  #1295-D: Deprecated declaration fsk_init - give arg types
  void fsk_init();
Drive\pstn.h(32): warning:  #1295-D: Deprecated declaration clear_pstn_event - give arg types
  extern void clear_pstn_event();
Drive\pstn.h(33): warning:  #1295-D: Deprecated declaration pstn_init - give arg types
  extern void pstn_init();
Drive\pstn.h(35): warning:  #1295-D: Deprecated declaration get_pstn_state - give arg types
  extern PSTN_MAIN_STATE get_pstn_state();
Drive\pstn.h(36): warning:  #1295-D: Deprecated declaration check_pstn_hook - give arg types
  extern void check_pstn_hook();
Drive\pstn.h(37): warning:  #1-D: last line of file ends without a newline
  #endif
Drive\ct.c(144): warning:  #223-D: function "uart_send" declared implicitly
                        uart_send("RING", 4);
Drive\ct.c(148): warning:  #223-D: function "set_pstn_event" declared implicitly
                        set_pstn_event(PSTN_EVENT_RING);
Drive\ct.c(156): warning:  #167-D: argument of type "uint8 *" is incompatible with parameter of type "char *restrict"
                        sprintf(uartsend_buf, "*RING:%d:CID::HOOK:%d*", 0, 0);
Drive\ct.c(157): warning:  #223-D: function "uart_send" declared implicitly
                        uart_send(uartsend_buf, strlen(uartsend_buf));  //发送给主控
Drive\ct.c(157): warning:  #167-D: argument of type "uint8 *" is incompatible with parameter of type "const char *"
                        uart_send(uartsend_buf, strlen(uartsend_buf));  //发送给主控
Drive\ct.c: 15 warnings, 0 errors
compiling gpio.c...
Drive\gpio.c(100): warning:  #223-D: function "time16b1_enable" declared implicitly
                time16b1_enable();
Drive\gpio.c: 1 warning, 0 errors
compiling uart.c...
Drive\uart.h(10): warning:  #1295-D: Deprecated declaration uart_irq_disable - give arg types
  extern void uart_irq_disable();
Drive\uart.h(11): warning:  #1295-D: Deprecated declaration uart_irq_enable - give arg types
  extern void uart_irq_enable();
Drive\uart.h(12): warning:  #1295-D: Deprecated declaration recv_byte - give arg types
  uint8 recv_byte();
Drive\main.h(6): warning:  #1-D: last line of file ends without a newline
  #endif
Drive\uart.c(20): warning:  #223-D: function "wait" declared implicitly
        wait(); //等过起始位    
Drive\uart.c(123): warning:  #177-D: variable "redata" was declared but never referenced
        uint8 redata;                                                   // 定义接收数据变量数组
Drive\uart.c: 6 warnings, 0 errors
compiling fsk.c...
Drive\fsk.h(34): warning:  #1295-D: Deprecated declaration fsk_init - give arg types
  void fsk_init();
Drive\uart.h(10): warning:  #1295-D: Deprecated declaration uart_irq_disable - give arg types
  extern void uart_irq_disable();
Drive\uart.h(11): warning:  #1295-D: Deprecated declaration uart_irq_enable - give arg types
  extern void uart_irq_enable();
Drive\uart.h(12): warning:  #1295-D: Deprecated declaration recv_byte - give arg types
  uint8 recv_byte();
Drive\fsk.c: 4 warnings, 0 errors
compiling com.c...
Drive\fsk.h(34): warning:  #1295-D: Deprecated declaration fsk_init - give arg types
  void fsk_init();
Drive\com.h(7): warning:  #1295-D: Deprecated declaration message_handler - give arg types
  extern void message_handler();
Drive\main.h(6): warning:  #1-D: last line of file ends without a newline
  #endif
Drive\pstn.h(32): warning:  #1295-D: Deprecated declaration clear_pstn_event - give arg types
  extern void clear_pstn_event();
Drive\pstn.h(33): warning:  #1295-D: Deprecated declaration pstn_init - give arg types
  extern void pstn_init();
Drive\pstn.h(35): warning:  #1295-D: Deprecated declaration get_pstn_state - give arg types
  extern PSTN_MAIN_STATE get_pstn_state();
Drive\pstn.h(36): warning:  #1295-D: Deprecated declaration check_pstn_hook - give arg types
  extern void check_pstn_hook();
Drive\pstn.h(37): warning:  #1-D: last line of file ends without a newline
  #endif
Drive\com.c(21): warning:  #167-D: argument of type "uint8 *" is incompatible with parameter of type "const char *"
        ptr = strstr(databuf, "HOOK:");
Drive\com.c(21): warning:  #513-D: a value of type "char *" cannot be assigned to an entity of type "uint8 *"
        ptr = strstr(databuf, "HOOK:");
Drive\com.c(25): warning:  #167-D: argument of type "uint8 *" is incompatible with parameter of type "const char *"
                if (atoi(ch) == 0)
Drive\com.c(27): warning:  #167-D: argument of type "uint8 *" is incompatible with parameter of type "const char *"
                else if (atoi(ch) == 1)
Drive\com.c(36): warning:  #167-D: argument of type "uint8 *" is incompatible with parameter of type "const char *"
        ptr = strstr(databuf, "*");
Drive\com.c(36): warning:  #513-D: a value of type "char *" cannot be assigned to an entity of type "uint8 *"
        ptr = strstr(databuf, "*");
Drive\com.c(54): warning:  #167-D: argument of type "uint8 *" is incompatible with parameter of type "const char *"
                        hook_status = deal_message(buf, strlen(buf));
Drive\com.c(62): warning:  #223-D: function "time16b1_disable" declared implicitly
                                time16b1_disable();
Drive\com.c(79): warning:  #167-D: argument of type "uint8 *" is incompatible with parameter of type "const char *"
                if (fsk_status = CheckFSKMessage(buf, strlen(buf)) > 0)
Drive\com.c(79): warning:  #1293-D: assignment in condition
                if (fsk_status = CheckFSKMessage(buf, strlen(buf)) > 0)
Drive\com.c(82): warning:  #167-D: argument of type "uint8 *" is incompatible with parameter of type "char *restrict"
                        sprintf(uartsend_buf, "*RING:%d:CID:%s%s:HOOK:%d*", 1, stFskMeg.ucTime, stFskMeg.ucFskNum, 0);
Drive\com.c(83): warning:  #223-D: function "uart_send" declared implicitly
                        uart_send(uartsend_buf, strlen(uartsend_buf)); //发送给主控
Drive\com.c(83): warning:  #167-D: argument of type "uint8 *" is incompatible with parameter of type "const char *"
                        uart_send(uartsend_buf, strlen(uartsend_buf)); //发送给主控
Drive\com.c(102): warning:  #223-D: function "uart_irq_disable" declared implicitly
                        uart_irq_disable();
Drive\com.c(105): warning:  #223-D: function "uart_irq_enable" declared implicitly
                        uart_irq_enable();
Drive\com.c(108): warning:  #1-D: last line of file ends without a newline
  }
Drive\com.c: 24 warnings, 0 errors
compiling wdt.c...
Drive\wdt.h(11): warning:  #1-D: last line of file ends without a newline
  #endif
Drive\wdt.c(54): warning:  #223-D: function "uart_send" declared implicitly
                uart_send("wdt irq", 7);
Drive\wdt.c(72): warning:  #1-D: last line of file ends without a newline
  }
Drive\wdt.c: 3 warnings, 0 errors
compiling dtmf.c...
Drive\dtmf.h(16): warning:  #1295-D: Deprecated declaration dtmf_rx_buf_init - give arg types
  extern void dtmf_rx_buf_init();
Drive\dtmf.h(17): warning:  #1295-D: Deprecated declaration recv_dtmf - give arg types
  extern void recv_dtmf();
Drive\dtmf.h(18): warning:  #1295-D: Deprecated declaration dtmf_data_handler - give arg types
  extern void dtmf_data_handler();
Drive\dtmf.h(19): warning:  #1-D: last line of file ends without a newline
  #endif
Drive\dtmf.c(18): warning:  #223-D: function "set_dtmf_qn_dir" declared implicitly
                set_dtmf_qn_dir();  //设置成输入 ，接收dtmf码
Drive\dtmf.c(24): warning:  #223-D: function "clr_dtmf_qn_dir" declared implicitly
                clr_dtmf_qn_dir(); //设置成输出，不接收dtmf码
Drive\dtmf.c(44): warning:  #1-D: last line of file ends without a newline
  }
Drive\dtmf.c: 7 warnings, 0 errors
compiling pstn.c...
Drive\pstn.h(32): warning:  #1295-D: Deprecated declaration clear_pstn_event - give arg types
  extern void clear_pstn_event();
Drive\pstn.h(33): warning:  #1295-D: Deprecated declaration pstn_init - give arg types
  extern void pstn_init();
Drive\pstn.h(35): warning:  #1295-D: Deprecated declaration get_pstn_state - give arg types
  extern PSTN_MAIN_STATE get_pstn_state();
Drive\pstn.h(36): warning:  #1295-D: Deprecated declaration check_pstn_hook - give arg types
  extern void check_pstn_hook();
Drive\pstn.h(37): warning:  #1-D: last line of file ends without a newline
  #endif
Drive\pstn.c: 5 warnings, 0 errors
linking...
Program Size: Code=5436 RO-data=496 RW-data=8 ZI-data=1072  
FromELF: creating hex file...
".\lpc_project.axf" - 0 Error(s), 81 Warning(s).
Load "F:\\ip话机项目\\myproject\\lpc_gpio_uart\\lpc_project.axf" 
* JLink Info: Device "UNSPECIFIED" selected (0 KB flash, 0 KB RAM).
Set JLink Project File to "F:\ip话机项目\myproject\lpc_gpio_uart\JLinkSettings.ini"
* JLink Info: Device "UNSPECIFIED" selected (0 KB flash, 0 KB RAM).
 
JLink info:
------------
DLL: V4.80g, compiled Feb 13 2014 20:50:02
Firmware: J-Link ARM V8 compiled Nov 25 2013 19:20:08
Hardware: V8.00
S/N : 99999994 
Feature(s) : RDI,FlashDL,FlashBP,JFlash,GDBFULL 
 
* JLink Info: Found SWD-DP with ID 0x0BB11477
* JLink Info: Found Cortex-M0 r0p0, Little endian.
* JLink Info: FPUnit: 4 code (BP) slots and 0 literal slots
ROMTableAddr = 0xE00FF003
 
Target info:
------------
Device: LPC1114FBD48/302
VTarget = 4.891V
State of Pins: 
TCK: 0, TDI: 0, TDO: 1, TMS: 1, TRES: 1, TRST: 1
Hardware-Breakpoints: 4
Software-Breakpoints: 8192
Watchpoints:          2
JTAG speed: 200 kHz
 
Erase Done.
Programming Done.
Verify OK.
Application running ...
Load "F:\\ip话机项目\\myproject\\lpc_gpio_uart\\lpc_project.axf" 
* JLink Info: Device "UNSPECIFIED" selected (0 KB flash, 0 KB RAM).
Set JLink Project File to "F:\ip话机项目\myproject\lpc_gpio_uart\JLinkSettings.ini"
* JLink Info: Device "UNSPECIFIED" selected (0 KB flash, 0 KB RAM).
 
JLink info:
------------
DLL: V4.80g, compiled Feb 13 2014 20:50:02
Firmware: J-Link ARM V8 compiled Nov 25 2013 19:20:08
Hardware: V8.00
S/N : 99999994 
Feature(s) : RDI,FlashDL,FlashBP,JFlash,GDBFULL 
 
* JLink Info: Found SWD-DP with ID 0x0BB11477
* JLink Info: Found Cortex-M0 r0p0, Little endian.
* JLink Info: FPUnit: 4 code (BP) slots and 0 literal slots
ROMTableAddr = 0xE00FF003
 
Target info:
------------
Device: LPC1114FBD48/302
VTarget = 3.397V
State of Pins: 
TCK: 0, TDI: 0, TDO: 0, TMS: 1, TRES: 1, TRST: 1
Hardware-Breakpoints: 4
Software-Breakpoints: 8192
Watchpoints:          2
JTAG speed: 200 kHz
 
Erase Done.
Programming Done.
Verify OK.
Application running ...
----------
Device: LPC1114FBD48/302
VTarget = 3.364V
State of Pins: 
TCK: 0, TDI: 0, TDO: 0, TMS: 1, TRES: 1, TRST: 1
Hardware-Breakpoints: 4
Software-Breakpoints: 8192
Watchpoints:          2
JTAG speed: 200 kHz
 
Erase Done.
Programming Done.
Verify OK.
Application running ...
