Product: MDK-ARM Standard 5.10
Component: ARM Compiler 5.04 update 1 (build 49)
Tool: armlink [5040049]

==============================================================================

Section Cross References

    startup_lpc11xx.o(STACK) refers (Special) to heapauxi.o(.text) for __use_two_region_memory
    startup_lpc11xx.o(HEAP) refers (Special) to heapauxi.o(.text) for __use_two_region_memory
    startup_lpc11xx.o(RESET) refers (Special) to heapauxi.o(.text) for __use_two_region_memory
    startup_lpc11xx.o(RESET) refers to startup_lpc11xx.o(STACK) for __initial_sp
    startup_lpc11xx.o(RESET) refers to startup_lpc11xx.o(.text) for Reset_Handler
    startup_lpc11xx.o(RESET) refers to ct.o(.text) for TIMER16_1_IRQHandler
    startup_lpc11xx.o(RESET) refers to uart.o(.text) for UART_IRQHandler
    startup_lpc11xx.o(RESET) refers to wdt.o(.text) for WDT_IRQHandler
    startup_lpc11xx.o(RESET) refers to gpio.o(.text) for PIOINT0_IRQHandler
    startup_lpc11xx.o(.ARM.__at_0x02FC) refers (Special) to heapauxi.o(.text) for __use_two_region_memory
    startup_lpc11xx.o(.text) refers (Special) to heapauxi.o(.text) for __use_two_region_memory
    startup_lpc11xx.o(.text) refers to system_lpc11xx.o(.text) for system_init
    startup_lpc11xx.o(.text) refers to __main.o(!!!main) for __main
    startup_lpc11xx.o(.text) refers to startup_lpc11xx.o(HEAP) for Heap_Mem
    startup_lpc11xx.o(.text) refers to startup_lpc11xx.o(STACK) for Stack_Mem
    system_lpc11xx.o(.text) refers to aeabi_sdivfast.o(.text) for __aeabi_uidivmod
    system_lpc11xx.o(.text) refers to system_lpc11xx.o(.data) for .data
    main.o(.text) refers to system_lpc11xx.o(.text) for system_init
    main.o(.text) refers to gpio.o(.text) for gpio_init
    main.o(.text) refers to fsk.o(.text) for fsk_init
    main.o(.text) refers to dtmf.o(.text) for dtmf_rx_buf_init
    main.o(.text) refers to ct.o(.text) for time16b1_int_init
    main.o(.text) refers to uart.o(.text) for uart_init
    main.o(.text) refers to wdt.o(.text) for WDT_Enable
    main.o(.text) refers to pstn.o(.text) for check_pstn_hook
    main.o(.text) refers to com.o(.text) for message_handler
    ct.o(.text) refers to _printf_percent.o(.ARM.Collect$$_printf_percent$$00000000) for _printf_percent
    ct.o(.text) refers to _printf_d.o(.ARM.Collect$$_printf_percent$$00000009) for _printf_d
    ct.o(.text) refers to _printf_dec.o(.text) for _printf_int_dec
    ct.o(.text) refers to uart.o(.text) for uart_send
    ct.o(.text) refers to pstn.o(.text) for set_pstn_event
    ct.o(.text) refers to rt_memclr.o(.text) for __aeabi_memclr
    ct.o(.text) refers to noretval__2sprintf.o(.text) for __2sprintf
    ct.o(.text) refers to strlen.o(.text) for strlen
    ct.o(.text) refers to main.o(.data) for ring_times
    ct.o(.text) refers to main.o(.data) for ring_num
    ct.o(.text) refers to main.o(.bss) for uartsend_buf
    ct.o(.text) refers to fsk.o(.data) for fsk_ucgetflag
    gpio.o(.text) refers to ct.o(.text) for time16b1_enable
    gpio.o(.text) refers to main.o(.data) for ring_num
    gpio.o(.text) refers to main.o(.data) for ring_times
    uart.o(.text) refers to ct.o(.text) for wait
    uart.o(.text) refers to aeabi_sdivfast.o(.text) for __aeabi_uidivmod
    uart.o(.text) refers to main.o(.data) for recv_num
    uart.o(.text) refers to main.o(.bss) for uartrecv_buf
    fsk.o(.text) refers to rt_memclr.o(.text) for __aeabi_memclr
    fsk.o(.text) refers to uart.o(.text) for uart_send
    fsk.o(.text) refers to fsk.o(.bss) for .bss
    fsk.o(.text) refers to fsk.o(.data) for .data
    com.o(.text) refers to _printf_percent.o(.ARM.Collect$$_printf_percent$$00000000) for _printf_percent
    com.o(.text) refers to _printf_d.o(.ARM.Collect$$_printf_percent$$00000009) for _printf_d
    com.o(.text) refers to _printf_s.o(.ARM.Collect$$_printf_percent$$00000014) for _printf_s
    com.o(.text) refers to _printf_dec.o(.text) for _printf_int_dec
    com.o(.text) refers to _printf_str.o(.text) for _printf_str
    com.o(.text) refers to strstr.o(.text) for strstr
    com.o(.text) refers to atoi.o(.text) for atoi
    com.o(.text) refers to rt_memclr.o(.text) for __aeabi_memclr4
    com.o(.text) refers to strlen.o(.text) for strlen
    com.o(.text) refers to fsk.o(.text) for CheckFSKMessage
    com.o(.text) refers to pstn.o(.text) for clear_pstn_event
    com.o(.text) refers to ct.o(.text) for time16b1_disable
    com.o(.text) refers to noretval__2sprintf.o(.text) for __2sprintf
    com.o(.text) refers to uart.o(.text) for uart_send
    com.o(.text) refers to fsk.o(.data) for fsk_ucgetflag
    com.o(.text) refers to fsk.o(.bss) for stFskMeg
    com.o(.text) refers to main.o(.data) for recv_num
    com.o(.text) refers to main.o(.bss) for uartrecv_buf
    wdt.o(.text) refers to uart.o(.text) for uart_send
    dtmf.o(.text) refers to rt_memclr.o(.text) for __aeabi_memclr
    dtmf.o(.text) refers to gpio.o(.text) for set_dtmf_qn_dir
    dtmf.o(.text) refers to dtmf.o(.bss) for .bss
    pstn.o(.text) refers to pstn.o(.bss) for .bss
    __2sprintf.o(.text) refers to _printf_char_common.o(.text) for _printf_char_common
    __2sprintf.o(.text) refers to _sputc.o(.text) for _sputc
    noretval__2sprintf.o(.text) refers to _printf_char_common.o(.text) for _printf_char_common
    noretval__2sprintf.o(.text) refers to _sputc.o(.text) for _sputc
    __printf.o(.text) refers to _printf_percent.o(.ARM.Collect$$_printf_percent$$00000000) for _printf_percent
    _printf_str.o(.text) refers (Special) to _printf_char.o(.text) for _printf_cs_common
    _printf_dec.o(.text) refers to rtudiv10.o(.text) for __rt_udiv10
    _printf_dec.o(.text) refers to _printf_intcommon.o(.text) for _printf_int_common
    __printf_flags.o(.text) refers to _printf_percent.o(.ARM.Collect$$_printf_percent$$00000000) for _printf_percent
    __printf_flags.o(.text) refers to __printf_flags.o(.constdata) for .constdata
    __printf_ss.o(.text) refers to _printf_percent.o(.ARM.Collect$$_printf_percent$$00000000) for _printf_percent
    __printf_flags_ss.o(.text) refers to _printf_percent.o(.ARM.Collect$$_printf_percent$$00000000) for _printf_percent
    __printf_flags_ss.o(.text) refers to __printf_flags_ss.o(.constdata) for .constdata
    __printf_wp.o(.text) refers to __printf_wp.o(i._is_digit) for _is_digit
    __printf_wp.o(.text) refers to _printf_percent.o(.ARM.Collect$$_printf_percent$$00000000) for _printf_percent
    __printf_flags_wp.o(.text) refers to __printf_wp.o(i._is_digit) for _is_digit
    __printf_flags_wp.o(.text) refers to _printf_percent.o(.ARM.Collect$$_printf_percent$$00000000) for _printf_percent
    __printf_flags_wp.o(.text) refers to __printf_flags_wp.o(.constdata) for .constdata
    __printf_ss_wp.o(.text) refers to __printf_wp.o(i._is_digit) for _is_digit
    __printf_ss_wp.o(.text) refers to _printf_percent.o(.ARM.Collect$$_printf_percent$$00000000) for _printf_percent
    __printf_flags_ss_wp.o(.text) refers to __printf_wp.o(i._is_digit) for _is_digit
    __printf_flags_ss_wp.o(.text) refers to _printf_percent.o(.ARM.Collect$$_printf_percent$$00000000) for _printf_percent
    __printf_flags_ss_wp.o(.text) refers to __printf_flags_ss_wp.o(.constdata) for .constdata
    _printf_s.o(.ARM.Collect$$_printf_percent$$00000014) refers (Weak) to _printf_char.o(.text) for _printf_string
    _printf_d.o(.ARM.Collect$$_printf_percent$$00000009) refers (Weak) to _printf_dec.o(.text) for _printf_int_dec
    _printf_percent.o(.ARM.Collect$$_printf_percent$$00000000) refers (Special) to _printf_percent_end.o(.ARM.Collect$$_printf_percent$$00000017) for _printf_percent_end
    atoi.o(.text) refers to rt_errno_addr_intlibspace.o(.text) for __aeabi_errno_addr
    atoi.o(.text) refers to strtol.o(.text) for strtol
    __main.o(!!!main) refers to rtentry.o(.ARM.Collect$$rtentry$$00000000) for __rt_entry
    rtentry.o(.ARM.Collect$$rtentry$$00000000) refers (Special) to rtentry2.o(.ARM.Collect$$rtentry$$0000000A) for __rt_entry_li
    rtentry.o(.ARM.Collect$$rtentry$$00000000) refers (Special) to rtentry2.o(.ARM.Collect$$rtentry$$0000000D) for __rt_entry_main
    rtentry.o(.ARM.Collect$$rtentry$$00000000) refers (Special) to rtentry2.o(.ARM.Collect$$rtentry$$0000000C) for __rt_entry_postli_1
    rtentry.o(.ARM.Collect$$rtentry$$00000000) refers (Special) to rtentry2.o(.ARM.Collect$$rtentry$$00000009) for __rt_entry_postsh_1
    rtentry.o(.ARM.Collect$$rtentry$$00000000) refers (Special) to rtentry2.o(.ARM.Collect$$rtentry$$00000002) for __rt_entry_presh_1
    rtentry.o(.ARM.Collect$$rtentry$$00000000) refers (Special) to rtentry4.o(.ARM.Collect$$rtentry$$00000004) for __rt_entry_sh
    aeabi_idiv0_sigfpe.o(.text) refers to rt_div0.o(.text) for __rt_div0
    rt_errno_addr.o(.text) refers to rt_errno_addr.o(.bss) for __aeabi_errno_addr_data
    rt_errno_addr_intlibspace.o(.text) refers to libspace.o(.bss) for __libspace_start
    _printf_char_common.o(.text) refers to __printf.o(.text) for __printf
    _printf_char.o(.text) refers (Weak) to _printf_str.o(.text) for _printf_str
    strtol.o(.text) refers to rt_ctype_table.o(.text) for __rt_ctype_table
    strtol.o(.text) refers to _strtoul.o(.text) for _strtoul
    strtol.o(.text) refers to rt_errno_addr_intlibspace.o(.text) for __aeabi_errno_addr
    libspace.o(.text) refers to libspace.o(.bss) for __libspace_start
    rtentry2.o(.ARM.Collect$$rtentry$$00000008) refers to boardinit2.o(.text) for _platform_post_stackheap_init
    rtentry2.o(.ARM.Collect$$rtentry$$0000000A) refers to libinit.o(.ARM.Collect$$libinit$$00000000) for __rt_lib_init
    rtentry2.o(.ARM.Collect$$rtentry$$0000000B) refers to boardinit3.o(.text) for _platform_post_lib_init
    rtentry2.o(.ARM.Collect$$rtentry$$0000000D) refers to main.o(.text) for main
    rtentry2.o(.ARM.Collect$$rtentry$$0000000D) refers to exit.o(.text) for exit
    rtentry2.o(.ARM.exidx) refers to rtentry2.o(.ARM.Collect$$rtentry$$00000001) for .ARM.Collect$$rtentry$$00000001
    rtentry2.o(.ARM.exidx) refers to rtentry2.o(.ARM.Collect$$rtentry$$00000008) for .ARM.Collect$$rtentry$$00000008
    rtentry2.o(.ARM.exidx) refers to rtentry2.o(.ARM.Collect$$rtentry$$0000000A) for .ARM.Collect$$rtentry$$0000000A
    rtentry2.o(.ARM.exidx) refers to rtentry2.o(.ARM.Collect$$rtentry$$0000000B) for .ARM.Collect$$rtentry$$0000000B
    rtentry2.o(.ARM.exidx) refers to rtentry2.o(.ARM.Collect$$rtentry$$0000000D) for .ARM.Collect$$rtentry$$0000000D
    rtentry4.o(.ARM.Collect$$rtentry$$00000004) refers to sys_stackheap_outer.o(.text) for __user_setup_stackheap
    rtentry4.o(.ARM.exidx) refers to rtentry4.o(.ARM.Collect$$rtentry$$00000004) for .ARM.Collect$$rtentry$$00000004
    rt_ctype_table.o(.text) refers to rt_locale_intlibspace.o(.text) for __rt_locale
    rt_ctype_table.o(.text) refers to lc_ctype_c.o(locale$$code) for _get_lc_ctype
    rt_div0.o(.text) refers to defsig_fpe_outer.o(.text) for __rt_SIGFPE
    _strtoul.o(.text) refers to _chval.o(.text) for _chval
    _strtoul.o(.text) refers to rt_errno_addr_intlibspace.o(.text) for __aeabi_errno_addr
    sys_stackheap_outer.o(.text) refers to libspace.o(.text) for __user_perproc_libspace
    sys_stackheap_outer.o(.text) refers to startup_lpc11xx.o(.text) for __user_initial_stackheap
    sys_stackheap_outer.o(__vectab_stack_and_reset_area) refers to tempstk.o(.text) for __temporary_stack_top
    sys_stackheap_outer.o(__vectab_stack_and_reset_area) refers to __main.o(!!!main) for __main
    rt_locale.o(.text) refers to rt_locale.o(.bss) for __rt_locale_data
    rt_locale_intlibspace.o(.text) refers to libspace.o(.bss) for __libspace_start
    lc_ctype_c.o(locale$$data) refers (Special) to libinit2.o(.ARM.Collect$$libinit$$00000010) for __rt_lib_init_lc_ctype_2
    lc_ctype_c.o(locale$$code) refers (Special) to libinit2.o(.ARM.Collect$$libinit$$00000010) for __rt_lib_init_lc_ctype_2
    lc_ctype_c.o(locale$$code) refers to strcmpv6m.o(.text) for strcmp
    lc_ctype_c.o(locale$$code) refers to lc_ctype_c.o(locale$$data) for __lcctype_c_name
    exit.o(.text) refers to rtexit.o(.ARM.Collect$$rtexit$$00000000) for __rt_exit
    defsig_fpe_outer.o(.text) refers to defsig_fpe_inner.o(.text) for __rt_SIGFPE_inner
    defsig_fpe_outer.o(.text) refers to defsig_exit.o(.text) for __sig_exit
    defsig_fpe_formal.o(.text) refers to rt_raise.o(.text) for __rt_raise
    libinit.o(.ARM.Collect$$libinit$$00000000) refers (Special) to libinit2.o(.ARM.Collect$$libinit$$0000002C) for __rt_lib_init_alloca_1
    libinit.o(.ARM.Collect$$libinit$$00000000) refers (Special) to libinit2.o(.ARM.Collect$$libinit$$0000002A) for __rt_lib_init_argv_1
    libinit.o(.ARM.Collect$$libinit$$00000000) refers (Special) to libinit2.o(.ARM.Collect$$libinit$$00000019) for __rt_lib_init_atexit_1
    libinit.o(.ARM.Collect$$libinit$$00000000) refers (Special) to libinit2.o(.ARM.Collect$$libinit$$0000001F) for __rt_lib_init_clock_1
    libinit.o(.ARM.Collect$$libinit$$00000000) refers (Special) to libinit2.o(.ARM.Collect$$libinit$$00000030) for __rt_lib_init_cpp_1
    libinit.o(.ARM.Collect$$libinit$$00000000) refers (Special) to libinit2.o(.ARM.Collect$$libinit$$0000002E) for __rt_lib_init_exceptions_1
    libinit.o(.ARM.Collect$$libinit$$00000000) refers (Special) to libinit2.o(.ARM.Collect$$libinit$$00000001) for __rt_lib_init_fp_1
    libinit.o(.ARM.Collect$$libinit$$00000000) refers (Special) to libinit2.o(.ARM.Collect$$libinit$$0000001D) for __rt_lib_init_fp_trap_1
    libinit.o(.ARM.Collect$$libinit$$00000000) refers (Special) to libinit2.o(.ARM.Collect$$libinit$$00000021) for __rt_lib_init_getenv_1
    libinit.o(.ARM.Collect$$libinit$$00000000) refers (Special) to libinit2.o(.ARM.Collect$$libinit$$00000008) for __rt_lib_init_heap_1
    libinit.o(.ARM.Collect$$libinit$$00000000) refers (Special) to libinit2.o(.ARM.Collect$$libinit$$0000000F) for __rt_lib_init_lc_collate_1
    libinit.o(.ARM.Collect$$libinit$$00000000) refers (Special) to libinit2.o(.ARM.Collect$$libinit$$00000011) for __rt_lib_init_lc_ctype_1
    libinit.o(.ARM.Collect$$libinit$$00000000) refers (Special) to libinit2.o(.ARM.Collect$$libinit$$00000013) for __rt_lib_init_lc_monetary_1
    libinit.o(.ARM.Collect$$libinit$$00000000) refers (Special) to libinit2.o(.ARM.Collect$$libinit$$00000015) for __rt_lib_init_lc_numeric_1
    libinit.o(.ARM.Collect$$libinit$$00000000) refers (Special) to libinit2.o(.ARM.Collect$$libinit$$00000017) for __rt_lib_init_lc_time_1
    libinit.o(.ARM.Collect$$libinit$$00000000) refers (Special) to libinit2.o(.ARM.Collect$$libinit$$0000000C) for __rt_lib_init_rand_1
    libinit.o(.ARM.Collect$$libinit$$00000000) refers (Special) to libinit2.o(.ARM.Collect$$libinit$$00000031) for __rt_lib_init_return
    libinit.o(.ARM.Collect$$libinit$$00000000) refers (Special) to libinit2.o(.ARM.Collect$$libinit$$0000001B) for __rt_lib_init_signal_1
    libinit.o(.ARM.Collect$$libinit$$00000000) refers (Special) to libinit2.o(.ARM.Collect$$libinit$$00000023) for __rt_lib_init_stdio_1
    libinit.o(.ARM.Collect$$libinit$$00000000) refers (Special) to libinit2.o(.ARM.Collect$$libinit$$0000000A) for __rt_lib_init_user_alloc_1
    rtexit.o(.ARM.Collect$$rtexit$$00000000) refers (Special) to rtexit2.o(.ARM.Collect$$rtexit$$00000004) for __rt_exit_exit
    rtexit.o(.ARM.Collect$$rtexit$$00000000) refers (Special) to rtexit2.o(.ARM.Collect$$rtexit$$00000003) for __rt_exit_ls
    rtexit.o(.ARM.Collect$$rtexit$$00000000) refers (Special) to rtexit2.o(.ARM.Collect$$rtexit$$00000002) for __rt_exit_prels_1
    rtexit.o(.ARM.exidx) refers (Special) to rtexit2.o(.ARM.Collect$$rtexit$$00000004) for __rt_exit_exit
    rtexit.o(.ARM.exidx) refers (Special) to rtexit2.o(.ARM.Collect$$rtexit$$00000003) for __rt_exit_ls
    rtexit.o(.ARM.exidx) refers (Special) to rtexit2.o(.ARM.Collect$$rtexit$$00000002) for __rt_exit_prels_1
    rtexit.o(.ARM.exidx) refers to rtexit.o(.ARM.Collect$$rtexit$$00000000) for .ARM.Collect$$rtexit$$00000000
    rt_raise.o(.text) refers to __raise.o(.text) for __raise
    rt_raise.o(.text) refers to sys_exit.o(.text) for _sys_exit
    defsig_exit.o(.text) refers to sys_exit.o(.text) for _sys_exit
    defsig_fpe_inner.o(.text) refers to defsig_general.o(.text) for __default_signal_display
    libinit2.o(.ARM.Collect$$libinit$$0000000D) refers (Weak) to rt_locale_intlibspace.o(.text) for __rt_locale
    libinit2.o(.ARM.Collect$$libinit$$0000000E) refers to libinit2.o(.ARM.Collect$$libinit$$0000000D) for .ARM.Collect$$libinit$$0000000D
    libinit2.o(.ARM.Collect$$libinit$$00000010) refers to libinit2.o(.ARM.Collect$$libinit$$0000000D) for .ARM.Collect$$libinit$$0000000D
    libinit2.o(.ARM.Collect$$libinit$$00000010) refers (Weak) to lc_ctype_c.o(locale$$code) for _get_lc_ctype
    libinit2.o(.ARM.Collect$$libinit$$00000012) refers to libinit2.o(.ARM.Collect$$libinit$$0000000D) for .ARM.Collect$$libinit$$0000000D
    libinit2.o(.ARM.Collect$$libinit$$00000014) refers to libinit2.o(.ARM.Collect$$libinit$$0000000D) for .ARM.Collect$$libinit$$0000000D
    libinit2.o(.ARM.Collect$$libinit$$00000016) refers to libinit2.o(.ARM.Collect$$libinit$$0000000D) for .ARM.Collect$$libinit$$0000000D
    libinit2.o(.ARM.Collect$$libinit$$00000024) refers to argv_veneer.o(.text) for __ARM_argv_veneer
    libinit2.o(.ARM.Collect$$libinit$$00000025) refers to argv_veneer.o(.text) for __ARM_argv_veneer
    sys_exit.o(.text) refers (Special) to use_no_semi.o(.text) for __I$use$semihosting
    sys_exit.o(.text) refers (Special) to indicate_semi.o(.text) for __semihosting_library_function
    rtexit2.o(.ARM.Collect$$rtexit$$00000003) refers to libshutdown.o(.ARM.Collect$$libshutdown$$00000000) for __rt_lib_shutdown
    rtexit2.o(.ARM.Collect$$rtexit$$00000004) refers to sys_exit.o(.text) for _sys_exit
    rtexit2.o(.ARM.exidx) refers to rtexit2.o(.ARM.Collect$$rtexit$$00000001) for .ARM.Collect$$rtexit$$00000001
    rtexit2.o(.ARM.exidx) refers to rtexit2.o(.ARM.Collect$$rtexit$$00000003) for .ARM.Collect$$rtexit$$00000003
    rtexit2.o(.ARM.exidx) refers to rtexit2.o(.ARM.Collect$$rtexit$$00000004) for .ARM.Collect$$rtexit$$00000004
    __raise.o(.text) refers to defsig.o(CL$$defsig) for __default_signal_handler
    defsig_general.o(.text) refers to sys_wrch.o(.text) for _ttywrch
    sys_wrch.o(.text) refers (Special) to use_no_semi.o(.text) for __I$use$semihosting
    sys_wrch.o(.text) refers (Special) to indicate_semi.o(.text) for __semihosting_library_function
    defsig.o(CL$$defsig) refers to defsig_fpe_inner.o(.text) for __rt_SIGFPE_inner
    defsig.o(CL$$defsig) refers to defsig_rtmem_inner.o(.text) for __rt_SIGRTMEM_inner
    _get_argv_nomalloc.o(.text) refers (Special) to hrguard.o(.text) for __heap_region$guard
    _get_argv_nomalloc.o(.text) refers to defsig_rtmem_outer.o(.text) for __rt_SIGRTMEM
    _get_argv_nomalloc.o(.text) refers to sys_command.o(.text) for _sys_command_string
    libshutdown.o(.ARM.Collect$$libshutdown$$00000000) refers (Special) to libshutdown2.o(.ARM.Collect$$libshutdown$$00000006) for __rt_lib_shutdown_fp_trap_1
    libshutdown.o(.ARM.Collect$$libshutdown$$00000000) refers (Special) to libshutdown2.o(.ARM.Collect$$libshutdown$$0000000E) for __rt_lib_shutdown_heap_1
    libshutdown.o(.ARM.Collect$$libshutdown$$00000000) refers (Special) to libshutdown2.o(.ARM.Collect$$libshutdown$$0000000F) for __rt_lib_shutdown_return
    libshutdown.o(.ARM.Collect$$libshutdown$$00000000) refers (Special) to libshutdown2.o(.ARM.Collect$$libshutdown$$00000009) for __rt_lib_shutdown_signal_1
    libshutdown.o(.ARM.Collect$$libshutdown$$00000000) refers (Special) to libshutdown2.o(.ARM.Collect$$libshutdown$$00000003) for __rt_lib_shutdown_stdio_1
    libshutdown.o(.ARM.Collect$$libshutdown$$00000000) refers (Special) to libshutdown2.o(.ARM.Collect$$libshutdown$$0000000B) for __rt_lib_shutdown_user_alloc_1
    sys_command.o(.text) refers (Special) to use_no_semi.o(.text) for __I$use$semihosting
    sys_command.o(.text) refers (Special) to indicate_semi.o(.text) for __semihosting_library_function
    defsig_abrt_inner.o(.text) refers to defsig_general.o(.text) for __default_signal_display
    defsig_rtred_inner.o(.text) refers to defsig_general.o(.text) for __default_signal_display
    defsig_rtmem_inner.o(.text) refers to defsig_general.o(.text) for __default_signal_display
    defsig_rtmem_outer.o(.text) refers to defsig_rtmem_inner.o(.text) for __rt_SIGRTMEM_inner
    defsig_rtmem_outer.o(.text) refers to defsig_exit.o(.text) for __sig_exit
    defsig_rtmem_formal.o(.text) refers to rt_raise.o(.text) for __rt_raise
    defsig_stak_inner.o(.text) refers to defsig_general.o(.text) for __default_signal_display
    defsig_pvfn_inner.o(.text) refers to defsig_general.o(.text) for __default_signal_display
    defsig_cppl_inner.o(.text) refers to defsig_general.o(.text) for __default_signal_display
    defsig_segv_inner.o(.text) refers to defsig_general.o(.text) for __default_signal_display
    defsig_other.o(.text) refers to defsig_general.o(.text) for __default_signal_display


==============================================================================

Removing Unused input sections from the image.

    Removing system_lpc11xx.o(.rev16_text), (4 bytes).
    Removing system_lpc11xx.o(.revsh_text), (4 bytes).
    Removing main.o(.rev16_text), (4 bytes).
    Removing main.o(.revsh_text), (4 bytes).
    Removing ct.o(.rev16_text), (4 bytes).
    Removing ct.o(.revsh_text), (4 bytes).
    Removing gpio.o(.rev16_text), (4 bytes).
    Removing gpio.o(.revsh_text), (4 bytes).
    Removing uart.o(.rev16_text), (4 bytes).
    Removing uart.o(.revsh_text), (4 bytes).
    Removing fsk.o(.rev16_text), (4 bytes).
    Removing fsk.o(.revsh_text), (4 bytes).
    Removing com.o(.rev16_text), (4 bytes).
    Removing com.o(.revsh_text), (4 bytes).
    Removing wdt.o(.rev16_text), (4 bytes).
    Removing wdt.o(.revsh_text), (4 bytes).
    Removing dtmf.o(.rev16_text), (4 bytes).
    Removing dtmf.o(.revsh_text), (4 bytes).
    Removing pstn.o(.rev16_text), (4 bytes).
    Removing pstn.o(.revsh_text), (4 bytes).

20 unused section(s) (total 80 bytes) removed from the image.

==============================================================================

Image Symbol Table

    Local Symbols

    Symbol Name                              Value     Ov Type        Size  Object(Section)

    RESET                                    0x00000000   Section      192  startup_lpc11xx.o(RESET)
    ../clib/angel/boardlib.s                 0x00000000   Number         0  boardinit1.o ABSOLUTE
    ../clib/angel/boardlib.s                 0x00000000   Number         0  boardinit3.o ABSOLUTE
    ../clib/angel/boardlib.s                 0x00000000   Number         0  boardinit2.o ABSOLUTE
    ../clib/angel/boardlib.s                 0x00000000   Number         0  boardshut.o ABSOLUTE
    ../clib/angel/handlers.s                 0x00000000   Number         0  __scatter_zi.o ABSOLUTE
    ../clib/angel/handlers.s                 0x00000000   Number         0  __scatter_copy.o ABSOLUTE
    ../clib/angel/kernel.s                   0x00000000   Number         0  rtentry4.o ABSOLUTE
    ../clib/angel/kernel.s                   0x00000000   Number         0  rtentry.o ABSOLUTE
    ../clib/angel/kernel.s                   0x00000000   Number         0  rtexit2.o ABSOLUTE
    ../clib/angel/kernel.s                   0x00000000   Number         0  rtexit.o ABSOLUTE
    ../clib/angel/kernel.s                   0x00000000   Number         0  rtentry2.o ABSOLUTE
    ../clib/angel/rt.s                       0x00000000   Number         0  rt_errno_addr.o ABSOLUTE
    ../clib/angel/rt.s                       0x00000000   Number         0  rt_locale.o ABSOLUTE
    ../clib/angel/rt.s                       0x00000000   Number         0  rt_locale_intlibspace.o ABSOLUTE
    ../clib/angel/rt.s                       0x00000000   Number         0  rt_ctype_table.o ABSOLUTE
    ../clib/angel/rt.s                       0x00000000   Number         0  rt_errno_addr_intlibspace.o ABSOLUTE
    ../clib/angel/rt.s                       0x00000000   Number         0  rt_div0.o ABSOLUTE
    ../clib/angel/rt.s                       0x00000000   Number         0  aeabi_idiv0_sigfpe.o ABSOLUTE
    ../clib/angel/rt.s                       0x00000000   Number         0  aeabi_idiv0.o ABSOLUTE
    ../clib/angel/rt.s                       0x00000000   Number         0  rt_raise.o ABSOLUTE
    ../clib/angel/scatterp.s                 0x00000000   Number         0  __scatter.o ABSOLUTE
    ../clib/angel/startup.s                  0x00000000   Number         0  __main.o ABSOLUTE
    ../clib/angel/sys.s                      0x00000000   Number         0  indicate_semi.o ABSOLUTE
    ../clib/angel/sys.s                      0x00000000   Number         0  tempstk.o ABSOLUTE
    ../clib/angel/sys.s                      0x00000000   Number         0  use_no_semi.o ABSOLUTE
    ../clib/angel/sys.s                      0x00000000   Number         0  sys_stackheap_outer.o ABSOLUTE
    ../clib/angel/sys.s                      0x00000000   Number         0  libspace.o ABSOLUTE
    ../clib/angel/sysapp.c                   0x00000000   Number         0  sys_wrch.o ABSOLUTE
    ../clib/angel/sysapp.c                   0x00000000   Number         0  sys_command.o ABSOLUTE
    ../clib/angel/sysapp.c                   0x00000000   Number         0  sys_exit.o ABSOLUTE
    ../clib/armsys.c                         0x00000000   Number         0  no_argv.o ABSOLUTE
    ../clib/armsys.c                         0x00000000   Number         0  argv_veneer.o ABSOLUTE
    ../clib/armsys.c                         0x00000000   Number         0  _get_argv_nomalloc.o ABSOLUTE
    ../clib/division.c                       0x00000000   Number         0  rtudiv10.o ABSOLUTE
    ../clib/division.s                       0x00000000   Number         0  aeabi_sdivfast_div0.o ABSOLUTE
    ../clib/division.s                       0x00000000   Number         0  aeabi_sdivfast.o ABSOLUTE
    ../clib/heapalloc.c                      0x00000000   Number         0  hrguard.o ABSOLUTE
    ../clib/heapaux.c                        0x00000000   Number         0  heapauxi.o ABSOLUTE
    ../clib/libinit.s                        0x00000000   Number         0  libshutdown2.o ABSOLUTE
    ../clib/libinit.s                        0x00000000   Number         0  libshutdown.o ABSOLUTE
    ../clib/libinit.s                        0x00000000   Number         0  libinit2.o ABSOLUTE
    ../clib/libinit.s                        0x00000000   Number         0  libinit.o ABSOLUTE
    ../clib/locale.s                         0x00000000   Number         0  lc_ctype_c.o ABSOLUTE
    ../clib/memcpset.c                       0x00000000   Number         0  rt_memclr.o ABSOLUTE
    ../clib/memcpset.s                       0x00000000   Number         0  strcmpv6m.o ABSOLUTE
    ../clib/printf.c                         0x00000000   Number         0  __printf_ss.o ABSOLUTE
    ../clib/printf.c                         0x00000000   Number         0  _printf_char.o ABSOLUTE
    ../clib/printf.c                         0x00000000   Number         0  noretval__2sprintf.o ABSOLUTE
    ../clib/printf.c                         0x00000000   Number         0  __printf_flags_ss_wp.o ABSOLUTE
    ../clib/printf.c                         0x00000000   Number         0  __printf.o ABSOLUTE
    ../clib/printf.c                         0x00000000   Number         0  __printf_ss_wp.o ABSOLUTE
    ../clib/printf.c                         0x00000000   Number         0  _printf_str.o ABSOLUTE
    ../clib/printf.c                         0x00000000   Number         0  __printf_flags.o ABSOLUTE
    ../clib/printf.c                         0x00000000   Number         0  _printf_dec.o ABSOLUTE
    ../clib/printf.c                         0x00000000   Number         0  __2sprintf.o ABSOLUTE
    ../clib/printf.c                         0x00000000   Number         0  __printf_nopercent.o ABSOLUTE
    ../clib/printf.c                         0x00000000   Number         0  __printf_flags_wp.o ABSOLUTE
    ../clib/printf.c                         0x00000000   Number         0  _sputc.o ABSOLUTE
    ../clib/printf.c                         0x00000000   Number         0  __printf_wp.o ABSOLUTE
    ../clib/printf.c                         0x00000000   Number         0  __printf_flags_ss.o ABSOLUTE
    ../clib/printf.c                         0x00000000   Number         0  _printf_char_common.o ABSOLUTE
    ../clib/printf.c                         0x00000000   Number         0  _printf_intcommon.o ABSOLUTE
    ../clib/printf_percent.s                 0x00000000   Number         0  _printf_percent.o ABSOLUTE
    ../clib/printf_percent.s                 0x00000000   Number         0  _printf_s.o ABSOLUTE
    ../clib/printf_percent.s                 0x00000000   Number         0  _printf_d.o ABSOLUTE
    ../clib/printf_percent.s                 0x00000000   Number         0  _printf_percent_end.o ABSOLUTE
    ../clib/scanf.c                          0x00000000   Number         0  _chval.o ABSOLUTE
    ../clib/scanf.c                          0x00000000   Number         0  atoi.o ABSOLUTE
    ../clib/scanf.c                          0x00000000   Number         0  _strtoul.o ABSOLUTE
    ../clib/scanf.c                          0x00000000   Number         0  strtol.o ABSOLUTE
    ../clib/signal.c                         0x00000000   Number         0  defsig_fpe_formal.o ABSOLUTE
    ../clib/signal.c                         0x00000000   Number         0  defsig_exit.o ABSOLUTE
    ../clib/signal.c                         0x00000000   Number         0  defsig_rtred_inner.o ABSOLUTE
    ../clib/signal.c                         0x00000000   Number         0  defsig_segv_inner.o ABSOLUTE
    ../clib/signal.c                         0x00000000   Number         0  defsig_rtmem_inner.o ABSOLUTE
    ../clib/signal.c                         0x00000000   Number         0  defsig_rtmem_formal.o ABSOLUTE
    ../clib/signal.c                         0x00000000   Number         0  defsig_rtmem_outer.o ABSOLUTE
    ../clib/signal.c                         0x00000000   Number         0  defsig_other.o ABSOLUTE
    ../clib/signal.c                         0x00000000   Number         0  __raise.o ABSOLUTE
    ../clib/signal.c                         0x00000000   Number         0  defsig_general.o ABSOLUTE
    ../clib/signal.c                         0x00000000   Number         0  defsig_fpe_outer.o ABSOLUTE
    ../clib/signal.c                         0x00000000   Number         0  defsig_stak_inner.o ABSOLUTE
    ../clib/signal.c                         0x00000000   Number         0  defsig_pvfn_inner.o ABSOLUTE
    ../clib/signal.c                         0x00000000   Number         0  defsig_fpe_inner.o ABSOLUTE
    ../clib/signal.c                         0x00000000   Number         0  defsig_abrt_inner.o ABSOLUTE
    ../clib/signal.c                         0x00000000   Number         0  defsig_cppl_inner.o ABSOLUTE
    ../clib/signal.s                         0x00000000   Number         0  defsig.o ABSOLUTE
    ../clib/stdlib.c                         0x00000000   Number         0  exit.o ABSOLUTE
    ../clib/string.c                         0x00000000   Number         0  strstr.o ABSOLUTE
    ../clib/string.c                         0x00000000   Number         0  strlen.o ABSOLUTE
    ../fplib/cfplib/fpinit.c                 0x00000000   Number         0  fpinit.o ABSOLUTE
    Drive\\com.c                             0x00000000   Number         0  com.o ABSOLUTE
    Drive\\ct.c                              0x00000000   Number         0  ct.o ABSOLUTE
    Drive\\dtmf.c                            0x00000000   Number         0  dtmf.o ABSOLUTE
    Drive\\fsk.c                             0x00000000   Number         0  fsk.o ABSOLUTE
    Drive\\gpio.c                            0x00000000   Number         0  gpio.o ABSOLUTE
    Drive\\pstn.c                            0x00000000   Number         0  pstn.o ABSOLUTE
    Drive\\uart.c                            0x00000000   Number         0  uart.o ABSOLUTE
    Drive\\wdt.c                             0x00000000   Number         0  wdt.o ABSOLUTE
    Drive\com.c                              0x00000000   Number         0  com.o ABSOLUTE
    Drive\ct.c                               0x00000000   Number         0  ct.o ABSOLUTE
    Drive\dtmf.c                             0x00000000   Number         0  dtmf.o ABSOLUTE
    Drive\fsk.c                              0x00000000   Number         0  fsk.o ABSOLUTE
    Drive\gpio.c                             0x00000000   Number         0  gpio.o ABSOLUTE
    Drive\pstn.c                             0x00000000   Number         0  pstn.o ABSOLUTE
    Drive\uart.c                             0x00000000   Number         0  uart.o ABSOLUTE
    Drive\wdt.c                              0x00000000   Number         0  wdt.o ABSOLUTE
    System\\system_LPC11xx.c                 0x00000000   Number         0  system_lpc11xx.o ABSOLUTE
    System\system_LPC11xx.c                  0x00000000   Number         0  system_lpc11xx.o ABSOLUTE
    User\\main.c                             0x00000000   Number         0  main.o ABSOLUTE
    User\main.c                              0x00000000   Number         0  main.o ABSOLUTE
    dc.s                                     0x00000000   Number         0  dc.o ABSOLUTE
    startup_LPC11xx.s                        0x00000000   Number         0  startup_lpc11xx.o ABSOLUTE
    !!!main                                  0x000000c0   Section        8  __main.o(!!!main)
    !!!scatter                               0x000000c8   Section       60  __scatter.o(!!!scatter)
    !!handler_copy                           0x00000104   Section       26  __scatter_copy.o(!!handler_copy)
    !!handler_zi                             0x00000120   Section       28  __scatter_zi.o(!!handler_zi)
    .ARM.Collect$$_printf_percent$$00000000  0x0000013c   Section        2  _printf_percent.o(.ARM.Collect$$_printf_percent$$00000000)
    .ARM.Collect$$_printf_percent$$00000009  0x0000013e   Section       10  _printf_d.o(.ARM.Collect$$_printf_percent$$00000009)
    .ARM.Collect$$_printf_percent$$00000014  0x00000148   Section       10  _printf_s.o(.ARM.Collect$$_printf_percent$$00000014)
    .ARM.Collect$$_printf_percent$$00000017  0x00000152   Section        4  _printf_percent_end.o(.ARM.Collect$$_printf_percent$$00000017)
    .ARM.Collect$$libinit$$00000000          0x00000156   Section        2  libinit.o(.ARM.Collect$$libinit$$00000000)
    .ARM.Collect$$libinit$$00000001          0x00000158   Section        4  libinit2.o(.ARM.Collect$$libinit$$00000001)
    .ARM.Collect$$libinit$$00000008          0x0000015c   Section        0  libinit2.o(.ARM.Collect$$libinit$$00000008)
    .ARM.Collect$$libinit$$0000000A          0x0000015c   Section        0  libinit2.o(.ARM.Collect$$libinit$$0000000A)
    .ARM.Collect$$libinit$$0000000C          0x0000015c   Section        0  libinit2.o(.ARM.Collect$$libinit$$0000000C)
    .ARM.Collect$$libinit$$0000000D          0x0000015c   Section        6  libinit2.o(.ARM.Collect$$libinit$$0000000D)
    .ARM.Collect$$libinit$$0000000F          0x00000162   Section        0  libinit2.o(.ARM.Collect$$libinit$$0000000F)
    .ARM.Collect$$libinit$$00000010          0x00000162   Section       12  libinit2.o(.ARM.Collect$$libinit$$00000010)
    .ARM.Collect$$libinit$$00000011          0x0000016e   Section        0  libinit2.o(.ARM.Collect$$libinit$$00000011)
    .ARM.Collect$$libinit$$00000013          0x0000016e   Section        0  libinit2.o(.ARM.Collect$$libinit$$00000013)
    .ARM.Collect$$libinit$$00000015          0x0000016e   Section        0  libinit2.o(.ARM.Collect$$libinit$$00000015)
    .ARM.Collect$$libinit$$00000017          0x0000016e   Section        0  libinit2.o(.ARM.Collect$$libinit$$00000017)
    .ARM.Collect$$libinit$$00000019          0x0000016e   Section        0  libinit2.o(.ARM.Collect$$libinit$$00000019)
    .ARM.Collect$$libinit$$0000001B          0x0000016e   Section        0  libinit2.o(.ARM.Collect$$libinit$$0000001B)
    .ARM.Collect$$libinit$$0000001D          0x0000016e   Section        0  libinit2.o(.ARM.Collect$$libinit$$0000001D)
    .ARM.Collect$$libinit$$0000001F          0x0000016e   Section        0  libinit2.o(.ARM.Collect$$libinit$$0000001F)
    .ARM.Collect$$libinit$$00000021          0x0000016e   Section        0  libinit2.o(.ARM.Collect$$libinit$$00000021)
    .ARM.Collect$$libinit$$00000023          0x0000016e   Section        0  libinit2.o(.ARM.Collect$$libinit$$00000023)
    .ARM.Collect$$libinit$$0000002A          0x0000016e   Section        0  libinit2.o(.ARM.Collect$$libinit$$0000002A)
    .ARM.Collect$$libinit$$0000002C          0x0000016e   Section        0  libinit2.o(.ARM.Collect$$libinit$$0000002C)
    .ARM.Collect$$libinit$$0000002E          0x0000016e   Section        0  libinit2.o(.ARM.Collect$$libinit$$0000002E)
    .ARM.Collect$$libinit$$00000030          0x0000016e   Section        0  libinit2.o(.ARM.Collect$$libinit$$00000030)
    .ARM.Collect$$libinit$$00000031          0x0000016e   Section        2  libinit2.o(.ARM.Collect$$libinit$$00000031)
    .ARM.Collect$$libshutdown$$00000000      0x00000170   Section        2  libshutdown.o(.ARM.Collect$$libshutdown$$00000000)
    .ARM.Collect$$libshutdown$$00000003      0x00000172   Section        0  libshutdown2.o(.ARM.Collect$$libshutdown$$00000003)
    .ARM.Collect$$libshutdown$$00000006      0x00000172   Section        0  libshutdown2.o(.ARM.Collect$$libshutdown$$00000006)
    .ARM.Collect$$libshutdown$$00000009      0x00000172   Section        0  libshutdown2.o(.ARM.Collect$$libshutdown$$00000009)
    .ARM.Collect$$libshutdown$$0000000B      0x00000172   Section        0  libshutdown2.o(.ARM.Collect$$libshutdown$$0000000B)
    .ARM.Collect$$libshutdown$$0000000E      0x00000172   Section        0  libshutdown2.o(.ARM.Collect$$libshutdown$$0000000E)
    .ARM.Collect$$libshutdown$$0000000F      0x00000172   Section        2  libshutdown2.o(.ARM.Collect$$libshutdown$$0000000F)
    .ARM.Collect$$rtentry$$00000000          0x00000174   Section        0  rtentry.o(.ARM.Collect$$rtentry$$00000000)
    .ARM.Collect$$rtentry$$00000002          0x00000174   Section        0  rtentry2.o(.ARM.Collect$$rtentry$$00000002)
    .ARM.Collect$$rtentry$$00000004          0x00000174   Section        6  rtentry4.o(.ARM.Collect$$rtentry$$00000004)
    .ARM.Collect$$rtentry$$00000009          0x0000017a   Section        0  rtentry2.o(.ARM.Collect$$rtentry$$00000009)
    .ARM.Collect$$rtentry$$0000000A          0x0000017a   Section        4  rtentry2.o(.ARM.Collect$$rtentry$$0000000A)
    .ARM.Collect$$rtentry$$0000000C          0x0000017e   Section        0  rtentry2.o(.ARM.Collect$$rtentry$$0000000C)
    .ARM.Collect$$rtentry$$0000000D          0x0000017e   Section        8  rtentry2.o(.ARM.Collect$$rtentry$$0000000D)
    .ARM.Collect$$rtexit$$00000000           0x00000186   Section        2  rtexit.o(.ARM.Collect$$rtexit$$00000000)
    .ARM.Collect$$rtexit$$00000002           0x00000188   Section        0  rtexit2.o(.ARM.Collect$$rtexit$$00000002)
    .ARM.Collect$$rtexit$$00000003           0x00000188   Section        4  rtexit2.o(.ARM.Collect$$rtexit$$00000003)
    .ARM.Collect$$rtexit$$00000004           0x0000018c   Section        6  rtexit2.o(.ARM.Collect$$rtexit$$00000004)
    .text                                    0x00000194   Section       52  startup_lpc11xx.o(.text)
    .text                                    0x000001c8   Section        0  main.o(.text)
    .text                                    0x0000022c   Section        0  wdt.o(.text)
    .text                                    0x000002ec   Section        0  heapauxi.o(.text)
    .text                                    0x000002f4   Section        8  rt_errno_addr_intlibspace.o(.text)
    .ARM.__at_0x02FC                         0x000002fc   Section        4  startup_lpc11xx.o(.ARM.__at_0x02FC)
    .text                                    0x00000300   Section        0  system_lpc11xx.o(.text)
    .text                                    0x000004c8   Section        0  ct.o(.text)
    .text                                    0x00000670   Section        0  gpio.o(.text)
    .text                                    0x000007dc   Section        0  uart.o(.text)
    .text                                    0x00000920   Section        0  fsk.o(.text)
    .text                                    0x00000b70   Section        0  com.o(.text)
    .text                                    0x00000d14   Section        0  dtmf.o(.text)
    .text                                    0x00000d80   Section        0  pstn.o(.text)
    .text                                    0x00000e3c   Section        0  noretval__2sprintf.o(.text)
    .text                                    0x00000e64   Section        0  __printf.o(.text)
    .text                                    0x00000ed0   Section        0  _printf_str.o(.text)
    .text                                    0x00000f24   Section        0  _printf_dec.o(.text)
    .text                                    0x00000f90   Section        0  atoi.o(.text)
    .text                                    0x00000faa   Section        0  strstr.o(.text)
    .text                                    0x00000fd4   Section        0  strlen.o(.text)
    .text                                    0x00001018   Section        0  rt_memclr.o(.text)
    .text                                    0x00001058   Section      488  aeabi_sdivfast.o(.text)
    .text                                    0x00001240   Section        0  _printf_intcommon.o(.text)
    .text                                    0x000012f0   Section        0  _printf_char_common.o(.text)
    _printf_input_char                       0x000012f1   Thumb Code    10  _printf_char_common.o(.text)
    .text                                    0x00001320   Section        0  _sputc.o(.text)
    .text                                    0x0000132a   Section        0  _printf_char.o(.text)
    .text                                    0x00001358   Section        0  strtol.o(.text)
    .text                                    0x000013c8   Section        0  rtudiv10.o(.text)
    .text                                    0x000013f0   Section        8  libspace.o(.text)
    .text                                    0x000013f8   Section       16  rt_ctype_table.o(.text)
    .text                                    0x00001408   Section        0  _strtoul.o(.text)
    .text                                    0x000014ae   Section       62  sys_stackheap_outer.o(.text)
    .text                                    0x000014ec   Section        8  rt_locale_intlibspace.o(.text)
    .text                                    0x000014f4   Section        0  _chval.o(.text)
    .text                                    0x00001512   Section        0  exit.o(.text)
    .text                                    0x00001520   Section      160  strcmpv6m.o(.text)
    .text                                    0x000015c0   Section        0  sys_exit.o(.text)
    .text                                    0x000015cc   Section        2  use_no_semi.o(.text)
    .text                                    0x000015ce   Section        0  indicate_semi.o(.text)
    locale$$code                             0x000015d0   Section       44  lc_ctype_c.o(locale$$code)
    locale$$data                             0x0000161c   Section      272  lc_ctype_c.o(locale$$data)
    __lcctype_c_name                         0x00001620   Data           2  lc_ctype_c.o(locale$$data)
    __lcctype_c_start                        0x00001628   Data           0  lc_ctype_c.o(locale$$data)
    __lcctype_c_end                          0x0000172c   Data           0  lc_ctype_c.o(locale$$data)
    .data                                    0x10000000   Section        4  system_lpc11xx.o(.data)
    .data                                    0x10000004   Section        1  main.o(.data)
    .data                                    0x10000005   Section        1  main.o(.data)
    .data                                    0x10000006   Section        1  main.o(.data)
    .data                                    0x10000007   Section        1  fsk.o(.data)
    .bss                                     0x10000008   Section      100  main.o(.bss)
    .bss                                     0x1000006c   Section      100  main.o(.bss)
    .bss                                     0x100000d0   Section      144  fsk.o(.bss)
    .bss                                     0x10000160   Section      101  dtmf.o(.bss)
    .bss                                     0x100001c8   Section       12  pstn.o(.bss)
    .bss                                     0x100001d4   Section       96  libspace.o(.bss)
    HEAP                                     0x10000238   Section        0  startup_lpc11xx.o(HEAP)
    STACK                                    0x10000238   Section      512  startup_lpc11xx.o(STACK)
    Heap_Mem                                 0x10000238   Data           0  startup_lpc11xx.o(HEAP)
    Stack_Mem                                0x10000238   Data         512  startup_lpc11xx.o(STACK)
    __initial_sp                             0x10000438   Data           0  startup_lpc11xx.o(STACK)

    Global Symbols

    Symbol Name                              Value     Ov Type        Size  Object(Section)

    BuildAttributes$$THM_ISAv3M$S$PE$A:L22$X:L11$S22$IEEE1$IW$USESV6$~STKCKD$USESV7$~SHL$OTIME$ROPI$EBA8$UX$STANDARDLIB$REQ8$PRES8$EABIv2 0x00000000   Number         0  anon$$obj.o ABSOLUTE
    __ARM_use_no_argv                        0x00000000   Number         0  main.o ABSOLUTE
    __Vectors                                0x00000000   Data           4  startup_lpc11xx.o(RESET)
    __ARM_exceptions_init                     - Undefined Weak Reference
    __alloca_initialize                       - Undefined Weak Reference
    __cpp_initialize__aeabi_                  - Undefined Weak Reference
    __cxa_finalize                            - Undefined Weak Reference
    __sigvec_lookup                           - Undefined Weak Reference
    _atexit_init                              - Undefined Weak Reference
    _call_atexit_fns                          - Undefined Weak Reference
    _clock_init                               - Undefined Weak Reference
    _fp_trap_init                             - Undefined Weak Reference
    _fp_trap_shutdown                         - Undefined Weak Reference
    _get_lc_collate                           - Undefined Weak Reference
    _get_lc_monetary                          - Undefined Weak Reference
    _get_lc_numeric                           - Undefined Weak Reference
    _get_lc_time                              - Undefined Weak Reference
    _getenv_init                              - Undefined Weak Reference
    _handle_redirection                       - Undefined Weak Reference
    _init_alloc                               - Undefined Weak Reference
    _init_user_alloc                          - Undefined Weak Reference
    _initio                                   - Undefined Weak Reference
    _printf_mbtowc                            - Undefined Weak Reference
    _printf_post_padding                      - Undefined Weak Reference
    _printf_pre_padding                       - Undefined Weak Reference
    _printf_truncate_signed                   - Undefined Weak Reference
    _printf_truncate_unsigned                 - Undefined Weak Reference
    _rand_init                                - Undefined Weak Reference
    _signal_finish                            - Undefined Weak Reference
    _signal_init                              - Undefined Weak Reference
    _terminate_alloc                          - Undefined Weak Reference
    _terminate_user_alloc                     - Undefined Weak Reference
    _terminateio                              - Undefined Weak Reference
    __main                                   0x000000c1   Thumb Code     8  __main.o(!!!main)
    __scatterload                            0x000000c9   Thumb Code     0  __scatter.o(!!!scatter)
    __scatterload_rt2                        0x000000c9   Thumb Code    52  __scatter.o(!!!scatter)
    __scatterload_rt2_thumb_only             0x000000c9   Thumb Code     0  __scatter.o(!!!scatter)
    __scatterload_null                       0x000000d9   Thumb Code     0  __scatter.o(!!!scatter)
    __scatterload_copy                       0x00000105   Thumb Code    26  __scatter_copy.o(!!handler_copy)
    __scatterload_zeroinit                   0x00000121   Thumb Code    28  __scatter_zi.o(!!handler_zi)
    _printf_percent                          0x0000013d   Thumb Code     0  _printf_percent.o(.ARM.Collect$$_printf_percent$$00000000)
    _printf_d                                0x0000013f   Thumb Code     0  _printf_d.o(.ARM.Collect$$_printf_percent$$00000009)
    _printf_s                                0x00000149   Thumb Code     0  _printf_s.o(.ARM.Collect$$_printf_percent$$00000014)
    _printf_percent_end                      0x00000153   Thumb Code     0  _printf_percent_end.o(.ARM.Collect$$_printf_percent$$00000017)
    __rt_lib_init                            0x00000157   Thumb Code     0  libinit.o(.ARM.Collect$$libinit$$00000000)
    __rt_lib_init_fp_1                       0x00000159   Thumb Code     0  libinit2.o(.ARM.Collect$$libinit$$00000001)
    __rt_lib_init_heap_1                     0x0000015d   Thumb Code     0  libinit2.o(.ARM.Collect$$libinit$$00000008)
    __rt_lib_init_lc_common                  0x0000015d   Thumb Code     0  libinit2.o(.ARM.Collect$$libinit$$0000000D)
    __rt_lib_init_rand_1                     0x0000015d   Thumb Code     0  libinit2.o(.ARM.Collect$$libinit$$0000000C)
    __rt_lib_init_user_alloc_1               0x0000015d   Thumb Code     0  libinit2.o(.ARM.Collect$$libinit$$0000000A)
    __rt_lib_init_lc_collate_1               0x00000163   Thumb Code     0  libinit2.o(.ARM.Collect$$libinit$$0000000F)
    __rt_lib_init_lc_ctype_2                 0x00000163   Thumb Code     0  libinit2.o(.ARM.Collect$$libinit$$00000010)
    __rt_lib_init_alloca_1                   0x0000016f   Thumb Code     0  libinit2.o(.ARM.Collect$$libinit$$0000002C)
    __rt_lib_init_argv_1                     0x0000016f   Thumb Code     0  libinit2.o(.ARM.Collect$$libinit$$0000002A)
    __rt_lib_init_atexit_1                   0x0000016f   Thumb Code     0  libinit2.o(.ARM.Collect$$libinit$$00000019)
    __rt_lib_init_clock_1                    0x0000016f   Thumb Code     0  libinit2.o(.ARM.Collect$$libinit$$0000001F)
    __rt_lib_init_cpp_1                      0x0000016f   Thumb Code     0  libinit2.o(.ARM.Collect$$libinit$$00000030)
    __rt_lib_init_exceptions_1               0x0000016f   Thumb Code     0  libinit2.o(.ARM.Collect$$libinit$$0000002E)
    __rt_lib_init_fp_trap_1                  0x0000016f   Thumb Code     0  libinit2.o(.ARM.Collect$$libinit$$0000001D)
    __rt_lib_init_getenv_1                   0x0000016f   Thumb Code     0  libinit2.o(.ARM.Collect$$libinit$$00000021)
    __rt_lib_init_lc_ctype_1                 0x0000016f   Thumb Code     0  libinit2.o(.ARM.Collect$$libinit$$00000011)
    __rt_lib_init_lc_monetary_1              0x0000016f   Thumb Code     0  libinit2.o(.ARM.Collect$$libinit$$00000013)
    __rt_lib_init_lc_numeric_1               0x0000016f   Thumb Code     0  libinit2.o(.ARM.Collect$$libinit$$00000015)
    __rt_lib_init_lc_time_1                  0x0000016f   Thumb Code     0  libinit2.o(.ARM.Collect$$libinit$$00000017)
    __rt_lib_init_return                     0x0000016f   Thumb Code     0  libinit2.o(.ARM.Collect$$libinit$$00000031)
    __rt_lib_init_signal_1                   0x0000016f   Thumb Code     0  libinit2.o(.ARM.Collect$$libinit$$0000001B)
    __rt_lib_init_stdio_1                    0x0000016f   Thumb Code     0  libinit2.o(.ARM.Collect$$libinit$$00000023)
    __rt_lib_shutdown                        0x00000171   Thumb Code     0  libshutdown.o(.ARM.Collect$$libshutdown$$00000000)
    __rt_lib_shutdown_fp_trap_1              0x00000173   Thumb Code     0  libshutdown2.o(.ARM.Collect$$libshutdown$$00000006)
    __rt_lib_shutdown_heap_1                 0x00000173   Thumb Code     0  libshutdown2.o(.ARM.Collect$$libshutdown$$0000000E)
    __rt_lib_shutdown_return                 0x00000173   Thumb Code     0  libshutdown2.o(.ARM.Collect$$libshutdown$$0000000F)
    __rt_lib_shutdown_signal_1               0x00000173   Thumb Code     0  libshutdown2.o(.ARM.Collect$$libshutdown$$00000009)
    __rt_lib_shutdown_stdio_1                0x00000173   Thumb Code     0  libshutdown2.o(.ARM.Collect$$libshutdown$$00000003)
    __rt_lib_shutdown_user_alloc_1           0x00000173   Thumb Code     0  libshutdown2.o(.ARM.Collect$$libshutdown$$0000000B)
    __rt_entry                               0x00000175   Thumb Code     0  rtentry.o(.ARM.Collect$$rtentry$$00000000)
    __rt_entry_presh_1                       0x00000175   Thumb Code     0  rtentry2.o(.ARM.Collect$$rtentry$$00000002)
    __rt_entry_sh                            0x00000175   Thumb Code     0  rtentry4.o(.ARM.Collect$$rtentry$$00000004)
    __rt_entry_li                            0x0000017b   Thumb Code     0  rtentry2.o(.ARM.Collect$$rtentry$$0000000A)
    __rt_entry_postsh_1                      0x0000017b   Thumb Code     0  rtentry2.o(.ARM.Collect$$rtentry$$00000009)
    __rt_entry_main                          0x0000017f   Thumb Code     0  rtentry2.o(.ARM.Collect$$rtentry$$0000000D)
    __rt_entry_postli_1                      0x0000017f   Thumb Code     0  rtentry2.o(.ARM.Collect$$rtentry$$0000000C)
    __rt_exit                                0x00000187   Thumb Code     0  rtexit.o(.ARM.Collect$$rtexit$$00000000)
    __rt_exit_ls                             0x00000189   Thumb Code     0  rtexit2.o(.ARM.Collect$$rtexit$$00000003)
    __rt_exit_prels_1                        0x00000189   Thumb Code     0  rtexit2.o(.ARM.Collect$$rtexit$$00000002)
    __rt_exit_exit                           0x0000018d   Thumb Code     0  rtexit2.o(.ARM.Collect$$rtexit$$00000004)
    Reset_Handler                            0x00000195   Thumb Code     8  startup_lpc11xx.o(.text)
    NMI_Handler                              0x0000019d   Thumb Code     2  startup_lpc11xx.o(.text)
    HardFault_Handler                        0x0000019f   Thumb Code     2  startup_lpc11xx.o(.text)
    SVC_Handler                              0x000001a1   Thumb Code     2  startup_lpc11xx.o(.text)
    PendSV_Handler                           0x000001a3   Thumb Code     2  startup_lpc11xx.o(.text)
    SysTick_Handler                          0x000001a5   Thumb Code     2  startup_lpc11xx.o(.text)
    ADC_IRQHandler                           0x000001a7   Thumb Code     0  startup_lpc11xx.o(.text)
    BOD_IRQHandler                           0x000001a7   Thumb Code     0  startup_lpc11xx.o(.text)
    CAN_IRQHandler                           0x000001a7   Thumb Code     0  startup_lpc11xx.o(.text)
    FMC_IRQHandler                           0x000001a7   Thumb Code     0  startup_lpc11xx.o(.text)
    I2C_IRQHandler                           0x000001a7   Thumb Code     0  startup_lpc11xx.o(.text)
    PIOINT1_IRQHandler                       0x000001a7   Thumb Code     0  startup_lpc11xx.o(.text)
    PIOINT2_IRQHandler                       0x000001a7   Thumb Code     0  startup_lpc11xx.o(.text)
    PIOINT3_IRQHandler                       0x000001a7   Thumb Code     0  startup_lpc11xx.o(.text)
    SSP0_IRQHandler                          0x000001a7   Thumb Code     0  startup_lpc11xx.o(.text)
    SSP1_IRQHandler                          0x000001a7   Thumb Code     0  startup_lpc11xx.o(.text)
    TIMER16_0_IRQHandler                     0x000001a7   Thumb Code     0  startup_lpc11xx.o(.text)
    TIMER32_0_IRQHandler                     0x000001a7   Thumb Code     0  startup_lpc11xx.o(.text)
    TIMER32_1_IRQHandler                     0x000001a7   Thumb Code     0  startup_lpc11xx.o(.text)
    USB_FIQHandler                           0x000001a7   Thumb Code     0  startup_lpc11xx.o(.text)
    USB_IRQHandler                           0x000001a7   Thumb Code     0  startup_lpc11xx.o(.text)
    WAKEUP_IRQHandler                        0x000001a7   Thumb Code     0  startup_lpc11xx.o(.text)
    __user_initial_stackheap                 0x000001a9   Thumb Code     0  startup_lpc11xx.o(.text)
    init                                     0x000001c9   Thumb Code    40  main.o(.text)
    main                                     0x000001f1   Thumb Code    60  main.o(.text)
    WDT_CLK_Setup                            0x0000022d   Thumb Code    42  wdt.o(.text)
    WDT_Enable                               0x00000257   Thumb Code    76  wdt.o(.text)
    WDT_IRQHandler                           0x000002a3   Thumb Code    28  wdt.o(.text)
    WDTFeed                                  0x000002bf   Thumb Code    12  wdt.o(.text)
    __use_two_region_memory                  0x000002ed   Thumb Code     2  heapauxi.o(.text)
    __rt_heap_escrow$2region                 0x000002ef   Thumb Code     2  heapauxi.o(.text)
    __rt_heap_expand$2region                 0x000002f1   Thumb Code     2  heapauxi.o(.text)
    __aeabi_errno_addr                       0x000002f5   Thumb Code     8  rt_errno_addr_intlibspace.o(.text)
    __errno$intlibspace                      0x000002f5   Thumb Code     0  rt_errno_addr_intlibspace.o(.text)
    __rt_errno_addr$intlibspace              0x000002f5   Thumb Code     0  rt_errno_addr_intlibspace.o(.text)
    SystemFrequencyUpdate                    0x00000301   Thumb Code   266  system_lpc11xx.o(.text)
    system_init                              0x0000040b   Thumb Code    98  system_lpc11xx.o(.text)
    wait                                     0x000004c9   Thumb Code    14  ct.o(.text)
    time16b0_init                            0x000004d7   Thumb Code    12  ct.o(.text)
    time16b0_int_init                        0x000004e3   Thumb Code    42  ct.o(.text)
    time16b0_int_1200                        0x0000050d   Thumb Code    38  ct.o(.text)
    tim16b0_delay_ms                         0x00000533   Thumb Code    40  ct.o(.text)
    tim16b0_delay_us                         0x0000055b   Thumb Code    34  ct.o(.text)
    time16b1_int_init                        0x0000057d   Thumb Code    42  ct.o(.text)
    time16b1_enable                          0x000005a7   Thumb Code     8  ct.o(.text)
    time16b1_disable                         0x000005af   Thumb Code     8  ct.o(.text)
    TIMER16_1_IRQHandler                     0x000005b7   Thumb Code   114  ct.o(.text)
    gpio_init                                0x00000671   Thumb Code   208  gpio.o(.text)
    set_dtmf_qn_dir                          0x00000741   Thumb Code    36  gpio.o(.text)
    clr_dtmf_qn_dir                          0x00000765   Thumb Code    36  gpio.o(.text)
    PIOINT0_IRQHandler                       0x00000789   Thumb Code    34  gpio.o(.text)
    recv_byte                                0x000007dd   Thumb Code    50  uart.o(.text)
    uart_init                                0x0000080f   Thumb Code   104  uart.o(.text)
    uart_irq_disable                         0x00000877   Thumb Code    14  uart.o(.text)
    uart_irq_enable                          0x00000885   Thumb Code    14  uart.o(.text)
    uart_recive                              0x00000893   Thumb Code    14  uart.o(.text)
    uart_send_byte                           0x000008a1   Thumb Code    12  uart.o(.text)
    uart_send                                0x000008ad   Thumb Code    24  uart.o(.text)
    UART_IRQHandler                          0x000008c5   Thumb Code    54  uart.o(.text)
    fsk_init                                 0x00000921   Thumb Code    12  fsk.o(.text)
    CheckFSKMessage                          0x0000092d   Thumb Code   474  fsk.o(.text)
    deal_message                             0x00000b71   Thumb Code    46  com.o(.text)
    message_integrity                        0x00000b9f   Thumb Code    16  com.o(.text)
    message_parese                           0x00000baf   Thumb Code   244  com.o(.text)
    message_handler                          0x00000ca3   Thumb Code    42  com.o(.text)
    dtmf_rx_buf_init                         0x00000d15   Thumb Code    12  dtmf.o(.text)
    recv_dtmf                                0x00000d21   Thumb Code    82  dtmf.o(.text)
    dtmf_data_handler                        0x00000d73   Thumb Code     2  dtmf.o(.text)
    clear_pstn_event                         0x00000d81   Thumb Code    12  pstn.o(.text)
    pstn_init                                0x00000d8d   Thumb Code    18  pstn.o(.text)
    set_pstn_state                           0x00000d9f   Thumb Code     6  pstn.o(.text)
    get_pstn_state                           0x00000da5   Thumb Code     6  pstn.o(.text)
    get_pstn_event                           0x00000dab   Thumb Code     6  pstn.o(.text)
    set_pstn_event                           0x00000db1   Thumb Code     6  pstn.o(.text)
    check_pstn_hook                          0x00000db7   Thumb Code   126  pstn.o(.text)
    __2sprintf                               0x00000e3d   Thumb Code    36  noretval__2sprintf.o(.text)
    __printf                                 0x00000e65   Thumb Code   108  __printf.o(.text)
    _printf_str                              0x00000ed1   Thumb Code    82  _printf_str.o(.text)
    _printf_int_dec                          0x00000f25   Thumb Code    90  _printf_dec.o(.text)
    atoi                                     0x00000f91   Thumb Code    26  atoi.o(.text)
    strstr                                   0x00000fab   Thumb Code    40  strstr.o(.text)
    strlen                                   0x00000fd5   Thumb Code    62  strlen.o(.text)
    _memset_w                                0x00001019   Thumb Code    26  rt_memclr.o(.text)
    _memset                                  0x00001033   Thumb Code    30  rt_memclr.o(.text)
    __aeabi_memclr                           0x00001051   Thumb Code     4  rt_memclr.o(.text)
    __rt_memclr                              0x00001051   Thumb Code     0  rt_memclr.o(.text)
    __aeabi_memclr4                          0x00001055   Thumb Code     0  rt_memclr.o(.text)
    __aeabi_memclr8                          0x00001055   Thumb Code     0  rt_memclr.o(.text)
    __rt_memclr_w                            0x00001055   Thumb Code     4  rt_memclr.o(.text)
    __aeabi_uidiv                            0x00001059   Thumb Code     0  aeabi_sdivfast.o(.text)
    __aeabi_uidivmod                         0x00001059   Thumb Code    28  aeabi_sdivfast.o(.text)
    __aeabi_idiv                             0x00001075   Thumb Code     0  aeabi_sdivfast.o(.text)
    __aeabi_idivmod                          0x00001075   Thumb Code   460  aeabi_sdivfast.o(.text)
    _printf_int_common                       0x00001241   Thumb Code   176  _printf_intcommon.o(.text)
    _printf_char_common                      0x000012fb   Thumb Code    32  _printf_char_common.o(.text)
    _sputc                                   0x00001321   Thumb Code    10  _sputc.o(.text)
    _printf_cs_common                        0x0000132b   Thumb Code    22  _printf_char.o(.text)
    _printf_char                             0x00001341   Thumb Code    16  _printf_char.o(.text)
    _printf_string                           0x00001351   Thumb Code     8  _printf_char.o(.text)
    strtol                                   0x00001359   Thumb Code   108  strtol.o(.text)
    __rt_udiv10                              0x000013c9   Thumb Code    40  rtudiv10.o(.text)
    __user_libspace                          0x000013f1   Thumb Code     8  libspace.o(.text)
    __user_perproc_libspace                  0x000013f1   Thumb Code     0  libspace.o(.text)
    __user_perthread_libspace                0x000013f1   Thumb Code     0  libspace.o(.text)
    __rt_ctype_table                         0x000013f9   Thumb Code    16  rt_ctype_table.o(.text)
    _strtoul                                 0x00001409   Thumb Code   166  _strtoul.o(.text)
    __user_setup_stackheap                   0x000014af   Thumb Code    62  sys_stackheap_outer.o(.text)
    __rt_locale                              0x000014ed   Thumb Code     8  rt_locale_intlibspace.o(.text)
    _chval                                   0x000014f5   Thumb Code    30  _chval.o(.text)
    exit                                     0x00001513   Thumb Code    12  exit.o(.text)
    strcmp                                   0x00001521   Thumb Code   160  strcmpv6m.o(.text)
    _sys_exit                                0x000015c1   Thumb Code     8  sys_exit.o(.text)
    __I$use$semihosting                      0x000015cd   Thumb Code     0  use_no_semi.o(.text)
    __use_no_semihosting_swi                 0x000015cd   Thumb Code     2  use_no_semi.o(.text)
    __semihosting_library_function           0x000015cf   Thumb Code     0  indicate_semi.o(.text)
    _get_lc_ctype                            0x000015d1   Thumb Code    44  lc_ctype_c.o(locale$$code)
    Region$$Table$$Base                      0x000015fc   Number         0  anon$$obj.o(Region$$Table)
    Region$$Table$$Limit                     0x0000161c   Number         0  anon$$obj.o(Region$$Table)
    __ctype                                  0x00001629   Data           0  lc_ctype_c.o(locale$$data)
    SystemFrequency                          0x10000000   Data           4  system_lpc11xx.o(.data)
    ring_times                               0x10000004   Data           1  main.o(.data)
    ring_num                                 0x10000005   Data           1  main.o(.data)
    recv_num                                 0x10000006   Data           1  main.o(.data)
    fsk_ucgetflag                            0x10000007   Data           1  fsk.o(.data)
    uartrecv_buf                             0x10000008   Data         100  main.o(.bss)
    uartsend_buf                             0x1000006c   Data         100  main.o(.bss)
    stFskMeg                                 0x100000d0   Data         144  fsk.o(.bss)
    dtmf_rx_buf                              0x10000160   Data         101  dtmf.o(.bss)
    st_pstn                                  0x100001c8   Data          12  pstn.o(.bss)
    __libspace_start                         0x100001d4   Data          96  libspace.o(.bss)
    __temporary_stack_top$libspace           0x10000234   Data           0  libspace.o(.bss)



==============================================================================

Memory Map of the image

  Image Entry point : 0x000000c1

  Load Region LR_IROM1 (Base: 0x00000000, Size: 0x00001734, Max: 0x00008000, ABSOLUTE)

    Execution Region ER_IROM1 (Base: 0x00000000, Size: 0x0000172c, Max: 0x00008000, ABSOLUTE)

    Base Addr    Size         Type   Attr      Idx    E Section Name        Object

    0x00000000   0x000000c0   Data   RO            3    RESET               startup_lpc11xx.o
    0x000000c0   0x00000008   Code   RO          423  * !!!main             c_p.l(__main.o)
    0x000000c8   0x0000003c   Code   RO          625    !!!scatter          c_p.l(__scatter.o)
    0x00000104   0x0000001a   Code   RO          627    !!handler_copy      c_p.l(__scatter_copy.o)
    0x0000011e   0x00000002   PAD
    0x00000120   0x0000001c   Code   RO          629    !!handler_zi        c_p.l(__scatter_zi.o)
    0x0000013c   0x00000002   Code   RO          408    .ARM.Collect$$_printf_percent$$00000000  c_p.l(_printf_percent.o)
    0x0000013e   0x0000000a   Code   RO          407    .ARM.Collect$$_printf_percent$$00000009  c_p.l(_printf_d.o)
    0x00000148   0x0000000a   Code   RO          406    .ARM.Collect$$_printf_percent$$00000014  c_p.l(_printf_s.o)
    0x00000152   0x00000004   Code   RO          443    .ARM.Collect$$_printf_percent$$00000017  c_p.l(_printf_percent_end.o)
    0x00000156   0x00000002   Code   RO          498    .ARM.Collect$$libinit$$00000000  c_p.l(libinit.o)
    0x00000158   0x00000004   Code   RO          510    .ARM.Collect$$libinit$$00000001  c_p.l(libinit2.o)
    0x0000015c   0x00000000   Code   RO          514    .ARM.Collect$$libinit$$00000008  c_p.l(libinit2.o)
    0x0000015c   0x00000000   Code   RO          516    .ARM.Collect$$libinit$$0000000A  c_p.l(libinit2.o)
    0x0000015c   0x00000000   Code   RO          518    .ARM.Collect$$libinit$$0000000C  c_p.l(libinit2.o)
    0x0000015c   0x00000006   Code   RO          519    .ARM.Collect$$libinit$$0000000D  c_p.l(libinit2.o)
    0x00000162   0x00000000   Code   RO          521    .ARM.Collect$$libinit$$0000000F  c_p.l(libinit2.o)
    0x00000162   0x0000000c   Code   RO          522    .ARM.Collect$$libinit$$00000010  c_p.l(libinit2.o)
    0x0000016e   0x00000000   Code   RO          523    .ARM.Collect$$libinit$$00000011  c_p.l(libinit2.o)
    0x0000016e   0x00000000   Code   RO          525    .ARM.Collect$$libinit$$00000013  c_p.l(libinit2.o)
    0x0000016e   0x00000000   Code   RO          527    .ARM.Collect$$libinit$$00000015  c_p.l(libinit2.o)
    0x0000016e   0x00000000   Code   RO          529    .ARM.Collect$$libinit$$00000017  c_p.l(libinit2.o)
    0x0000016e   0x00000000   Code   RO          531    .ARM.Collect$$libinit$$00000019  c_p.l(libinit2.o)
    0x0000016e   0x00000000   Code   RO          533    .ARM.Collect$$libinit$$0000001B  c_p.l(libinit2.o)
    0x0000016e   0x00000000   Code   RO          535    .ARM.Collect$$libinit$$0000001D  c_p.l(libinit2.o)
    0x0000016e   0x00000000   Code   RO          537    .ARM.Collect$$libinit$$0000001F  c_p.l(libinit2.o)
    0x0000016e   0x00000000   Code   RO          539    .ARM.Collect$$libinit$$00000021  c_p.l(libinit2.o)
    0x0000016e   0x00000000   Code   RO          541    .ARM.Collect$$libinit$$00000023  c_p.l(libinit2.o)
    0x0000016e   0x00000000   Code   RO          545    .ARM.Collect$$libinit$$0000002A  c_p.l(libinit2.o)
    0x0000016e   0x00000000   Code   RO          547    .ARM.Collect$$libinit$$0000002C  c_p.l(libinit2.o)
    0x0000016e   0x00000000   Code   RO          549    .ARM.Collect$$libinit$$0000002E  c_p.l(libinit2.o)
    0x0000016e   0x00000000   Code   RO          551    .ARM.Collect$$libinit$$00000030  c_p.l(libinit2.o)
    0x0000016e   0x00000002   Code   RO          552    .ARM.Collect$$libinit$$00000031  c_p.l(libinit2.o)
    0x00000170   0x00000002   Code   RO          583    .ARM.Collect$$libshutdown$$00000000  c_p.l(libshutdown.o)
    0x00000172   0x00000000   Code   RO          610    .ARM.Collect$$libshutdown$$00000003  c_p.l(libshutdown2.o)
    0x00000172   0x00000000   Code   RO          613    .ARM.Collect$$libshutdown$$00000006  c_p.l(libshutdown2.o)
    0x00000172   0x00000000   Code   RO          616    .ARM.Collect$$libshutdown$$00000009  c_p.l(libshutdown2.o)
    0x00000172   0x00000000   Code   RO          618    .ARM.Collect$$libshutdown$$0000000B  c_p.l(libshutdown2.o)
    0x00000172   0x00000000   Code   RO          621    .ARM.Collect$$libshutdown$$0000000E  c_p.l(libshutdown2.o)
    0x00000172   0x00000002   Code   RO          622    .ARM.Collect$$libshutdown$$0000000F  c_p.l(libshutdown2.o)
    0x00000174   0x00000000   Code   RO          425    .ARM.Collect$$rtentry$$00000000  c_p.l(rtentry.o)
    0x00000174   0x00000000   Code   RO          452    .ARM.Collect$$rtentry$$00000002  c_p.l(rtentry2.o)
    0x00000174   0x00000006   Code   RO          464    .ARM.Collect$$rtentry$$00000004  c_p.l(rtentry4.o)
    0x0000017a   0x00000000   Code   RO          454    .ARM.Collect$$rtentry$$00000009  c_p.l(rtentry2.o)
    0x0000017a   0x00000004   Code   RO          455    .ARM.Collect$$rtentry$$0000000A  c_p.l(rtentry2.o)
    0x0000017e   0x00000000   Code   RO          457    .ARM.Collect$$rtentry$$0000000C  c_p.l(rtentry2.o)
    0x0000017e   0x00000008   Code   RO          458    .ARM.Collect$$rtentry$$0000000D  c_p.l(rtentry2.o)
    0x00000186   0x00000002   Code   RO          500    .ARM.Collect$$rtexit$$00000000  c_p.l(rtexit.o)
    0x00000188   0x00000000   Code   RO          556    .ARM.Collect$$rtexit$$00000002  c_p.l(rtexit2.o)
    0x00000188   0x00000004   Code   RO          557    .ARM.Collect$$rtexit$$00000003  c_p.l(rtexit2.o)
    0x0000018c   0x00000006   Code   RO          558    .ARM.Collect$$rtexit$$00000004  c_p.l(rtexit2.o)
    0x00000192   0x00000002   PAD
    0x00000194   0x00000034   Code   RO            5    .text               startup_lpc11xx.o
    0x000001c8   0x00000064   Code   RO           57    .text               main.o
    0x0000022c   0x000000c0   Code   RO          298    .text               wdt.o
    0x000002ec   0x00000006   Code   RO          421    .text               c_p.l(heapauxi.o)
    0x000002f2   0x00000002   PAD
    0x000002f4   0x00000008   Code   RO          433    .text               c_p.l(rt_errno_addr_intlibspace.o)
    0x000002fc   0x00000004   Code   RO            4    .ARM.__at_0x02FC    startup_lpc11xx.o
    0x00000300   0x000001c8   Code   RO           15    .text               system_lpc11xx.o
    0x000004c8   0x000001a8   Code   RO          135    .text               ct.o
    0x00000670   0x0000016c   Code   RO          183    .text               gpio.o
    0x000007dc   0x00000144   Code   RO          207    .text               uart.o
    0x00000920   0x00000250   Code   RO          232    .text               fsk.o
    0x00000b70   0x000001a4   Code   RO          264    .text               com.o
    0x00000d14   0x0000006c   Code   RO          322    .text               dtmf.o
    0x00000d80   0x000000bc   Code   RO          349    .text               pstn.o
    0x00000e3c   0x00000028   Code   RO          378    .text               c_p.l(noretval__2sprintf.o)
    0x00000e64   0x0000006c   Code   RO          380    .text               c_p.l(__printf.o)
    0x00000ed0   0x00000052   Code   RO          382    .text               c_p.l(_printf_str.o)
    0x00000f22   0x00000002   PAD
    0x00000f24   0x0000006c   Code   RO          384    .text               c_p.l(_printf_dec.o)
    0x00000f90   0x0000001a   Code   RO          409    .text               c_p.l(atoi.o)
    0x00000faa   0x00000028   Code   RO          411    .text               c_p.l(strstr.o)
    0x00000fd2   0x00000002   PAD
    0x00000fd4   0x00000044   Code   RO          413    .text               c_p.l(strlen.o)
    0x00001018   0x00000040   Code   RO          415    .text               c_p.l(rt_memclr.o)
    0x00001058   0x000001e8   Code   RO          417    .text               c_p.l(aeabi_sdivfast.o)
    0x00001240   0x000000b0   Code   RO          435    .text               c_p.l(_printf_intcommon.o)
    0x000012f0   0x00000030   Code   RO          437    .text               c_p.l(_printf_char_common.o)
    0x00001320   0x0000000a   Code   RO          439    .text               c_p.l(_sputc.o)
    0x0000132a   0x0000002e   Code   RO          441    .text               c_p.l(_printf_char.o)
    0x00001358   0x00000070   Code   RO          444    .text               c_p.l(strtol.o)
    0x000013c8   0x00000028   Code   RO          446    .text               c_p.l(rtudiv10.o)
    0x000013f0   0x00000008   Code   RO          448    .text               c_p.l(libspace.o)
    0x000013f8   0x00000010   Code   RO          466    .text               c_p.l(rt_ctype_table.o)
    0x00001408   0x000000a6   Code   RO          472    .text               c_p.l(_strtoul.o)
    0x000014ae   0x0000003e   Code   RO          474    .text               c_p.l(sys_stackheap_outer.o)
    0x000014ec   0x00000008   Code   RO          480    .text               c_p.l(rt_locale_intlibspace.o)
    0x000014f4   0x0000001e   Code   RO          482    .text               c_p.l(_chval.o)
    0x00001512   0x0000000c   Code   RO          487    .text               c_p.l(exit.o)
    0x0000151e   0x00000002   PAD
    0x00001520   0x000000a0   Code   RO          508    .text               c_p.l(strcmpv6m.o)
    0x000015c0   0x0000000c   Code   RO          553    .text               c_p.l(sys_exit.o)
    0x000015cc   0x00000002   Code   RO          572    .text               c_p.l(use_no_semi.o)
    0x000015ce   0x00000000   Code   RO          574    .text               c_p.l(indicate_semi.o)
    0x000015ce   0x00000002   PAD
    0x000015d0   0x0000002c   Code   RO          485    locale$$code        c_p.l(lc_ctype_c.o)
    0x000015fc   0x00000020   Data   RO          623    Region$$Table       anon$$obj.o
    0x0000161c   0x00000110   Data   RO          484    locale$$data        c_p.l(lc_ctype_c.o)


    Execution Region RW_IRAM1 (Base: 0x10000000, Size: 0x00000438, Max: 0x00002000, ABSOLUTE)

    Base Addr    Size         Type   Attr      Idx    E Section Name        Object

    0x10000000   0x00000004   Data   RW           16    .data               system_lpc11xx.o
    0x10000004   0x00000001   Data   RW           60    .data               main.o
    0x10000005   0x00000001   Data   RW           61    .data               main.o
    0x10000006   0x00000001   Data   RW           62    .data               main.o
    0x10000007   0x00000001   Data   RW          234    .data               fsk.o
    0x10000008   0x00000064   Zero   RW           58    .bss                main.o
    0x1000006c   0x00000064   Zero   RW           59    .bss                main.o
    0x100000d0   0x00000090   Zero   RW          233    .bss                fsk.o
    0x10000160   0x00000065   Zero   RW          323    .bss                dtmf.o
    0x100001c5   0x00000003   PAD
    0x100001c8   0x0000000c   Zero   RW          350    .bss                pstn.o
    0x100001d4   0x00000060   Zero   RW          449    .bss                c_p.l(libspace.o)
    0x10000234   0x00000004   PAD
    0x10000238   0x00000000   Zero   RW            2    HEAP                startup_lpc11xx.o
    0x10000238   0x00000200   Zero   RW            1    STACK               startup_lpc11xx.o


==============================================================================

Image component sizes


      Code (inc. data)   RO Data    RW Data    ZI Data      Debug   Object Name

       420         72          0          0          0       1992   com.o
       424         72          0          0          0      14963   ct.o
       108         12          0          0        101       1627   dtmf.o
       592        106          0          1        144       2641   fsk.o
       364         50          0          0          0       1095   gpio.o
       100          0          0          3        200       2143   main.o
       188          8          0          0         12       2633   pstn.o
        56         26        192          0        512        792   startup_lpc11xx.o
       456        108          0          4          0       5406   system_lpc11xx.o
       324         38          0          0          0       2225   uart.o
       192         34          0          0          0       1164   wdt.o

    ----------------------------------------------------------------------
      3224        526        224          8        972      36681   Object Totals
         0          0         32          0          0          0   (incl. Generated)
         0          0          0          0          3          0   (incl. Padding)

    ----------------------------------------------------------------------

      Code (inc. data)   RO Data    RW Data    ZI Data      Debug   Library Member Name

         8          0          0          0          0         68   __main.o
       108          0          0          0          0         76   __printf.o
        60          8          0          0          0          0   __scatter.o
        26          0          0          0          0          0   __scatter_copy.o
        28          0          0          0          0          0   __scatter_zi.o
        30          0          0          0          0         60   _chval.o
        46          0          0          0          0        100   _printf_char.o
        48          6          0          0          0         88   _printf_char_common.o
        10          0          0          0          0          0   _printf_d.o
       108         18          0          0          0         76   _printf_dec.o
       176          0          0          0          0         84   _printf_intcommon.o
         2          0          0          0          0          0   _printf_percent.o
         4          0          0          0          0          0   _printf_percent_end.o
        10          0          0          0          0          0   _printf_s.o
        82          0          0          0          0         72   _printf_str.o
        10          0          0          0          0         60   _sputc.o
       166          0          0          0          0         84   _strtoul.o
       488          0          0          0          0         92   aeabi_sdivfast.o
        26          0          0          0          0         72   atoi.o
        12          0          0          0          0         64   exit.o
         6          0          0          0          0        136   heapauxi.o
         0          0          0          0          0          0   indicate_semi.o
        44         10        272          0          0         76   lc_ctype_c.o
         2          0          0          0          0          0   libinit.o
        24          0          0          0          0          0   libinit2.o
         2          0          0          0          0          0   libshutdown.o
         2          0          0          0          0          0   libshutdown2.o
         8          4          0          0         96         68   libspace.o
        40          4          0          0          0         84   noretval__2sprintf.o
        16          4          0          0          0         76   rt_ctype_table.o
         8          4          0          0          0         68   rt_errno_addr_intlibspace.o
         8          4          0          0          0         68   rt_locale_intlibspace.o
        64          0          0          0          0        108   rt_memclr.o
         0          0          0          0          0          0   rtentry.o
        12          0          0          0          0          0   rtentry2.o
         6          0          0          0          0          0   rtentry4.o
         2          0          0          0          0          0   rtexit.o
        10          0          0          0          0          0   rtexit2.o
        40          0          0          0          0         60   rtudiv10.o
       160          4          0          0          0         80   strcmpv6m.o
        68          6          0          0          0         72   strlen.o
        40          0          0          0          0         72   strstr.o
       112          4          0          0          0         76   strtol.o
        12          4          0          0          0         60   sys_exit.o
        62          0          0          0          0         80   sys_stackheap_outer.o
         2          0          0          0          0         68   use_no_semi.o

    ----------------------------------------------------------------------
      2212         80        272          0        100       2248   Library Totals
        14          0          0          0          4          0   (incl. Padding)

    ----------------------------------------------------------------------

      Code (inc. data)   RO Data    RW Data    ZI Data      Debug   Library Name

      2198         80        272          0         96       2248   c_p.l

    ----------------------------------------------------------------------
      2212         80        272          0        100       2248   Library Totals

    ----------------------------------------------------------------------

==============================================================================


      Code (inc. data)   RO Data    RW Data    ZI Data      Debug   

      5436        606        496          8       1072      37029   Grand Totals
      5436        606        496          8       1072      37029   ELF Image Totals
      5436        606        496          8          0          0   ROM Totals

==============================================================================

    Total RO  Size (Code + RO Data)                 5932 (   5.79kB)
    Total RW  Size (RW Data + ZI Data)              1080 (   1.05kB)
    Total ROM Size (Code + RO Data + RW Data)       5940 (   5.80kB)

==============================================================================

