Product: MDK-ARM Standard 5.10
Component: ARM Compiler 5.04 update 1 (build 49)
Tool: armlink [5040049]

==============================================================================

Section Cross References

    startup_lpc11xx.o(STACK) refers (Special) to heapauxi.o(.text) for __use_two_region_memory
    startup_lpc11xx.o(HEAP) refers (Special) to heapauxi.o(.text) for __use_two_region_memory
    startup_lpc11xx.o(RESET) refers (Special) to heapauxi.o(.text) for __use_two_region_memory
    startup_lpc11xx.o(RESET) refers to startup_lpc11xx.o(STACK) for __initial_sp
    startup_lpc11xx.o(RESET) refers to startup_lpc11xx.o(.text) for Reset_Handler
    startup_lpc11xx.o(RESET) refers to ct.o(.text) for TIMER16_1_IRQHandler
    startup_lpc11xx.o(RESET) refers to uart.o(.text) for UART_IRQHandler
    startup_lpc11xx.o(RESET) refers to wdt.o(.text) for WDT_IRQHandler
    startup_lpc11xx.o(RESET) refers to gpio.o(.text) for PIOINT1_IRQHandler
    startup_lpc11xx.o(.ARM.__at_0x02FC) refers (Special) to heapauxi.o(.text) for __use_two_region_memory
    startup_lpc11xx.o(.text) refers (Special) to heapauxi.o(.text) for __use_two_region_memory
    startup_lpc11xx.o(.text) refers to system_lpc11xx.o(.text) for system_init
    startup_lpc11xx.o(.text) refers to __main.o(!!!main) for __main
    startup_lpc11xx.o(.text) refers to startup_lpc11xx.o(HEAP) for Heap_Mem
    startup_lpc11xx.o(.text) refers to startup_lpc11xx.o(STACK) for Stack_Mem
    system_lpc11xx.o(.text) refers to system_lpc11xx.o(i.__ARM_common_switch8) for __ARM_common_switch8
    system_lpc11xx.o(.text) refers to aeabi_sdiv.o(.text) for __aeabi_uidivmod
    system_lpc11xx.o(.text) refers to system_lpc11xx.o(.data) for SystemFrequency
    com.o(.text) refers to _printf_percent.o(.ARM.Collect$$_printf_percent$$00000000) for _printf_percent
    com.o(.text) refers to _printf_d.o(.ARM.Collect$$_printf_percent$$00000009) for _printf_d
    com.o(.text) refers to _printf_s.o(.ARM.Collect$$_printf_percent$$00000014) for _printf_s
    com.o(.text) refers to _printf_dec.o(.text) for _printf_int_dec
    com.o(.text) refers to _printf_str.o(.text) for _printf_str
    com.o(.text) refers to strstr.o(.text) for strstr
    com.o(.text) refers to atoi.o(.text) for atoi
    com.o(.text) refers to rt_memclr.o(.text) for __aeabi_memclr4
    com.o(.text) refers to strlen.o(.text) for strlen
    com.o(.text) refers to pstn.o(.text) for clear_pstn_event
    com.o(.text) refers to ct.o(.text) for time16b1_disable
    com.o(.text) refers to gpio.o(.text) for fsk_buf_int
    com.o(.text) refers to fsk.o(.text) for CheckFSKMessage
    com.o(.text) refers to noretval__2sprintf.o(.text) for __2sprintf
    com.o(.text) refers to uart.o(.text) for uart_send
    com.o(.text) refers to fsk.o(.bss) for stFskMeg
    com.o(.text) refers to uart.o(.bss) for uartrecv
    com.o(.text) refers to gpio.o(.bss) for fsk_buf
    ct.o(.text) refers to _printf_percent.o(.ARM.Collect$$_printf_percent$$00000000) for _printf_percent
    ct.o(.text) refers to _printf_d.o(.ARM.Collect$$_printf_percent$$00000009) for _printf_d
    ct.o(.text) refers to _printf_dec.o(.text) for _printf_int_dec
    ct.o(.text) refers to pstn.o(.text) for set_pstn_event
    ct.o(.text) refers to rt_memclr.o(.text) for __aeabi_memclr
    ct.o(.text) refers to noretval__2sprintf.o(.text) for __2sprintf
    ct.o(.text) refers to strlen.o(.text) for strlen
    ct.o(.text) refers to uart.o(.text) for uart_send
    ct.o(.text) refers to gpio.o(.text) for fsk_buf_int
    ct.o(.text) refers to main.o(.data) for ring_times
    ct.o(.text) refers to main.o(.bss) for uartsend_buf
    dtmf.o(.text) refers to _printf_percent.o(.ARM.Collect$$_printf_percent$$00000000) for _printf_percent
    dtmf.o(.text) refers to _printf_d.o(.ARM.Collect$$_printf_percent$$00000009) for _printf_d
    dtmf.o(.text) refers to _printf_s.o(.ARM.Collect$$_printf_percent$$00000014) for _printf_s
    dtmf.o(.text) refers to _printf_dec.o(.text) for _printf_int_dec
    dtmf.o(.text) refers to _printf_str.o(.text) for _printf_str
    dtmf.o(.text) refers to rt_memclr.o(.text) for __aeabi_memclr
    dtmf.o(.text) refers to gpio.o(.text) for set_dtmf_qn_dir
    dtmf.o(.text) refers to uart.o(.text) for uart_send
    dtmf.o(.text) refers to noretval__2sprintf.o(.text) for __2sprintf
    dtmf.o(.text) refers to strlen.o(.text) for strlen
    dtmf.o(.text) refers to dtmf.o(.bss) for dtmf_rx_buf
    dtmf.o(.text) refers to main.o(.data) for dtmf_flag
    fsk.o(.text) refers to rt_memclr.o(.text) for __aeabi_memclr
    fsk.o(.text) refers to fsk.o(.bss) for stFskMeg
    gpio.o(.text) refers to _printf_percent.o(.ARM.Collect$$_printf_percent$$00000000) for _printf_percent
    gpio.o(.text) refers to _printf_d.o(.ARM.Collect$$_printf_percent$$00000009) for _printf_d
    gpio.o(.text) refers to _printf_dec.o(.text) for _printf_int_dec
    gpio.o(.text) refers to ct.o(.text) for time16b1_enable
    gpio.o(.text) refers to rt_memclr.o(.text) for __aeabi_memclr
    gpio.o(.text) refers to noretval__2sprintf.o(.text) for __2sprintf
    gpio.o(.text) refers to strlen.o(.text) for strlen
    gpio.o(.text) refers to uart.o(.text) for uart_send
    gpio.o(.text) refers to main.o(.data) for ring_num
    gpio.o(.text) refers to main.o(.bss) for uartsend_buf
    gpio.o(.text) refers to gpio.o(.bss) for fsk_buf
    pstn.o(.text) refers to _printf_percent.o(.ARM.Collect$$_printf_percent$$00000000) for _printf_percent
    pstn.o(.text) refers to _printf_d.o(.ARM.Collect$$_printf_percent$$00000009) for _printf_d
    pstn.o(.text) refers to _printf_dec.o(.text) for _printf_int_dec
    pstn.o(.text) refers to rt_memclr.o(.text) for __aeabi_memclr
    pstn.o(.text) refers to noretval__2sprintf.o(.text) for __2sprintf
    pstn.o(.text) refers to strlen.o(.text) for strlen
    pstn.o(.text) refers to uart.o(.text) for uart_send
    pstn.o(.text) refers to pstn.o(.bss) for st_pstn
    pstn.o(.text) refers to main.o(.bss) for uartsend_buf
    uart.o(.text) refers to aeabi_sdiv.o(.text) for __aeabi_uidivmod
    uart.o(.text) refers to rt_memclr.o(.text) for __aeabi_memclr4
    uart.o(.text) refers to uart.o(.bss) for uartrecv
    wdt.o(.text) refers to uart.o(.text) for uart_send
    main.o(.text) refers to system_lpc11xx.o(.text) for system_init
    main.o(.text) refers to gpio.o(.text) for gpio_init
    main.o(.text) refers to fsk.o(.text) for fsk_init
    main.o(.text) refers to dtmf.o(.text) for dtmf_rx_buf_init
    main.o(.text) refers to ct.o(.text) for time16b1_int_init
    main.o(.text) refers to uart.o(.text) for uart_init
    main.o(.text) refers to pstn.o(.text) for pstn_init
    main.o(.text) refers to wdt.o(.text) for wdt_enable
    main.o(.text) refers to com.o(.text) for message_handler
    __2sprintf.o(.text) refers to _printf_char_common.o(.text) for _printf_char_common
    __2sprintf.o(.text) refers to _sputc.o(.text) for _sputc
    noretval__2sprintf.o(.text) refers to _printf_char_common.o(.text) for _printf_char_common
    noretval__2sprintf.o(.text) refers to _sputc.o(.text) for _sputc
    __printf.o(.text) refers to _printf_percent.o(.ARM.Collect$$_printf_percent$$00000000) for _printf_percent
    _printf_str.o(.text) refers (Special) to _printf_char.o(.text) for _printf_cs_common
    _printf_dec.o(.text) refers to rtudiv10.o(.text) for __rt_udiv10
    _printf_dec.o(.text) refers to _printf_intcommon.o(.text) for _printf_int_common
    __printf_flags.o(.text) refers to _printf_percent.o(.ARM.Collect$$_printf_percent$$00000000) for _printf_percent
    __printf_flags.o(.text) refers to __printf_flags.o(.constdata) for .constdata
    __printf_ss.o(.text) refers to _printf_percent.o(.ARM.Collect$$_printf_percent$$00000000) for _printf_percent
    __printf_flags_ss.o(.text) refers to _printf_percent.o(.ARM.Collect$$_printf_percent$$00000000) for _printf_percent
    __printf_flags_ss.o(.text) refers to __printf_flags_ss.o(.constdata) for .constdata
    __printf_wp.o(.text) refers to __printf_wp.o(i._is_digit) for _is_digit
    __printf_wp.o(.text) refers to _printf_percent.o(.ARM.Collect$$_printf_percent$$00000000) for _printf_percent
    __printf_flags_wp.o(.text) refers to __printf_wp.o(i._is_digit) for _is_digit
    __printf_flags_wp.o(.text) refers to _printf_percent.o(.ARM.Collect$$_printf_percent$$00000000) for _printf_percent
    __printf_flags_wp.o(.text) refers to __printf_flags_wp.o(.constdata) for .constdata
    __printf_ss_wp.o(.text) refers to __printf_wp.o(i._is_digit) for _is_digit
    __printf_ss_wp.o(.text) refers to _printf_percent.o(.ARM.Collect$$_printf_percent$$00000000) for _printf_percent
    __printf_flags_ss_wp.o(.text) refers to __printf_wp.o(i._is_digit) for _is_digit
    __printf_flags_ss_wp.o(.text) refers to _printf_percent.o(.ARM.Collect$$_printf_percent$$00000000) for _printf_percent
    __printf_flags_ss_wp.o(.text) refers to __printf_flags_ss_wp.o(.constdata) for .constdata
    _printf_s.o(.ARM.Collect$$_printf_percent$$00000014) refers (Weak) to _printf_char.o(.text) for _printf_string
    _printf_d.o(.ARM.Collect$$_printf_percent$$00000009) refers (Weak) to _printf_dec.o(.text) for _printf_int_dec
    _printf_percent.o(.ARM.Collect$$_printf_percent$$00000000) refers (Special) to _printf_percent_end.o(.ARM.Collect$$_printf_percent$$00000017) for _printf_percent_end
    atoi.o(.text) refers to rt_errno_addr_intlibspace.o(.text) for __aeabi_errno_addr
    atoi.o(.text) refers to strtol.o(.text) for strtol
    __main.o(!!!main) refers to rtentry.o(.ARM.Collect$$rtentry$$00000000) for __rt_entry
    rtentry.o(.ARM.Collect$$rtentry$$00000000) refers (Special) to rtentry2.o(.ARM.Collect$$rtentry$$0000000A) for __rt_entry_li
    rtentry.o(.ARM.Collect$$rtentry$$00000000) refers (Special) to rtentry2.o(.ARM.Collect$$rtentry$$0000000D) for __rt_entry_main
    rtentry.o(.ARM.Collect$$rtentry$$00000000) refers (Special) to rtentry2.o(.ARM.Collect$$rtentry$$0000000C) for __rt_entry_postli_1
    rtentry.o(.ARM.Collect$$rtentry$$00000000) refers (Special) to rtentry2.o(.ARM.Collect$$rtentry$$00000009) for __rt_entry_postsh_1
    rtentry.o(.ARM.Collect$$rtentry$$00000000) refers (Special) to rtentry2.o(.ARM.Collect$$rtentry$$00000002) for __rt_entry_presh_1
    rtentry.o(.ARM.Collect$$rtentry$$00000000) refers (Special) to rtentry4.o(.ARM.Collect$$rtentry$$00000004) for __rt_entry_sh
    aeabi_idiv0_sigfpe.o(.text) refers to rt_div0.o(.text) for __rt_div0
    rt_errno_addr.o(.text) refers to rt_errno_addr.o(.bss) for __aeabi_errno_addr_data
    rt_errno_addr_intlibspace.o(.text) refers to libspace.o(.bss) for __libspace_start
    _printf_char_common.o(.text) refers to __printf.o(.text) for __printf
    _printf_char.o(.text) refers (Weak) to _printf_str.o(.text) for _printf_str
    strtol.o(.text) refers to rt_ctype_table.o(.text) for __rt_ctype_table
    strtol.o(.text) refers to _strtoul.o(.text) for _strtoul
    strtol.o(.text) refers to rt_errno_addr_intlibspace.o(.text) for __aeabi_errno_addr
    libspace.o(.text) refers to libspace.o(.bss) for __libspace_start
    rtentry2.o(.ARM.Collect$$rtentry$$00000008) refers to boardinit2.o(.text) for _platform_post_stackheap_init
    rtentry2.o(.ARM.Collect$$rtentry$$0000000A) refers to libinit.o(.ARM.Collect$$libinit$$00000000) for __rt_lib_init
    rtentry2.o(.ARM.Collect$$rtentry$$0000000B) refers to boardinit3.o(.text) for _platform_post_lib_init
    rtentry2.o(.ARM.Collect$$rtentry$$0000000D) refers to main.o(.text) for main
    rtentry2.o(.ARM.Collect$$rtentry$$0000000D) refers to exit.o(.text) for exit
    rtentry2.o(.ARM.exidx) refers to rtentry2.o(.ARM.Collect$$rtentry$$00000001) for .ARM.Collect$$rtentry$$00000001
    rtentry2.o(.ARM.exidx) refers to rtentry2.o(.ARM.Collect$$rtentry$$00000008) for .ARM.Collect$$rtentry$$00000008
    rtentry2.o(.ARM.exidx) refers to rtentry2.o(.ARM.Collect$$rtentry$$0000000A) for .ARM.Collect$$rtentry$$0000000A
    rtentry2.o(.ARM.exidx) refers to rtentry2.o(.ARM.Collect$$rtentry$$0000000B) for .ARM.Collect$$rtentry$$0000000B
    rtentry2.o(.ARM.exidx) refers to rtentry2.o(.ARM.Collect$$rtentry$$0000000D) for .ARM.Collect$$rtentry$$0000000D
    rtentry4.o(.ARM.Collect$$rtentry$$00000004) refers to sys_stackheap_outer.o(.text) for __user_setup_stackheap
    rtentry4.o(.ARM.exidx) refers to rtentry4.o(.ARM.Collect$$rtentry$$00000004) for .ARM.Collect$$rtentry$$00000004
    rt_ctype_table.o(.text) refers to rt_locale_intlibspace.o(.text) for __rt_locale
    rt_ctype_table.o(.text) refers to lc_ctype_c.o(locale$$code) for _get_lc_ctype
    rt_div0.o(.text) refers to defsig_fpe_outer.o(.text) for __rt_SIGFPE
    _strtoul.o(.text) refers to _chval.o(.text) for _chval
    _strtoul.o(.text) refers to rt_errno_addr_intlibspace.o(.text) for __aeabi_errno_addr
    sys_stackheap_outer.o(.text) refers to libspace.o(.text) for __user_perproc_libspace
    sys_stackheap_outer.o(.text) refers to startup_lpc11xx.o(.text) for __user_initial_stackheap
    sys_stackheap_outer.o(__vectab_stack_and_reset_area) refers to tempstk.o(.text) for __temporary_stack_top
    sys_stackheap_outer.o(__vectab_stack_and_reset_area) refers to __main.o(!!!main) for __main
    rt_locale.o(.text) refers to rt_locale.o(.bss) for __rt_locale_data
    rt_locale_intlibspace.o(.text) refers to libspace.o(.bss) for __libspace_start
    lc_ctype_c.o(locale$$data) refers (Special) to libinit2.o(.ARM.Collect$$libinit$$00000010) for __rt_lib_init_lc_ctype_2
    lc_ctype_c.o(locale$$code) refers (Special) to libinit2.o(.ARM.Collect$$libinit$$00000010) for __rt_lib_init_lc_ctype_2
    lc_ctype_c.o(locale$$code) refers to strcmp.o(.text) for strcmp
    lc_ctype_c.o(locale$$code) refers to lc_ctype_c.o(locale$$data) for __lcctype_c_name
    exit.o(.text) refers to rtexit.o(.ARM.Collect$$rtexit$$00000000) for __rt_exit
    defsig_fpe_outer.o(.text) refers to defsig_fpe_inner.o(.text) for __rt_SIGFPE_inner
    defsig_fpe_outer.o(.text) refers to defsig_exit.o(.text) for __sig_exit
    defsig_fpe_formal.o(.text) refers to rt_raise.o(.text) for __rt_raise
    libinit.o(.ARM.Collect$$libinit$$00000000) refers (Special) to libinit2.o(.ARM.Collect$$libinit$$0000002C) for __rt_lib_init_alloca_1
    libinit.o(.ARM.Collect$$libinit$$00000000) refers (Special) to libinit2.o(.ARM.Collect$$libinit$$0000002A) for __rt_lib_init_argv_1
    libinit.o(.ARM.Collect$$libinit$$00000000) refers (Special) to libinit2.o(.ARM.Collect$$libinit$$00000019) for __rt_lib_init_atexit_1
    libinit.o(.ARM.Collect$$libinit$$00000000) refers (Special) to libinit2.o(.ARM.Collect$$libinit$$0000001F) for __rt_lib_init_clock_1
    libinit.o(.ARM.Collect$$libinit$$00000000) refers (Special) to libinit2.o(.ARM.Collect$$libinit$$00000030) for __rt_lib_init_cpp_1
    libinit.o(.ARM.Collect$$libinit$$00000000) refers (Special) to libinit2.o(.ARM.Collect$$libinit$$0000002E) for __rt_lib_init_exceptions_1
    libinit.o(.ARM.Collect$$libinit$$00000000) refers (Special) to libinit2.o(.ARM.Collect$$libinit$$00000001) for __rt_lib_init_fp_1
    libinit.o(.ARM.Collect$$libinit$$00000000) refers (Special) to libinit2.o(.ARM.Collect$$libinit$$0000001D) for __rt_lib_init_fp_trap_1
    libinit.o(.ARM.Collect$$libinit$$00000000) refers (Special) to libinit2.o(.ARM.Collect$$libinit$$00000021) for __rt_lib_init_getenv_1
    libinit.o(.ARM.Collect$$libinit$$00000000) refers (Special) to libinit2.o(.ARM.Collect$$libinit$$00000008) for __rt_lib_init_heap_1
    libinit.o(.ARM.Collect$$libinit$$00000000) refers (Special) to libinit2.o(.ARM.Collect$$libinit$$0000000F) for __rt_lib_init_lc_collate_1
    libinit.o(.ARM.Collect$$libinit$$00000000) refers (Special) to libinit2.o(.ARM.Collect$$libinit$$00000011) for __rt_lib_init_lc_ctype_1
    libinit.o(.ARM.Collect$$libinit$$00000000) refers (Special) to libinit2.o(.ARM.Collect$$libinit$$00000013) for __rt_lib_init_lc_monetary_1
    libinit.o(.ARM.Collect$$libinit$$00000000) refers (Special) to libinit2.o(.ARM.Collect$$libinit$$00000015) for __rt_lib_init_lc_numeric_1
    libinit.o(.ARM.Collect$$libinit$$00000000) refers (Special) to libinit2.o(.ARM.Collect$$libinit$$00000017) for __rt_lib_init_lc_time_1
    libinit.o(.ARM.Collect$$libinit$$00000000) refers (Special) to libinit2.o(.ARM.Collect$$libinit$$0000000C) for __rt_lib_init_rand_1
    libinit.o(.ARM.Collect$$libinit$$00000000) refers (Special) to libinit2.o(.ARM.Collect$$libinit$$00000031) for __rt_lib_init_return
    libinit.o(.ARM.Collect$$libinit$$00000000) refers (Special) to libinit2.o(.ARM.Collect$$libinit$$0000001B) for __rt_lib_init_signal_1
    libinit.o(.ARM.Collect$$libinit$$00000000) refers (Special) to libinit2.o(.ARM.Collect$$libinit$$00000023) for __rt_lib_init_stdio_1
    libinit.o(.ARM.Collect$$libinit$$00000000) refers (Special) to libinit2.o(.ARM.Collect$$libinit$$0000000A) for __rt_lib_init_user_alloc_1
    rtexit.o(.ARM.Collect$$rtexit$$00000000) refers (Special) to rtexit2.o(.ARM.Collect$$rtexit$$00000004) for __rt_exit_exit
    rtexit.o(.ARM.Collect$$rtexit$$00000000) refers (Special) to rtexit2.o(.ARM.Collect$$rtexit$$00000003) for __rt_exit_ls
    rtexit.o(.ARM.Collect$$rtexit$$00000000) refers (Special) to rtexit2.o(.ARM.Collect$$rtexit$$00000002) for __rt_exit_prels_1
    rtexit.o(.ARM.exidx) refers (Special) to rtexit2.o(.ARM.Collect$$rtexit$$00000004) for __rt_exit_exit
    rtexit.o(.ARM.exidx) refers (Special) to rtexit2.o(.ARM.Collect$$rtexit$$00000003) for __rt_exit_ls
    rtexit.o(.ARM.exidx) refers (Special) to rtexit2.o(.ARM.Collect$$rtexit$$00000002) for __rt_exit_prels_1
    rtexit.o(.ARM.exidx) refers to rtexit.o(.ARM.Collect$$rtexit$$00000000) for .ARM.Collect$$rtexit$$00000000
    rt_raise.o(.text) refers to __raise.o(.text) for __raise
    rt_raise.o(.text) refers to sys_exit.o(.text) for _sys_exit
    defsig_exit.o(.text) refers to sys_exit.o(.text) for _sys_exit
    defsig_fpe_inner.o(.text) refers to defsig_general.o(.text) for __default_signal_display
    libinit2.o(.ARM.Collect$$libinit$$0000000D) refers (Weak) to rt_locale_intlibspace.o(.text) for __rt_locale
    libinit2.o(.ARM.Collect$$libinit$$0000000E) refers to libinit2.o(.ARM.Collect$$libinit$$0000000D) for .ARM.Collect$$libinit$$0000000D
    libinit2.o(.ARM.Collect$$libinit$$00000010) refers to libinit2.o(.ARM.Collect$$libinit$$0000000D) for .ARM.Collect$$libinit$$0000000D
    libinit2.o(.ARM.Collect$$libinit$$00000010) refers (Weak) to lc_ctype_c.o(locale$$code) for _get_lc_ctype
    libinit2.o(.ARM.Collect$$libinit$$00000012) refers to libinit2.o(.ARM.Collect$$libinit$$0000000D) for .ARM.Collect$$libinit$$0000000D
    libinit2.o(.ARM.Collect$$libinit$$00000014) refers to libinit2.o(.ARM.Collect$$libinit$$0000000D) for .ARM.Collect$$libinit$$0000000D
    libinit2.o(.ARM.Collect$$libinit$$00000016) refers to libinit2.o(.ARM.Collect$$libinit$$0000000D) for .ARM.Collect$$libinit$$0000000D
    libinit2.o(.ARM.Collect$$libinit$$00000024) refers to argv_veneer.o(.text) for __ARM_argv_veneer
    libinit2.o(.ARM.Collect$$libinit$$00000025) refers to argv_veneer.o(.text) for __ARM_argv_veneer
    sys_exit.o(.text) refers (Special) to use_no_semi.o(.text) for __I$use$semihosting
    sys_exit.o(.text) refers (Special) to indicate_semi.o(.text) for __semihosting_library_function
    rtexit2.o(.ARM.Collect$$rtexit$$00000003) refers to libshutdown.o(.ARM.Collect$$libshutdown$$00000000) for __rt_lib_shutdown
    rtexit2.o(.ARM.Collect$$rtexit$$00000004) refers to sys_exit.o(.text) for _sys_exit
    rtexit2.o(.ARM.exidx) refers to rtexit2.o(.ARM.Collect$$rtexit$$00000001) for .ARM.Collect$$rtexit$$00000001
    rtexit2.o(.ARM.exidx) refers to rtexit2.o(.ARM.Collect$$rtexit$$00000003) for .ARM.Collect$$rtexit$$00000003
    rtexit2.o(.ARM.exidx) refers to rtexit2.o(.ARM.Collect$$rtexit$$00000004) for .ARM.Collect$$rtexit$$00000004
    __raise.o(.text) refers to defsig.o(CL$$defsig) for __default_signal_handler
    defsig_general.o(.text) refers to sys_wrch.o(.text) for _ttywrch
    sys_wrch.o(.text) refers (Special) to use_no_semi.o(.text) for __I$use$semihosting
    sys_wrch.o(.text) refers (Special) to indicate_semi.o(.text) for __semihosting_library_function
    defsig.o(CL$$defsig) refers to defsig_fpe_inner.o(.text) for __rt_SIGFPE_inner
    defsig.o(CL$$defsig) refers to defsig_rtmem_inner.o(.text) for __rt_SIGRTMEM_inner
    _get_argv_nomalloc.o(.text) refers (Special) to hrguard.o(.text) for __heap_region$guard
    _get_argv_nomalloc.o(.text) refers to defsig_rtmem_outer.o(.text) for __rt_SIGRTMEM
    _get_argv_nomalloc.o(.text) refers to sys_command.o(.text) for _sys_command_string
    libshutdown.o(.ARM.Collect$$libshutdown$$00000000) refers (Special) to libshutdown2.o(.ARM.Collect$$libshutdown$$00000006) for __rt_lib_shutdown_fp_trap_1
    libshutdown.o(.ARM.Collect$$libshutdown$$00000000) refers (Special) to libshutdown2.o(.ARM.Collect$$libshutdown$$0000000E) for __rt_lib_shutdown_heap_1
    libshutdown.o(.ARM.Collect$$libshutdown$$00000000) refers (Special) to libshutdown2.o(.ARM.Collect$$libshutdown$$0000000F) for __rt_lib_shutdown_return
    libshutdown.o(.ARM.Collect$$libshutdown$$00000000) refers (Special) to libshutdown2.o(.ARM.Collect$$libshutdown$$00000009) for __rt_lib_shutdown_signal_1
    libshutdown.o(.ARM.Collect$$libshutdown$$00000000) refers (Special) to libshutdown2.o(.ARM.Collect$$libshutdown$$00000003) for __rt_lib_shutdown_stdio_1
    libshutdown.o(.ARM.Collect$$libshutdown$$00000000) refers (Special) to libshutdown2.o(.ARM.Collect$$libshutdown$$0000000B) for __rt_lib_shutdown_user_alloc_1
    sys_command.o(.text) refers (Special) to use_no_semi.o(.text) for __I$use$semihosting
    sys_command.o(.text) refers (Special) to indicate_semi.o(.text) for __semihosting_library_function
    defsig_abrt_inner.o(.text) refers to defsig_general.o(.text) for __default_signal_display
    defsig_rtred_inner.o(.text) refers to defsig_general.o(.text) for __default_signal_display
    defsig_rtmem_inner.o(.text) refers to defsig_general.o(.text) for __default_signal_display
    defsig_rtmem_outer.o(.text) refers to defsig_rtmem_inner.o(.text) for __rt_SIGRTMEM_inner
    defsig_rtmem_outer.o(.text) refers to defsig_exit.o(.text) for __sig_exit
    defsig_rtmem_formal.o(.text) refers to rt_raise.o(.text) for __rt_raise
    defsig_stak_inner.o(.text) refers to defsig_general.o(.text) for __default_signal_display
    defsig_pvfn_inner.o(.text) refers to defsig_general.o(.text) for __default_signal_display
    defsig_cppl_inner.o(.text) refers to defsig_general.o(.text) for __default_signal_display
    defsig_segv_inner.o(.text) refers to defsig_general.o(.text) for __default_signal_display
    defsig_other.o(.text) refers to defsig_general.o(.text) for __default_signal_display


==============================================================================

Removing Unused input sections from the image.

    Removing system_lpc11xx.o(.rev16_text), (4 bytes).
    Removing system_lpc11xx.o(.revsh_text), (4 bytes).
    Removing com.o(.rev16_text), (4 bytes).
    Removing com.o(.revsh_text), (4 bytes).
    Removing ct.o(.rev16_text), (4 bytes).
    Removing ct.o(.revsh_text), (4 bytes).
    Removing dtmf.o(.rev16_text), (4 bytes).
    Removing dtmf.o(.revsh_text), (4 bytes).
    Removing fsk.o(.rev16_text), (4 bytes).
    Removing fsk.o(.revsh_text), (4 bytes).
    Removing fsk.o(.data), (1 bytes).
    Removing gpio.o(.rev16_text), (4 bytes).
    Removing gpio.o(.revsh_text), (4 bytes).
    Removing pstn.o(.rev16_text), (4 bytes).
    Removing pstn.o(.revsh_text), (4 bytes).
    Removing uart.o(.rev16_text), (4 bytes).
    Removing uart.o(.revsh_text), (4 bytes).
    Removing wdt.o(.rev16_text), (4 bytes).
    Removing wdt.o(.revsh_text), (4 bytes).
    Removing main.o(.rev16_text), (4 bytes).
    Removing main.o(.revsh_text), (4 bytes).

21 unused section(s) (total 81 bytes) removed from the image.

==============================================================================

Image Symbol Table

    Local Symbols

    Symbol Name                              Value     Ov Type        Size  Object(Section)

    RESET                                    0x00000000   Section      192  startup_lpc11xx.o(RESET)
    ../clib/angel/boardlib.s                 0x00000000   Number         0  boardinit3.o ABSOLUTE
    ../clib/angel/boardlib.s                 0x00000000   Number         0  boardinit2.o ABSOLUTE
    ../clib/angel/boardlib.s                 0x00000000   Number         0  boardshut.o ABSOLUTE
    ../clib/angel/boardlib.s                 0x00000000   Number         0  boardinit1.o ABSOLUTE
    ../clib/angel/handlers.s                 0x00000000   Number         0  __scatter_zi.o ABSOLUTE
    ../clib/angel/handlers.s                 0x00000000   Number         0  __scatter_copy.o ABSOLUTE
    ../clib/angel/kernel.s                   0x00000000   Number         0  rtexit.o ABSOLUTE
    ../clib/angel/kernel.s                   0x00000000   Number         0  rtexit2.o ABSOLUTE
    ../clib/angel/kernel.s                   0x00000000   Number         0  rtentry2.o ABSOLUTE
    ../clib/angel/kernel.s                   0x00000000   Number         0  rtentry.o ABSOLUTE
    ../clib/angel/kernel.s                   0x00000000   Number         0  rtentry4.o ABSOLUTE
    ../clib/angel/rt.s                       0x00000000   Number         0  rt_errno_addr.o ABSOLUTE
    ../clib/angel/rt.s                       0x00000000   Number         0  aeabi_idiv0_sigfpe.o ABSOLUTE
    ../clib/angel/rt.s                       0x00000000   Number         0  aeabi_idiv0.o ABSOLUTE
    ../clib/angel/rt.s                       0x00000000   Number         0  rt_raise.o ABSOLUTE
    ../clib/angel/rt.s                       0x00000000   Number         0  rt_errno_addr_intlibspace.o ABSOLUTE
    ../clib/angel/rt.s                       0x00000000   Number         0  rt_locale_intlibspace.o ABSOLUTE
    ../clib/angel/rt.s                       0x00000000   Number         0  rt_locale.o ABSOLUTE
    ../clib/angel/rt.s                       0x00000000   Number         0  rt_div0.o ABSOLUTE
    ../clib/angel/rt.s                       0x00000000   Number         0  rt_ctype_table.o ABSOLUTE
    ../clib/angel/scatterp.s                 0x00000000   Number         0  __scatter.o ABSOLUTE
    ../clib/angel/startup.s                  0x00000000   Number         0  __main.o ABSOLUTE
    ../clib/angel/sys.s                      0x00000000   Number         0  indicate_semi.o ABSOLUTE
    ../clib/angel/sys.s                      0x00000000   Number         0  use_no_semi.o ABSOLUTE
    ../clib/angel/sys.s                      0x00000000   Number         0  sys_stackheap_outer.o ABSOLUTE
    ../clib/angel/sys.s                      0x00000000   Number         0  tempstk.o ABSOLUTE
    ../clib/angel/sys.s                      0x00000000   Number         0  libspace.o ABSOLUTE
    ../clib/angel/sysapp.c                   0x00000000   Number         0  sys_command.o ABSOLUTE
    ../clib/angel/sysapp.c                   0x00000000   Number         0  sys_exit.o ABSOLUTE
    ../clib/angel/sysapp.c                   0x00000000   Number         0  sys_wrch.o ABSOLUTE
    ../clib/armsys.c                         0x00000000   Number         0  no_argv.o ABSOLUTE
    ../clib/armsys.c                         0x00000000   Number         0  _get_argv_nomalloc.o ABSOLUTE
    ../clib/armsys.c                         0x00000000   Number         0  argv_veneer.o ABSOLUTE
    ../clib/division.c                       0x00000000   Number         0  rtudiv10.o ABSOLUTE
    ../clib/division.s                       0x00000000   Number         0  aeabi_sdiv.o ABSOLUTE
    ../clib/division.s                       0x00000000   Number         0  aeabi_sdiv_div0.o ABSOLUTE
    ../clib/heapalloc.c                      0x00000000   Number         0  hrguard.o ABSOLUTE
    ../clib/heapaux.c                        0x00000000   Number         0  heapauxi.o ABSOLUTE
    ../clib/libinit.s                        0x00000000   Number         0  libinit2.o ABSOLUTE
    ../clib/libinit.s                        0x00000000   Number         0  libshutdown2.o ABSOLUTE
    ../clib/libinit.s                        0x00000000   Number         0  libshutdown.o ABSOLUTE
    ../clib/libinit.s                        0x00000000   Number         0  libinit.o ABSOLUTE
    ../clib/locale.s                         0x00000000   Number         0  lc_ctype_c.o ABSOLUTE
    ../clib/memcpset.c                       0x00000000   Number         0  rt_memclr.o ABSOLUTE
    ../clib/printf.c                         0x00000000   Number         0  __printf.o ABSOLUTE
    ../clib/printf.c                         0x00000000   Number         0  __printf_flags.o ABSOLUTE
    ../clib/printf.c                         0x00000000   Number         0  _printf_intcommon.o ABSOLUTE
    ../clib/printf.c                         0x00000000   Number         0  __2sprintf.o ABSOLUTE
    ../clib/printf.c                         0x00000000   Number         0  __printf_flags_ss_wp.o ABSOLUTE
    ../clib/printf.c                         0x00000000   Number         0  __printf_ss_wp.o ABSOLUTE
    ../clib/printf.c                         0x00000000   Number         0  _sputc.o ABSOLUTE
    ../clib/printf.c                         0x00000000   Number         0  _printf_str.o ABSOLUTE
    ../clib/printf.c                         0x00000000   Number         0  _printf_char.o ABSOLUTE
    ../clib/printf.c                         0x00000000   Number         0  _printf_char_common.o ABSOLUTE
    ../clib/printf.c                         0x00000000   Number         0  __printf_nopercent.o ABSOLUTE
    ../clib/printf.c                         0x00000000   Number         0  __printf_flags_wp.o ABSOLUTE
    ../clib/printf.c                         0x00000000   Number         0  __printf_wp.o ABSOLUTE
    ../clib/printf.c                         0x00000000   Number         0  _printf_dec.o ABSOLUTE
    ../clib/printf.c                         0x00000000   Number         0  __printf_flags_ss.o ABSOLUTE
    ../clib/printf.c                         0x00000000   Number         0  __printf_ss.o ABSOLUTE
    ../clib/printf.c                         0x00000000   Number         0  noretval__2sprintf.o ABSOLUTE
    ../clib/printf_percent.s                 0x00000000   Number         0  _printf_s.o ABSOLUTE
    ../clib/printf_percent.s                 0x00000000   Number         0  _printf_d.o ABSOLUTE
    ../clib/printf_percent.s                 0x00000000   Number         0  _printf_percent.o ABSOLUTE
    ../clib/printf_percent.s                 0x00000000   Number         0  _printf_percent_end.o ABSOLUTE
    ../clib/scanf.c                          0x00000000   Number         0  atoi.o ABSOLUTE
    ../clib/scanf.c                          0x00000000   Number         0  _strtoul.o ABSOLUTE
    ../clib/scanf.c                          0x00000000   Number         0  _chval.o ABSOLUTE
    ../clib/scanf.c                          0x00000000   Number         0  strtol.o ABSOLUTE
    ../clib/signal.c                         0x00000000   Number         0  defsig_general.o ABSOLUTE
    ../clib/signal.c                         0x00000000   Number         0  __raise.o ABSOLUTE
    ../clib/signal.c                         0x00000000   Number         0  defsig_fpe_inner.o ABSOLUTE
    ../clib/signal.c                         0x00000000   Number         0  defsig_exit.o ABSOLUTE
    ../clib/signal.c                         0x00000000   Number         0  defsig_fpe_formal.o ABSOLUTE
    ../clib/signal.c                         0x00000000   Number         0  defsig_other.o ABSOLUTE
    ../clib/signal.c                         0x00000000   Number         0  defsig_segv_inner.o ABSOLUTE
    ../clib/signal.c                         0x00000000   Number         0  defsig_cppl_inner.o ABSOLUTE
    ../clib/signal.c                         0x00000000   Number         0  defsig_pvfn_inner.o ABSOLUTE
    ../clib/signal.c                         0x00000000   Number         0  defsig_stak_inner.o ABSOLUTE
    ../clib/signal.c                         0x00000000   Number         0  defsig_rtmem_formal.o ABSOLUTE
    ../clib/signal.c                         0x00000000   Number         0  defsig_rtmem_outer.o ABSOLUTE
    ../clib/signal.c                         0x00000000   Number         0  defsig_rtmem_inner.o ABSOLUTE
    ../clib/signal.c                         0x00000000   Number         0  defsig_rtred_inner.o ABSOLUTE
    ../clib/signal.c                         0x00000000   Number         0  defsig_abrt_inner.o ABSOLUTE
    ../clib/signal.c                         0x00000000   Number         0  defsig_fpe_outer.o ABSOLUTE
    ../clib/signal.s                         0x00000000   Number         0  defsig.o ABSOLUTE
    ../clib/stdlib.c                         0x00000000   Number         0  exit.o ABSOLUTE
    ../clib/string.c                         0x00000000   Number         0  strstr.o ABSOLUTE
    ../clib/string.c                         0x00000000   Number         0  strlen.o ABSOLUTE
    ../clib/string.c                         0x00000000   Number         0  strcmp.o ABSOLUTE
    ../fplib/cfplib/fpinit.c                 0x00000000   Number         0  fpinit.o ABSOLUTE
    ..\Drive\com.c                           0x00000000   Number         0  com.o ABSOLUTE
    ..\Drive\ct.c                            0x00000000   Number         0  ct.o ABSOLUTE
    ..\Drive\dtmf.c                          0x00000000   Number         0  dtmf.o ABSOLUTE
    ..\Drive\fsk.c                           0x00000000   Number         0  fsk.o ABSOLUTE
    ..\Drive\gpio.c                          0x00000000   Number         0  gpio.o ABSOLUTE
    ..\Drive\pstn.c                          0x00000000   Number         0  pstn.o ABSOLUTE
    ..\Drive\uart.c                          0x00000000   Number         0  uart.o ABSOLUTE
    ..\Drive\wdt.c                           0x00000000   Number         0  wdt.o ABSOLUTE
    ..\Startup\startup_LPC11xx.s             0x00000000   Number         0  startup_lpc11xx.o ABSOLUTE
    ..\System\system_LPC11xx.c               0x00000000   Number         0  system_lpc11xx.o ABSOLUTE
    ..\User\main.c                           0x00000000   Number         0  main.o ABSOLUTE
    ..\\Drive\\com.c                         0x00000000   Number         0  com.o ABSOLUTE
    ..\\Drive\\ct.c                          0x00000000   Number         0  ct.o ABSOLUTE
    ..\\Drive\\dtmf.c                        0x00000000   Number         0  dtmf.o ABSOLUTE
    ..\\Drive\\fsk.c                         0x00000000   Number         0  fsk.o ABSOLUTE
    ..\\Drive\\gpio.c                        0x00000000   Number         0  gpio.o ABSOLUTE
    ..\\Drive\\pstn.c                        0x00000000   Number         0  pstn.o ABSOLUTE
    ..\\Drive\\uart.c                        0x00000000   Number         0  uart.o ABSOLUTE
    ..\\Drive\\wdt.c                         0x00000000   Number         0  wdt.o ABSOLUTE
    ..\\System\\system_LPC11xx.c             0x00000000   Number         0  system_lpc11xx.o ABSOLUTE
    ..\\User\\main.c                         0x00000000   Number         0  main.o ABSOLUTE
    dc.s                                     0x00000000   Number         0  dc.o ABSOLUTE
    !!!main                                  0x000000c0   Section        8  __main.o(!!!main)
    !!!scatter                               0x000000c8   Section       60  __scatter.o(!!!scatter)
    !!handler_copy                           0x00000104   Section       26  __scatter_copy.o(!!handler_copy)
    !!handler_zi                             0x00000120   Section       28  __scatter_zi.o(!!handler_zi)
    .ARM.Collect$$_printf_percent$$00000000  0x0000013c   Section        2  _printf_percent.o(.ARM.Collect$$_printf_percent$$00000000)
    .ARM.Collect$$_printf_percent$$00000009  0x0000013e   Section       10  _printf_d.o(.ARM.Collect$$_printf_percent$$00000009)
    .ARM.Collect$$_printf_percent$$00000014  0x00000148   Section       10  _printf_s.o(.ARM.Collect$$_printf_percent$$00000014)
    .ARM.Collect$$_printf_percent$$00000017  0x00000152   Section        4  _printf_percent_end.o(.ARM.Collect$$_printf_percent$$00000017)
    .ARM.Collect$$libinit$$00000000          0x00000156   Section        2  libinit.o(.ARM.Collect$$libinit$$00000000)
    .ARM.Collect$$libinit$$00000001          0x00000158   Section        4  libinit2.o(.ARM.Collect$$libinit$$00000001)
    .ARM.Collect$$libinit$$00000008          0x0000015c   Section        0  libinit2.o(.ARM.Collect$$libinit$$00000008)
    .ARM.Collect$$libinit$$0000000A          0x0000015c   Section        0  libinit2.o(.ARM.Collect$$libinit$$0000000A)
    .ARM.Collect$$libinit$$0000000C          0x0000015c   Section        0  libinit2.o(.ARM.Collect$$libinit$$0000000C)
    .ARM.Collect$$libinit$$0000000D          0x0000015c   Section        6  libinit2.o(.ARM.Collect$$libinit$$0000000D)
    .ARM.Collect$$libinit$$0000000F          0x00000162   Section        0  libinit2.o(.ARM.Collect$$libinit$$0000000F)
    .ARM.Collect$$libinit$$00000010          0x00000162   Section       12  libinit2.o(.ARM.Collect$$libinit$$00000010)
    .ARM.Collect$$libinit$$00000011          0x0000016e   Section        0  libinit2.o(.ARM.Collect$$libinit$$00000011)
    .ARM.Collect$$libinit$$00000013          0x0000016e   Section        0  libinit2.o(.ARM.Collect$$libinit$$00000013)
    .ARM.Collect$$libinit$$00000015          0x0000016e   Section        0  libinit2.o(.ARM.Collect$$libinit$$00000015)
    .ARM.Collect$$libinit$$00000017          0x0000016e   Section        0  libinit2.o(.ARM.Collect$$libinit$$00000017)
    .ARM.Collect$$libinit$$00000019          0x0000016e   Section        0  libinit2.o(.ARM.Collect$$libinit$$00000019)
    .ARM.Collect$$libinit$$0000001B          0x0000016e   Section        0  libinit2.o(.ARM.Collect$$libinit$$0000001B)
    .ARM.Collect$$libinit$$0000001D          0x0000016e   Section        0  libinit2.o(.ARM.Collect$$libinit$$0000001D)
    .ARM.Collect$$libinit$$0000001F          0x0000016e   Section        0  libinit2.o(.ARM.Collect$$libinit$$0000001F)
    .ARM.Collect$$libinit$$00000021          0x0000016e   Section        0  libinit2.o(.ARM.Collect$$libinit$$00000021)
    .ARM.Collect$$libinit$$00000023          0x0000016e   Section        0  libinit2.o(.ARM.Collect$$libinit$$00000023)
    .ARM.Collect$$libinit$$0000002A          0x0000016e   Section        0  libinit2.o(.ARM.Collect$$libinit$$0000002A)
    .ARM.Collect$$libinit$$0000002C          0x0000016e   Section        0  libinit2.o(.ARM.Collect$$libinit$$0000002C)
    .ARM.Collect$$libinit$$0000002E          0x0000016e   Section        0  libinit2.o(.ARM.Collect$$libinit$$0000002E)
    .ARM.Collect$$libinit$$00000030          0x0000016e   Section        0  libinit2.o(.ARM.Collect$$libinit$$00000030)
    .ARM.Collect$$libinit$$00000031          0x0000016e   Section        2  libinit2.o(.ARM.Collect$$libinit$$00000031)
    .ARM.Collect$$libshutdown$$00000000      0x00000170   Section        2  libshutdown.o(.ARM.Collect$$libshutdown$$00000000)
    .ARM.Collect$$libshutdown$$00000003      0x00000172   Section        0  libshutdown2.o(.ARM.Collect$$libshutdown$$00000003)
    .ARM.Collect$$libshutdown$$00000006      0x00000172   Section        0  libshutdown2.o(.ARM.Collect$$libshutdown$$00000006)
    .ARM.Collect$$libshutdown$$00000009      0x00000172   Section        0  libshutdown2.o(.ARM.Collect$$libshutdown$$00000009)
    .ARM.Collect$$libshutdown$$0000000B      0x00000172   Section        0  libshutdown2.o(.ARM.Collect$$libshutdown$$0000000B)
    .ARM.Collect$$libshutdown$$0000000E      0x00000172   Section        0  libshutdown2.o(.ARM.Collect$$libshutdown$$0000000E)
    .ARM.Collect$$libshutdown$$0000000F      0x00000172   Section        2  libshutdown2.o(.ARM.Collect$$libshutdown$$0000000F)
    .ARM.Collect$$rtentry$$00000000          0x00000174   Section        0  rtentry.o(.ARM.Collect$$rtentry$$00000000)
    .ARM.Collect$$rtentry$$00000002          0x00000174   Section        0  rtentry2.o(.ARM.Collect$$rtentry$$00000002)
    .ARM.Collect$$rtentry$$00000004          0x00000174   Section        6  rtentry4.o(.ARM.Collect$$rtentry$$00000004)
    .ARM.Collect$$rtentry$$00000009          0x0000017a   Section        0  rtentry2.o(.ARM.Collect$$rtentry$$00000009)
    .ARM.Collect$$rtentry$$0000000A          0x0000017a   Section        4  rtentry2.o(.ARM.Collect$$rtentry$$0000000A)
    .ARM.Collect$$rtentry$$0000000C          0x0000017e   Section        0  rtentry2.o(.ARM.Collect$$rtentry$$0000000C)
    .ARM.Collect$$rtentry$$0000000D          0x0000017e   Section        8  rtentry2.o(.ARM.Collect$$rtentry$$0000000D)
    .ARM.Collect$$rtexit$$00000000           0x00000186   Section        2  rtexit.o(.ARM.Collect$$rtexit$$00000000)
    .ARM.Collect$$rtexit$$00000002           0x00000188   Section        0  rtexit2.o(.ARM.Collect$$rtexit$$00000002)
    .ARM.Collect$$rtexit$$00000003           0x00000188   Section        4  rtexit2.o(.ARM.Collect$$rtexit$$00000003)
    .ARM.Collect$$rtexit$$00000004           0x0000018c   Section        6  rtexit2.o(.ARM.Collect$$rtexit$$00000004)
    .text                                    0x00000194   Section       52  startup_lpc11xx.o(.text)
    .text                                    0x000001c8   Section        0  wdt.o(.text)
    .text                                    0x00000284   Section        0  main.o(.text)
    .ARM.__at_0x02FC                         0x000002fc   Section        4  startup_lpc11xx.o(.ARM.__at_0x02FC)
    .text                                    0x00000300   Section        0  system_lpc11xx.o(.text)
    .text                                    0x00000594   Section        0  com.o(.text)
    .text                                    0x00000760   Section        0  ct.o(.text)
    .text                                    0x00000a00   Section        0  dtmf.o(.text)
    .text                                    0x00000b50   Section        0  fsk.o(.text)
    .text                                    0x00000d64   Section        0  gpio.o(.text)
    NVIC_EnableIRQ                           0x000011d3   Thumb Code    14  gpio.o(.text)
    .text                                    0x000011ec   Section        0  pstn.o(.text)
    .text                                    0x0000137c   Section        0  uart.o(.text)
    .text                                    0x00001504   Section        0  noretval__2sprintf.o(.text)
    .text                                    0x0000152c   Section        0  __printf.o(.text)
    .text                                    0x00001598   Section        0  _printf_str.o(.text)
    .text                                    0x000015ec   Section        0  _printf_dec.o(.text)
    .text                                    0x00001658   Section        0  atoi.o(.text)
    .text                                    0x00001672   Section        0  strstr.o(.text)
    .text                                    0x0000169c   Section        0  strlen.o(.text)
    .text                                    0x000016e0   Section        0  rt_memclr.o(.text)
    .text                                    0x00001720   Section      346  aeabi_sdiv.o(.text)
    .text                                    0x0000187a   Section        0  heapauxi.o(.text)
    .text                                    0x00001880   Section        8  rt_errno_addr_intlibspace.o(.text)
    .text                                    0x00001888   Section        0  _printf_intcommon.o(.text)
    .text                                    0x00001938   Section        0  _printf_char_common.o(.text)
    _printf_input_char                       0x00001939   Thumb Code    10  _printf_char_common.o(.text)
    .text                                    0x00001968   Section        0  _sputc.o(.text)
    .text                                    0x00001972   Section        0  _printf_char.o(.text)
    .text                                    0x000019a0   Section        0  strtol.o(.text)
    .text                                    0x00001a10   Section        0  rtudiv10.o(.text)
    .text                                    0x00001a38   Section        8  libspace.o(.text)
    .text                                    0x00001a40   Section       16  rt_ctype_table.o(.text)
    .text                                    0x00001a50   Section        0  _strtoul.o(.text)
    .text                                    0x00001af6   Section       62  sys_stackheap_outer.o(.text)
    .text                                    0x00001b34   Section        8  rt_locale_intlibspace.o(.text)
    .text                                    0x00001b3c   Section        0  _chval.o(.text)
    .text                                    0x00001b5a   Section        0  exit.o(.text)
    .text                                    0x00001b68   Section        0  strcmp.o(.text)
    .text                                    0x00001bf0   Section        0  sys_exit.o(.text)
    .text                                    0x00001bfc   Section        2  use_no_semi.o(.text)
    .text                                    0x00001bfe   Section        0  indicate_semi.o(.text)
    i.__ARM_common_switch8                   0x00001bfe   Section        0  system_lpc11xx.o(i.__ARM_common_switch8)
    locale$$code                             0x00001c1c   Section       44  lc_ctype_c.o(locale$$code)
    locale$$data                             0x00001c68   Section      272  lc_ctype_c.o(locale$$data)
    __lcctype_c_name                         0x00001c6c   Data           2  lc_ctype_c.o(locale$$data)
    __lcctype_c_start                        0x00001c74   Data           0  lc_ctype_c.o(locale$$data)
    __lcctype_c_end                          0x00001d78   Data           0  lc_ctype_c.o(locale$$data)
    .data                                    0x10000000   Section        4  system_lpc11xx.o(.data)
    .data                                    0x10000004   Section        7  main.o(.data)
    .bss                                     0x1000000c   Section       16  dtmf.o(.bss)
    .bss                                     0x1000001c   Section      144  fsk.o(.bss)
    .bss                                     0x100000ac   Section      208  gpio.o(.bss)
    .bss                                     0x1000017c   Section       12  pstn.o(.bss)
    .bss                                     0x10000188   Section      416  uart.o(.bss)
    .bss                                     0x10000328   Section      400  main.o(.bss)
    .bss                                     0x100004b8   Section       96  libspace.o(.bss)
    HEAP                                     0x10000518   Section        0  startup_lpc11xx.o(HEAP)
    STACK                                    0x10000518   Section      512  startup_lpc11xx.o(STACK)
    Heap_Mem                                 0x10000518   Data           0  startup_lpc11xx.o(HEAP)
    Stack_Mem                                0x10000518   Data         512  startup_lpc11xx.o(STACK)
    __initial_sp                             0x10000718   Data           0  startup_lpc11xx.o(STACK)

    Global Symbols

    Symbol Name                              Value     Ov Type        Size  Object(Section)

    BuildAttributes$$THM_ISAv3M$S$PE$A:L22$X:L11$S22$IEEE1$IW$USESV6$~STKCKD$USESV7$~SHL$OSPACE$ROPI$EBA8$UX$STANDARDLIB$REQ8$PRES8$EABIv2 0x00000000   Number         0  anon$$obj.o ABSOLUTE
    __ARM_use_no_argv                        0x00000000   Number         0  main.o ABSOLUTE
    __Vectors                                0x00000000   Data           4  startup_lpc11xx.o(RESET)
    __ARM_exceptions_init                     - Undefined Weak Reference
    __alloca_initialize                       - Undefined Weak Reference
    __cpp_initialize__aeabi_                  - Undefined Weak Reference
    __cxa_finalize                            - Undefined Weak Reference
    __sigvec_lookup                           - Undefined Weak Reference
    _atexit_init                              - Undefined Weak Reference
    _call_atexit_fns                          - Undefined Weak Reference
    _clock_init                               - Undefined Weak Reference
    _fp_trap_init                             - Undefined Weak Reference
    _fp_trap_shutdown                         - Undefined Weak Reference
    _get_lc_collate                           - Undefined Weak Reference
    _get_lc_monetary                          - Undefined Weak Reference
    _get_lc_numeric                           - Undefined Weak Reference
    _get_lc_time                              - Undefined Weak Reference
    _getenv_init                              - Undefined Weak Reference
    _handle_redirection                       - Undefined Weak Reference
    _init_alloc                               - Undefined Weak Reference
    _init_user_alloc                          - Undefined Weak Reference
    _initio                                   - Undefined Weak Reference
    _printf_mbtowc                            - Undefined Weak Reference
    _printf_post_padding                      - Undefined Weak Reference
    _printf_pre_padding                       - Undefined Weak Reference
    _printf_truncate_signed                   - Undefined Weak Reference
    _printf_truncate_unsigned                 - Undefined Weak Reference
    _rand_init                                - Undefined Weak Reference
    _signal_finish                            - Undefined Weak Reference
    _signal_init                              - Undefined Weak Reference
    _terminate_alloc                          - Undefined Weak Reference
    _terminate_user_alloc                     - Undefined Weak Reference
    _terminateio                              - Undefined Weak Reference
    __main                                   0x000000c1   Thumb Code     8  __main.o(!!!main)
    __scatterload                            0x000000c9   Thumb Code     0  __scatter.o(!!!scatter)
    __scatterload_rt2                        0x000000c9   Thumb Code    52  __scatter.o(!!!scatter)
    __scatterload_rt2_thumb_only             0x000000c9   Thumb Code     0  __scatter.o(!!!scatter)
    __scatterload_null                       0x000000d9   Thumb Code     0  __scatter.o(!!!scatter)
    __scatterload_copy                       0x00000105   Thumb Code    26  __scatter_copy.o(!!handler_copy)
    __scatterload_zeroinit                   0x00000121   Thumb Code    28  __scatter_zi.o(!!handler_zi)
    _printf_percent                          0x0000013d   Thumb Code     0  _printf_percent.o(.ARM.Collect$$_printf_percent$$00000000)
    _printf_d                                0x0000013f   Thumb Code     0  _printf_d.o(.ARM.Collect$$_printf_percent$$00000009)
    _printf_s                                0x00000149   Thumb Code     0  _printf_s.o(.ARM.Collect$$_printf_percent$$00000014)
    _printf_percent_end                      0x00000153   Thumb Code     0  _printf_percent_end.o(.ARM.Collect$$_printf_percent$$00000017)
    __rt_lib_init                            0x00000157   Thumb Code     0  libinit.o(.ARM.Collect$$libinit$$00000000)
    __rt_lib_init_fp_1                       0x00000159   Thumb Code     0  libinit2.o(.ARM.Collect$$libinit$$00000001)
    __rt_lib_init_heap_1                     0x0000015d   Thumb Code     0  libinit2.o(.ARM.Collect$$libinit$$00000008)
    __rt_lib_init_lc_common                  0x0000015d   Thumb Code     0  libinit2.o(.ARM.Collect$$libinit$$0000000D)
    __rt_lib_init_rand_1                     0x0000015d   Thumb Code     0  libinit2.o(.ARM.Collect$$libinit$$0000000C)
    __rt_lib_init_user_alloc_1               0x0000015d   Thumb Code     0  libinit2.o(.ARM.Collect$$libinit$$0000000A)
    __rt_lib_init_lc_collate_1               0x00000163   Thumb Code     0  libinit2.o(.ARM.Collect$$libinit$$0000000F)
    __rt_lib_init_lc_ctype_2                 0x00000163   Thumb Code     0  libinit2.o(.ARM.Collect$$libinit$$00000010)
    __rt_lib_init_alloca_1                   0x0000016f   Thumb Code     0  libinit2.o(.ARM.Collect$$libinit$$0000002C)
    __rt_lib_init_argv_1                     0x0000016f   Thumb Code     0  libinit2.o(.ARM.Collect$$libinit$$0000002A)
    __rt_lib_init_atexit_1                   0x0000016f   Thumb Code     0  libinit2.o(.ARM.Collect$$libinit$$00000019)
    __rt_lib_init_clock_1                    0x0000016f   Thumb Code     0  libinit2.o(.ARM.Collect$$libinit$$0000001F)
    __rt_lib_init_cpp_1                      0x0000016f   Thumb Code     0  libinit2.o(.ARM.Collect$$libinit$$00000030)
    __rt_lib_init_exceptions_1               0x0000016f   Thumb Code     0  libinit2.o(.ARM.Collect$$libinit$$0000002E)
    __rt_lib_init_fp_trap_1                  0x0000016f   Thumb Code     0  libinit2.o(.ARM.Collect$$libinit$$0000001D)
    __rt_lib_init_getenv_1                   0x0000016f   Thumb Code     0  libinit2.o(.ARM.Collect$$libinit$$00000021)
    __rt_lib_init_lc_ctype_1                 0x0000016f   Thumb Code     0  libinit2.o(.ARM.Collect$$libinit$$00000011)
    __rt_lib_init_lc_monetary_1              0x0000016f   Thumb Code     0  libinit2.o(.ARM.Collect$$libinit$$00000013)
    __rt_lib_init_lc_numeric_1               0x0000016f   Thumb Code     0  libinit2.o(.ARM.Collect$$libinit$$00000015)
    __rt_lib_init_lc_time_1                  0x0000016f   Thumb Code     0  libinit2.o(.ARM.Collect$$libinit$$00000017)
    __rt_lib_init_return                     0x0000016f   Thumb Code     0  libinit2.o(.ARM.Collect$$libinit$$00000031)
    __rt_lib_init_signal_1                   0x0000016f   Thumb Code     0  libinit2.o(.ARM.Collect$$libinit$$0000001B)
    __rt_lib_init_stdio_1                    0x0000016f   Thumb Code     0  libinit2.o(.ARM.Collect$$libinit$$00000023)
    __rt_lib_shutdown                        0x00000171   Thumb Code     0  libshutdown.o(.ARM.Collect$$libshutdown$$00000000)
    __rt_lib_shutdown_fp_trap_1              0x00000173   Thumb Code     0  libshutdown2.o(.ARM.Collect$$libshutdown$$00000006)
    __rt_lib_shutdown_heap_1                 0x00000173   Thumb Code     0  libshutdown2.o(.ARM.Collect$$libshutdown$$0000000E)
    __rt_lib_shutdown_return                 0x00000173   Thumb Code     0  libshutdown2.o(.ARM.Collect$$libshutdown$$0000000F)
    __rt_lib_shutdown_signal_1               0x00000173   Thumb Code     0  libshutdown2.o(.ARM.Collect$$libshutdown$$00000009)
    __rt_lib_shutdown_stdio_1                0x00000173   Thumb Code     0  libshutdown2.o(.ARM.Collect$$libshutdown$$00000003)
    __rt_lib_shutdown_user_alloc_1           0x00000173   Thumb Code     0  libshutdown2.o(.ARM.Collect$$libshutdown$$0000000B)
    __rt_entry                               0x00000175   Thumb Code     0  rtentry.o(.ARM.Collect$$rtentry$$00000000)
    __rt_entry_presh_1                       0x00000175   Thumb Code     0  rtentry2.o(.ARM.Collect$$rtentry$$00000002)
    __rt_entry_sh                            0x00000175   Thumb Code     0  rtentry4.o(.ARM.Collect$$rtentry$$00000004)
    __rt_entry_li                            0x0000017b   Thumb Code     0  rtentry2.o(.ARM.Collect$$rtentry$$0000000A)
    __rt_entry_postsh_1                      0x0000017b   Thumb Code     0  rtentry2.o(.ARM.Collect$$rtentry$$00000009)
    __rt_entry_main                          0x0000017f   Thumb Code     0  rtentry2.o(.ARM.Collect$$rtentry$$0000000D)
    __rt_entry_postli_1                      0x0000017f   Thumb Code     0  rtentry2.o(.ARM.Collect$$rtentry$$0000000C)
    __rt_exit                                0x00000187   Thumb Code     0  rtexit.o(.ARM.Collect$$rtexit$$00000000)
    __rt_exit_ls                             0x00000189   Thumb Code     0  rtexit2.o(.ARM.Collect$$rtexit$$00000003)
    __rt_exit_prels_1                        0x00000189   Thumb Code     0  rtexit2.o(.ARM.Collect$$rtexit$$00000002)
    __rt_exit_exit                           0x0000018d   Thumb Code     0  rtexit2.o(.ARM.Collect$$rtexit$$00000004)
    Reset_Handler                            0x00000195   Thumb Code     8  startup_lpc11xx.o(.text)
    NMI_Handler                              0x0000019d   Thumb Code     2  startup_lpc11xx.o(.text)
    HardFault_Handler                        0x0000019f   Thumb Code     2  startup_lpc11xx.o(.text)
    SVC_Handler                              0x000001a1   Thumb Code     2  startup_lpc11xx.o(.text)
    PendSV_Handler                           0x000001a3   Thumb Code     2  startup_lpc11xx.o(.text)
    SysTick_Handler                          0x000001a5   Thumb Code     2  startup_lpc11xx.o(.text)
    ADC_IRQHandler                           0x000001a7   Thumb Code     0  startup_lpc11xx.o(.text)
    BOD_IRQHandler                           0x000001a7   Thumb Code     0  startup_lpc11xx.o(.text)
    CAN_IRQHandler                           0x000001a7   Thumb Code     0  startup_lpc11xx.o(.text)
    FMC_IRQHandler                           0x000001a7   Thumb Code     0  startup_lpc11xx.o(.text)
    I2C_IRQHandler                           0x000001a7   Thumb Code     0  startup_lpc11xx.o(.text)
    PIOINT2_IRQHandler                       0x000001a7   Thumb Code     0  startup_lpc11xx.o(.text)
    PIOINT3_IRQHandler                       0x000001a7   Thumb Code     0  startup_lpc11xx.o(.text)
    SSP0_IRQHandler                          0x000001a7   Thumb Code     0  startup_lpc11xx.o(.text)
    SSP1_IRQHandler                          0x000001a7   Thumb Code     0  startup_lpc11xx.o(.text)
    TIMER16_0_IRQHandler                     0x000001a7   Thumb Code     0  startup_lpc11xx.o(.text)
    TIMER32_0_IRQHandler                     0x000001a7   Thumb Code     0  startup_lpc11xx.o(.text)
    TIMER32_1_IRQHandler                     0x000001a7   Thumb Code     0  startup_lpc11xx.o(.text)
    USB_FIQHandler                           0x000001a7   Thumb Code     0  startup_lpc11xx.o(.text)
    USB_IRQHandler                           0x000001a7   Thumb Code     0  startup_lpc11xx.o(.text)
    WAKEUP_IRQHandler                        0x000001a7   Thumb Code     0  startup_lpc11xx.o(.text)
    __user_initial_stackheap                 0x000001a9   Thumb Code     0  startup_lpc11xx.o(.text)
    WDT_CLK_Setup                            0x000001c9   Thumb Code    64  wdt.o(.text)
    wdt_enable                               0x00000209   Thumb Code    52  wdt.o(.text)
    WDT_IRQHandler                           0x0000023d   Thumb Code    36  wdt.o(.text)
    wdt_feed                                 0x00000261   Thumb Code    12  wdt.o(.text)
    init                                     0x00000285   Thumb Code    56  main.o(.text)
    delay                                    0x000002bd   Thumb Code    32  main.o(.text)
    main                                     0x000002dd   Thumb Code    32  main.o(.text)
    SystemFrequencyUpdate                    0x00000301   Thumb Code   408  system_lpc11xx.o(.text)
    system_init                              0x00000499   Thumb Code   166  system_lpc11xx.o(.text)
    deal_message                             0x00000595   Thumb Code    64  com.o(.text)
    message_integrity                        0x000005d5   Thumb Code    26  com.o(.text)
    master_message_parese                    0x000005ef   Thumb Code   138  com.o(.text)
    fsk_message_handler                      0x00000679   Thumb Code   118  com.o(.text)
    message_handler                          0x000006ef   Thumb Code    52  com.o(.text)
    wait                                     0x00000761   Thumb Code    22  ct.o(.text)
    time16b0_init                            0x00000777   Thumb Code    14  ct.o(.text)
    time16b0_int_init                        0x00000785   Thumb Code    44  ct.o(.text)
    time16b0_int_1200                        0x000007b1   Thumb Code    40  ct.o(.text)
    time16b0_init_19200                      0x000007d9   Thumb Code    40  ct.o(.text)
    time16b0_init_2400                       0x00000801   Thumb Code    40  ct.o(.text)
    tim16b0_delay_ms                         0x00000829   Thumb Code    54  ct.o(.text)
    tim16b0_delay_us                         0x0000085f   Thumb Code    44  ct.o(.text)
    time16b1_int_init                        0x0000088b   Thumb Code    56  ct.o(.text)
    time16b1_enable                          0x000008c3   Thumb Code     8  ct.o(.text)
    time16b1_disable                         0x000008cb   Thumb Code     8  ct.o(.text)
    TIMER16_1_IRQHandler                     0x000008d3   Thumb Code   224  ct.o(.text)
    dtmf_rx_buf_init                         0x00000a01   Thumb Code    12  dtmf.o(.text)
    recv_dtmf                                0x00000a0d   Thumb Code   192  dtmf.o(.text)
    dtmf_data_handler                        0x00000acd   Thumb Code    88  dtmf.o(.text)
    fsk_init                                 0x00000b51   Thumb Code    12  fsk.o(.text)
    CheckFSKMessage                          0x00000b5d   Thumb Code   512  fsk.o(.text)
    gpio_init                                0x00000d65   Thumb Code   438  gpio.o(.text)
    gpio_init2                               0x00000f1b   Thumb Code    82  gpio.o(.text)
    set_dtmf_qn_dir                          0x00000f6d   Thumb Code    52  gpio.o(.text)
    clr_dtmf_qn_dir                          0x00000fa1   Thumb Code    52  gpio.o(.text)
    PIOINT0_IRQHandler                       0x00000fd5   Thumb Code    94  gpio.o(.text)
    fsk_buf_int                              0x00001033   Thumb Code    12  gpio.o(.text)
    get_fsk_buf_num                          0x0000103f   Thumb Code     8  gpio.o(.text)
    recv_byte                                0x00001047   Thumb Code    58  gpio.o(.text)
    recv_byte2                               0x00001081   Thumb Code    62  gpio.o(.text)
    gpio_irq_disable                         0x000010bf   Thumb Code    14  gpio.o(.text)
    gpio_irq_enable                          0x000010cd   Thumb Code    14  gpio.o(.text)
    PIOINT1_IRQHandler                       0x000010db   Thumb Code   248  gpio.o(.text)
    clear_pstn_event                         0x000011ed   Thumb Code    12  pstn.o(.text)
    pstn_init                                0x000011f9   Thumb Code    12  pstn.o(.text)
    set_pstn_state                           0x00001205   Thumb Code     6  pstn.o(.text)
    get_pstn_state                           0x0000120b   Thumb Code     6  pstn.o(.text)
    get_pstn_event                           0x00001211   Thumb Code     6  pstn.o(.text)
    set_pstn_event                           0x00001217   Thumb Code     6  pstn.o(.text)
    set_pstn_cid_mode                        0x0000121d   Thumb Code     6  pstn.o(.text)
    get_pstn_cid_mode                        0x00001223   Thumb Code     6  pstn.o(.text)
    check_pstn_hook                          0x00001229   Thumb Code   296  pstn.o(.text)
    uart_init                                0x0000137d   Thumb Code   154  uart.o(.text)
    uart_irq_disable                         0x00001417   Thumb Code    18  uart.o(.text)
    uart_irq_enable                          0x00001429   Thumb Code    18  uart.o(.text)
    uart_recive                              0x0000143b   Thumb Code    22  uart.o(.text)
    uart_send_byte                           0x00001451   Thumb Code    20  uart.o(.text)
    uart_send                                0x00001465   Thumb Code    32  uart.o(.text)
    uart_recv_init                           0x00001485   Thumb Code    12  uart.o(.text)
    get_uart_recv_num                        0x00001491   Thumb Code     8  uart.o(.text)
    UART_IRQHandler                          0x00001499   Thumb Code    82  uart.o(.text)
    __2sprintf                               0x00001505   Thumb Code    36  noretval__2sprintf.o(.text)
    __printf                                 0x0000152d   Thumb Code   108  __printf.o(.text)
    _printf_str                              0x00001599   Thumb Code    82  _printf_str.o(.text)
    _printf_int_dec                          0x000015ed   Thumb Code    90  _printf_dec.o(.text)
    atoi                                     0x00001659   Thumb Code    26  atoi.o(.text)
    strstr                                   0x00001673   Thumb Code    40  strstr.o(.text)
    strlen                                   0x0000169d   Thumb Code    62  strlen.o(.text)
    _memset_w                                0x000016e1   Thumb Code    26  rt_memclr.o(.text)
    _memset                                  0x000016fb   Thumb Code    30  rt_memclr.o(.text)
    __aeabi_memclr                           0x00001719   Thumb Code     4  rt_memclr.o(.text)
    __rt_memclr                              0x00001719   Thumb Code     0  rt_memclr.o(.text)
    __aeabi_memclr4                          0x0000171d   Thumb Code     0  rt_memclr.o(.text)
    __aeabi_memclr8                          0x0000171d   Thumb Code     0  rt_memclr.o(.text)
    __rt_memclr_w                            0x0000171d   Thumb Code     4  rt_memclr.o(.text)
    __aeabi_uidiv                            0x00001721   Thumb Code     0  aeabi_sdiv.o(.text)
    __aeabi_uidivmod                         0x00001721   Thumb Code    20  aeabi_sdiv.o(.text)
    __aeabi_idiv                             0x00001735   Thumb Code     0  aeabi_sdiv.o(.text)
    __aeabi_idivmod                          0x00001735   Thumb Code   326  aeabi_sdiv.o(.text)
    __use_two_region_memory                  0x0000187b   Thumb Code     2  heapauxi.o(.text)
    __rt_heap_escrow$2region                 0x0000187d   Thumb Code     2  heapauxi.o(.text)
    __rt_heap_expand$2region                 0x0000187f   Thumb Code     2  heapauxi.o(.text)
    __aeabi_errno_addr                       0x00001881   Thumb Code     8  rt_errno_addr_intlibspace.o(.text)
    __errno$intlibspace                      0x00001881   Thumb Code     0  rt_errno_addr_intlibspace.o(.text)
    __rt_errno_addr$intlibspace              0x00001881   Thumb Code     0  rt_errno_addr_intlibspace.o(.text)
    _printf_int_common                       0x00001889   Thumb Code   176  _printf_intcommon.o(.text)
    _printf_char_common                      0x00001943   Thumb Code    32  _printf_char_common.o(.text)
    _sputc                                   0x00001969   Thumb Code    10  _sputc.o(.text)
    _printf_cs_common                        0x00001973   Thumb Code    22  _printf_char.o(.text)
    _printf_char                             0x00001989   Thumb Code    16  _printf_char.o(.text)
    _printf_string                           0x00001999   Thumb Code     8  _printf_char.o(.text)
    strtol                                   0x000019a1   Thumb Code   108  strtol.o(.text)
    __rt_udiv10                              0x00001a11   Thumb Code    40  rtudiv10.o(.text)
    __user_libspace                          0x00001a39   Thumb Code     8  libspace.o(.text)
    __user_perproc_libspace                  0x00001a39   Thumb Code     0  libspace.o(.text)
    __user_perthread_libspace                0x00001a39   Thumb Code     0  libspace.o(.text)
    __rt_ctype_table                         0x00001a41   Thumb Code    16  rt_ctype_table.o(.text)
    _strtoul                                 0x00001a51   Thumb Code   166  _strtoul.o(.text)
    __user_setup_stackheap                   0x00001af7   Thumb Code    62  sys_stackheap_outer.o(.text)
    __rt_locale                              0x00001b35   Thumb Code     8  rt_locale_intlibspace.o(.text)
    _chval                                   0x00001b3d   Thumb Code    30  _chval.o(.text)
    exit                                     0x00001b5b   Thumb Code    12  exit.o(.text)
    strcmp                                   0x00001b69   Thumb Code   132  strcmp.o(.text)
    _sys_exit                                0x00001bf1   Thumb Code     8  sys_exit.o(.text)
    __I$use$semihosting                      0x00001bfd   Thumb Code     0  use_no_semi.o(.text)
    __use_no_semihosting_swi                 0x00001bfd   Thumb Code     2  use_no_semi.o(.text)
    __ARM_common_switch8                     0x00001bff   Thumb Code    28  system_lpc11xx.o(i.__ARM_common_switch8)
    __semihosting_library_function           0x00001bff   Thumb Code     0  indicate_semi.o(.text)
    _get_lc_ctype                            0x00001c1d   Thumb Code    44  lc_ctype_c.o(locale$$code)
    Region$$Table$$Base                      0x00001c48   Number         0  anon$$obj.o(Region$$Table)
    Region$$Table$$Limit                     0x00001c68   Number         0  anon$$obj.o(Region$$Table)
    __ctype                                  0x00001c75   Data           0  lc_ctype_c.o(locale$$data)
    SystemFrequency                          0x10000000   Data           4  system_lpc11xx.o(.data)
    ring_times                               0x10000004   Data           1  main.o(.data)
    ring_num                                 0x10000005   Data           1  main.o(.data)
    recv_num                                 0x10000006   Data           1  main.o(.data)
    fsk_flag                                 0x10000007   Data           1  main.o(.data)
    fsk_clear                                0x10000008   Data           1  main.o(.data)
    dtmf_flag                                0x10000009   Data           1  main.o(.data)
    dtmf_time                                0x1000000a   Data           1  main.o(.data)
    dtmf_rx_buf                              0x1000000c   Data          16  dtmf.o(.bss)
    stFskMeg                                 0x1000001c   Data         144  fsk.o(.bss)
    fsk_buf                                  0x100000ac   Data         208  gpio.o(.bss)
    st_pstn                                  0x1000017c   Data          12  pstn.o(.bss)
    uartrecv                                 0x10000188   Data         208  uart.o(.bss)
    uartsend                                 0x10000258   Data         208  uart.o(.bss)
    uartrecv_buf                             0x10000328   Data         200  main.o(.bss)
    uartsend_buf                             0x100003f0   Data         200  main.o(.bss)
    __libspace_start                         0x100004b8   Data          96  libspace.o(.bss)
    __temporary_stack_top$libspace           0x10000518   Data           0  libspace.o(.bss)



==============================================================================

Memory Map of the image

  Image Entry point : 0x000000c1

  Load Region LR_IROM1 (Base: 0x00000000, Size: 0x00001d84, Max: 0x00006000, ABSOLUTE)

    Execution Region ER_IROM1 (Base: 0x00000000, Size: 0x00001d78, Max: 0x00006000, ABSOLUTE)

    Base Addr    Size         Type   Attr      Idx    E Section Name        Object

    0x00000000   0x000000c0   Data   RO            3    RESET               startup_lpc11xx.o
    0x000000c0   0x00000008   Code   RO          393  * !!!main             c_p.l(__main.o)
    0x000000c8   0x0000003c   Code   RO          595    !!!scatter          c_p.l(__scatter.o)
    0x00000104   0x0000001a   Code   RO          597    !!handler_copy      c_p.l(__scatter_copy.o)
    0x0000011e   0x00000002   PAD
    0x00000120   0x0000001c   Code   RO          599    !!handler_zi        c_p.l(__scatter_zi.o)
    0x0000013c   0x00000002   Code   RO          378    .ARM.Collect$$_printf_percent$$00000000  c_p.l(_printf_percent.o)
    0x0000013e   0x0000000a   Code   RO          377    .ARM.Collect$$_printf_percent$$00000009  c_p.l(_printf_d.o)
    0x00000148   0x0000000a   Code   RO          376    .ARM.Collect$$_printf_percent$$00000014  c_p.l(_printf_s.o)
    0x00000152   0x00000004   Code   RO          413    .ARM.Collect$$_printf_percent$$00000017  c_p.l(_printf_percent_end.o)
    0x00000156   0x00000002   Code   RO          468    .ARM.Collect$$libinit$$00000000  c_p.l(libinit.o)
    0x00000158   0x00000004   Code   RO          480    .ARM.Collect$$libinit$$00000001  c_p.l(libinit2.o)
    0x0000015c   0x00000000   Code   RO          484    .ARM.Collect$$libinit$$00000008  c_p.l(libinit2.o)
    0x0000015c   0x00000000   Code   RO          486    .ARM.Collect$$libinit$$0000000A  c_p.l(libinit2.o)
    0x0000015c   0x00000000   Code   RO          488    .ARM.Collect$$libinit$$0000000C  c_p.l(libinit2.o)
    0x0000015c   0x00000006   Code   RO          489    .ARM.Collect$$libinit$$0000000D  c_p.l(libinit2.o)
    0x00000162   0x00000000   Code   RO          491    .ARM.Collect$$libinit$$0000000F  c_p.l(libinit2.o)
    0x00000162   0x0000000c   Code   RO          492    .ARM.Collect$$libinit$$00000010  c_p.l(libinit2.o)
    0x0000016e   0x00000000   Code   RO          493    .ARM.Collect$$libinit$$00000011  c_p.l(libinit2.o)
    0x0000016e   0x00000000   Code   RO          495    .ARM.Collect$$libinit$$00000013  c_p.l(libinit2.o)
    0x0000016e   0x00000000   Code   RO          497    .ARM.Collect$$libinit$$00000015  c_p.l(libinit2.o)
    0x0000016e   0x00000000   Code   RO          499    .ARM.Collect$$libinit$$00000017  c_p.l(libinit2.o)
    0x0000016e   0x00000000   Code   RO          501    .ARM.Collect$$libinit$$00000019  c_p.l(libinit2.o)
    0x0000016e   0x00000000   Code   RO          503    .ARM.Collect$$libinit$$0000001B  c_p.l(libinit2.o)
    0x0000016e   0x00000000   Code   RO          505    .ARM.Collect$$libinit$$0000001D  c_p.l(libinit2.o)
    0x0000016e   0x00000000   Code   RO          507    .ARM.Collect$$libinit$$0000001F  c_p.l(libinit2.o)
    0x0000016e   0x00000000   Code   RO          509    .ARM.Collect$$libinit$$00000021  c_p.l(libinit2.o)
    0x0000016e   0x00000000   Code   RO          511    .ARM.Collect$$libinit$$00000023  c_p.l(libinit2.o)
    0x0000016e   0x00000000   Code   RO          515    .ARM.Collect$$libinit$$0000002A  c_p.l(libinit2.o)
    0x0000016e   0x00000000   Code   RO          517    .ARM.Collect$$libinit$$0000002C  c_p.l(libinit2.o)
    0x0000016e   0x00000000   Code   RO          519    .ARM.Collect$$libinit$$0000002E  c_p.l(libinit2.o)
    0x0000016e   0x00000000   Code   RO          521    .ARM.Collect$$libinit$$00000030  c_p.l(libinit2.o)
    0x0000016e   0x00000002   Code   RO          522    .ARM.Collect$$libinit$$00000031  c_p.l(libinit2.o)
    0x00000170   0x00000002   Code   RO          553    .ARM.Collect$$libshutdown$$00000000  c_p.l(libshutdown.o)
    0x00000172   0x00000000   Code   RO          580    .ARM.Collect$$libshutdown$$00000003  c_p.l(libshutdown2.o)
    0x00000172   0x00000000   Code   RO          583    .ARM.Collect$$libshutdown$$00000006  c_p.l(libshutdown2.o)
    0x00000172   0x00000000   Code   RO          586    .ARM.Collect$$libshutdown$$00000009  c_p.l(libshutdown2.o)
    0x00000172   0x00000000   Code   RO          588    .ARM.Collect$$libshutdown$$0000000B  c_p.l(libshutdown2.o)
    0x00000172   0x00000000   Code   RO          591    .ARM.Collect$$libshutdown$$0000000E  c_p.l(libshutdown2.o)
    0x00000172   0x00000002   Code   RO          592    .ARM.Collect$$libshutdown$$0000000F  c_p.l(libshutdown2.o)
    0x00000174   0x00000000   Code   RO          395    .ARM.Collect$$rtentry$$00000000  c_p.l(rtentry.o)
    0x00000174   0x00000000   Code   RO          422    .ARM.Collect$$rtentry$$00000002  c_p.l(rtentry2.o)
    0x00000174   0x00000006   Code   RO          434    .ARM.Collect$$rtentry$$00000004  c_p.l(rtentry4.o)
    0x0000017a   0x00000000   Code   RO          424    .ARM.Collect$$rtentry$$00000009  c_p.l(rtentry2.o)
    0x0000017a   0x00000004   Code   RO          425    .ARM.Collect$$rtentry$$0000000A  c_p.l(rtentry2.o)
    0x0000017e   0x00000000   Code   RO          427    .ARM.Collect$$rtentry$$0000000C  c_p.l(rtentry2.o)
    0x0000017e   0x00000008   Code   RO          428    .ARM.Collect$$rtentry$$0000000D  c_p.l(rtentry2.o)
    0x00000186   0x00000002   Code   RO          470    .ARM.Collect$$rtexit$$00000000  c_p.l(rtexit.o)
    0x00000188   0x00000000   Code   RO          526    .ARM.Collect$$rtexit$$00000002  c_p.l(rtexit2.o)
    0x00000188   0x00000004   Code   RO          527    .ARM.Collect$$rtexit$$00000003  c_p.l(rtexit2.o)
    0x0000018c   0x00000006   Code   RO          528    .ARM.Collect$$rtexit$$00000004  c_p.l(rtexit2.o)
    0x00000192   0x00000002   PAD
    0x00000194   0x00000034   Code   RO            5    .text               startup_lpc11xx.o
    0x000001c8   0x000000bc   Code   RO          291    .text               wdt.o
    0x00000284   0x00000078   Code   RO          314    .text               main.o
    0x000002fc   0x00000004   Code   RO            4    .ARM.__at_0x02FC    startup_lpc11xx.o
    0x00000300   0x00000294   Code   RO           15    .text               system_lpc11xx.o
    0x00000594   0x000001cc   Code   RO           59    .text               com.o
    0x00000760   0x000002a0   Code   RO          124    .text               ct.o
    0x00000a00   0x00000150   Code   RO          161    .text               dtmf.o
    0x00000b50   0x00000214   Code   RO          188    .text               fsk.o
    0x00000d64   0x00000488   Code   RO          216    .text               gpio.o
    0x000011ec   0x00000190   Code   RO          240    .text               pstn.o
    0x0000137c   0x00000188   Code   RO          267    .text               uart.o
    0x00001504   0x00000028   Code   RO          348    .text               c_p.l(noretval__2sprintf.o)
    0x0000152c   0x0000006c   Code   RO          350    .text               c_p.l(__printf.o)
    0x00001598   0x00000052   Code   RO          352    .text               c_p.l(_printf_str.o)
    0x000015ea   0x00000002   PAD
    0x000015ec   0x0000006c   Code   RO          354    .text               c_p.l(_printf_dec.o)
    0x00001658   0x0000001a   Code   RO          379    .text               c_p.l(atoi.o)
    0x00001672   0x00000028   Code   RO          381    .text               c_p.l(strstr.o)
    0x0000169a   0x00000002   PAD
    0x0000169c   0x00000044   Code   RO          383    .text               c_p.l(strlen.o)
    0x000016e0   0x00000040   Code   RO          385    .text               c_p.l(rt_memclr.o)
    0x00001720   0x0000015a   Code   RO          387    .text               c_p.l(aeabi_sdiv.o)
    0x0000187a   0x00000006   Code   RO          391    .text               c_p.l(heapauxi.o)
    0x00001880   0x00000008   Code   RO          403    .text               c_p.l(rt_errno_addr_intlibspace.o)
    0x00001888   0x000000b0   Code   RO          405    .text               c_p.l(_printf_intcommon.o)
    0x00001938   0x00000030   Code   RO          407    .text               c_p.l(_printf_char_common.o)
    0x00001968   0x0000000a   Code   RO          409    .text               c_p.l(_sputc.o)
    0x00001972   0x0000002e   Code   RO          411    .text               c_p.l(_printf_char.o)
    0x000019a0   0x00000070   Code   RO          414    .text               c_p.l(strtol.o)
    0x00001a10   0x00000028   Code   RO          416    .text               c_p.l(rtudiv10.o)
    0x00001a38   0x00000008   Code   RO          418    .text               c_p.l(libspace.o)
    0x00001a40   0x00000010   Code   RO          436    .text               c_p.l(rt_ctype_table.o)
    0x00001a50   0x000000a6   Code   RO          442    .text               c_p.l(_strtoul.o)
    0x00001af6   0x0000003e   Code   RO          444    .text               c_p.l(sys_stackheap_outer.o)
    0x00001b34   0x00000008   Code   RO          450    .text               c_p.l(rt_locale_intlibspace.o)
    0x00001b3c   0x0000001e   Code   RO          452    .text               c_p.l(_chval.o)
    0x00001b5a   0x0000000c   Code   RO          457    .text               c_p.l(exit.o)
    0x00001b66   0x00000002   PAD
    0x00001b68   0x00000088   Code   RO          478    .text               c_p.l(strcmp.o)
    0x00001bf0   0x0000000c   Code   RO          523    .text               c_p.l(sys_exit.o)
    0x00001bfc   0x00000002   Code   RO          542    .text               c_p.l(use_no_semi.o)
    0x00001bfe   0x00000000   Code   RO          544    .text               c_p.l(indicate_semi.o)
    0x00001bfe   0x0000001c   Code   RO           33    i.__ARM_common_switch8  system_lpc11xx.o
    0x00001c1a   0x00000002   PAD
    0x00001c1c   0x0000002c   Code   RO          455    locale$$code        c_p.l(lc_ctype_c.o)
    0x00001c48   0x00000020   Data   RO          593    Region$$Table       anon$$obj.o
    0x00001c68   0x00000110   Data   RO          454    locale$$data        c_p.l(lc_ctype_c.o)


    Execution Region RW_IRAM1 (Base: 0x10000000, Size: 0x00000718, Max: 0x00002000, ABSOLUTE)

    Base Addr    Size         Type   Attr      Idx    E Section Name        Object

    0x10000000   0x00000004   Data   RW           16    .data               system_lpc11xx.o
    0x10000004   0x00000007   Data   RW          316    .data               main.o
    0x1000000b   0x00000001   PAD
    0x1000000c   0x00000010   Zero   RW          162    .bss                dtmf.o
    0x1000001c   0x00000090   Zero   RW          189    .bss                fsk.o
    0x100000ac   0x000000d0   Zero   RW          217    .bss                gpio.o
    0x1000017c   0x0000000c   Zero   RW          241    .bss                pstn.o
    0x10000188   0x000001a0   Zero   RW          268    .bss                uart.o
    0x10000328   0x00000190   Zero   RW          315    .bss                main.o
    0x100004b8   0x00000060   Zero   RW          419    .bss                c_p.l(libspace.o)
    0x10000518   0x00000000   Zero   RW            2    HEAP                startup_lpc11xx.o
    0x10000518   0x00000200   Zero   RW            1    STACK               startup_lpc11xx.o


==============================================================================

Image component sizes


      Code (inc. data)   RO Data    RW Data    ZI Data      Debug   Object Name

       460         62          0          0          0       9984   com.o
       672         78          0          0          0       7878   ct.o
       336         44          0          0         16       1609   dtmf.o
       532          8          0          0        144       2623   fsk.o
      1160         92          0          0        208       2709   gpio.o
       120          0          0          7        400       1714   main.o
       400         44          0          0         12       2663   pstn.o
        56         26        192          0        512        852   startup_lpc11xx.o
       688        104          0          4          0       5550   system_lpc11xx.o
       392         26          0          0        416       2779   uart.o
       188         24          0          0          0        843   wdt.o

    ----------------------------------------------------------------------
      5006        508        224         12       1708      39204   Object Totals
         0          0         32          0          0          0   (incl. Generated)
         2          0          0          1          0          0   (incl. Padding)

    ----------------------------------------------------------------------

      Code (inc. data)   RO Data    RW Data    ZI Data      Debug   Library Member Name

         8          0          0          0          0         68   __main.o
       108          0          0          0          0         76   __printf.o
        60          8          0          0          0          0   __scatter.o
        26          0          0          0          0          0   __scatter_copy.o
        28          0          0          0          0          0   __scatter_zi.o
        30          0          0          0          0         60   _chval.o
        46          0          0          0          0        100   _printf_char.o
        48          6          0          0          0         88   _printf_char_common.o
        10          0          0          0          0          0   _printf_d.o
       108         18          0          0          0         76   _printf_dec.o
       176          0          0          0          0         84   _printf_intcommon.o
         2          0          0          0          0          0   _printf_percent.o
         4          0          0          0          0          0   _printf_percent_end.o
        10          0          0          0          0          0   _printf_s.o
        82          0          0          0          0         72   _printf_str.o
        10          0          0          0          0         60   _sputc.o
       166          0          0          0          0         84   _strtoul.o
       346          0          0          0          0         92   aeabi_sdiv.o
        26          0          0          0          0         72   atoi.o
        12          0          0          0          0         64   exit.o
         6          0          0          0          0        136   heapauxi.o
         0          0          0          0          0          0   indicate_semi.o
        44         10        272          0          0         76   lc_ctype_c.o
         2          0          0          0          0          0   libinit.o
        24          0          0          0          0          0   libinit2.o
         2          0          0          0          0          0   libshutdown.o
         2          0          0          0          0          0   libshutdown2.o
         8          4          0          0         96         68   libspace.o
        40          4          0          0          0         84   noretval__2sprintf.o
        16          4          0          0          0         76   rt_ctype_table.o
         8          4          0          0          0         68   rt_errno_addr_intlibspace.o
         8          4          0          0          0         68   rt_locale_intlibspace.o
        64          0          0          0          0        108   rt_memclr.o
         0          0          0          0          0          0   rtentry.o
        12          0          0          0          0          0   rtentry2.o
         6          0          0          0          0          0   rtentry4.o
         2          0          0          0          0          0   rtexit.o
        10          0          0          0          0          0   rtexit2.o
        40          0          0          0          0         60   rtudiv10.o
       136          4          0          0          0         72   strcmp.o
        68          6          0          0          0         72   strlen.o
        40          0          0          0          0         72   strstr.o
       112          4          0          0          0         76   strtol.o
        12          4          0          0          0         60   sys_exit.o
        62          0          0          0          0         80   sys_stackheap_outer.o
         2          0          0          0          0         68   use_no_semi.o

    ----------------------------------------------------------------------
      2042         80        272          0         96       2240   Library Totals
        10          0          0          0          0          0   (incl. Padding)

    ----------------------------------------------------------------------

      Code (inc. data)   RO Data    RW Data    ZI Data      Debug   Library Name

      2032         80        272          0         96       2240   c_p.l

    ----------------------------------------------------------------------
      2042         80        272          0         96       2240   Library Totals

    ----------------------------------------------------------------------

==============================================================================


      Code (inc. data)   RO Data    RW Data    ZI Data      Debug   

      7048        588        496         12       1804      39596   Grand Totals
      7048        588        496         12       1804      39596   ELF Image Totals
      7048        588        496         12          0          0   ROM Totals

==============================================================================

    Total RO  Size (Code + RO Data)                 7544 (   7.37kB)
    Total RW  Size (RW Data + ZI Data)              1816 (   1.77kB)
    Total ROM Size (Code + RO Data + RW Data)       7556 (   7.38kB)

==============================================================================

