<html>
<body>
<pre>
<h1>礦ision Build Log</h1>
<h2>Project:</h2>
F:\ip话机项目\myproject\lpc_gpio_uart_cpy\project\lpc_cid.uvproj
Project File Date:  12/03/2016

<h2>Output:</h2>
Rebuild target 'Target 1'
assembling startup_LPC11xx.s...
compiling system_LPC11xx.c...
compiling com.c...
..\Drive\fsk.h(34): warning:  #1295-D: Deprecated declaration fsk_init - give arg types
  void fsk_init();
..\Drive\com.h(7): warning:  #1295-D: Deprecated declaration message_handler - give arg types
  extern void message_handler();
..\Drive\main.h(6): warning:  #1-D: last line of file ends without a newline
  #endif
..\Drive\pstn.h(40): warning:  #1295-D: Deprecated declaration clear_pstn_event - give arg types
  extern void clear_pstn_event();
..\Drive\pstn.h(41): warning:  #1295-D: Deprecated declaration pstn_init - give arg types
  extern void pstn_init();
..\Drive\pstn.h(43): warning:  #1295-D: Deprecated declaration get_pstn_state - give arg types
  extern PSTN_MAIN_STATE get_pstn_state();
..\Drive\pstn.h(44): warning:  #1295-D: Deprecated declaration check_pstn_hook - give arg types
  extern void check_pstn_hook();
..\Drive\pstn.h(45): warning:  #1-D: last line of file ends without a newline
  #endif
..\Drive\uart.h(17): warning:  #1295-D: Deprecated declaration uart_irq_disable - give arg types
  extern void uart_irq_disable();
..\Drive\uart.h(18): warning:  #1295-D: Deprecated declaration uart_irq_enable - give arg types
  extern void uart_irq_enable();
..\Drive\uart.h(19): warning:  #1295-D: Deprecated declaration uart_recv_init - give arg types
  extern void uart_recv_init();
..\Drive\uart.h(20): warning:  #1295-D: Deprecated declaration get_uart_recv_num - give arg types
  extern int get_uart_recv_num();
..\Drive\uart.h(21): warning:  #1295-D: Deprecated declaration recv_byte - give arg types
  uint8 recv_byte();
..\Drive\com.c(23): warning:  #167-D: argument of type "uint8 *" is incompatible with parameter of type "const char *"
        ptr = strstr(databuf, "HOOK:");
..\Drive\com.c(23): warning:  #513-D: a value of type "char *" cannot be assigned to an entity of type "uint8 *"
        ptr = strstr(databuf, "HOOK:");
..\Drive\com.c(27): warning:  #167-D: argument of type "uint8 *" is incompatible with parameter of type "const char *"
                if (atoi(ch) == 0)
..\Drive\com.c(29): warning:  #167-D: argument of type "uint8 *" is incompatible with parameter of type "const char *"
                else if (atoi(ch) == 1)
..\Drive\com.c(38): warning:  #167-D: argument of type "uint8 *" is incompatible with parameter of type "const char *"
        ptr = strstr(databuf, "*");
..\Drive\com.c(38): warning:  #513-D: a value of type "char *" cannot be assigned to an entity of type "uint8 *"
        ptr = strstr(databuf, "*");
..\Drive\com.c(56): warning:  #167-D: argument of type "uint8 *" is incompatible with parameter of type "const char *"
                        hook_status = deal_message(buf, strlen(buf));
..\Drive\com.c(62): warning:  #223-D: function "time16b1_disable" declared implicitly
                                time16b1_disable();
..\Drive\com.c(76): warning:  #167-D: argument of type "uint8 *" is incompatible with parameter of type "const char *"
                if (fsk_status = CheckFSKMessage(buf, strlen(buf)) > 0)
..\Drive\com.c(76): warning:  #1293-D: assignment in condition
                if (fsk_status = CheckFSKMessage(buf, strlen(buf)) > 0)
..\Drive\com.c(79): warning:  #167-D: argument of type "uint8 *" is incompatible with parameter of type "char *restrict"
                        sprintf(uartsend_buf, "&RING:%d:CID:%s%s:HOOK:%d*", 1, stFskMeg.ucTime, stFskMeg.ucFskNum, 0);
..\Drive\com.c(80): warning:  #167-D: argument of type "uint8 *" is incompatible with parameter of type "const char *"
                        uart_send(uartsend_buf, strlen(uartsend_buf)); //发送给主控
..\Drive\com.c(81): warning:  #223-D: function "set_pstn_cid_mode" declared implicitly
                        set_pstn_cid_mode(PSTN_CID_IDL);
..\Drive\com.c(49): warning:  #550-D: variable "fsk_status" was set but never used
        int fsk_status;
..\Drive\com.c(107): warning:  #1-D: last line of file ends without a newline
  }
..\Drive\com.c(90): warning:  #177-D: variable "stat" was declared but never referenced
        int stat = 0;
..\Drive\com.c: 29 warnings, 0 errors
compiling ct.c...
..\Drive\ct.h(8): warning:  #1295-D: Deprecated declaration wait - give arg types
  void wait();
..\Drive\ct.h(10): warning:  #1295-D: Deprecated declaration time16b1_enable - give arg types
  void time16b1_enable();
..\Drive\ct.h(11): warning:  #1295-D: Deprecated declaration time16b1_disable - give arg types
  void time16b1_disable();
..\Drive\main.h(6): warning:  #1-D: last line of file ends without a newline
  #endif
..\Drive\fsk.h(34): warning:  #1295-D: Deprecated declaration fsk_init - give arg types
  void fsk_init();
..\Drive\pstn.h(40): warning:  #1295-D: Deprecated declaration clear_pstn_event - give arg types
  extern void clear_pstn_event();
..\Drive\pstn.h(41): warning:  #1295-D: Deprecated declaration pstn_init - give arg types
  extern void pstn_init();
..\Drive\pstn.h(43): warning:  #1295-D: Deprecated declaration get_pstn_state - give arg types
  extern PSTN_MAIN_STATE get_pstn_state();
..\Drive\pstn.h(44): warning:  #1295-D: Deprecated declaration check_pstn_hook - give arg types
  extern void check_pstn_hook();
..\Drive\pstn.h(45): warning:  #1-D: last line of file ends without a newline
  #endif
..\Drive\ct.c: 10 warnings, 0 errors
compiling dtmf.c...
..\Drive\dtmf.h(16): warning:  #1295-D: Deprecated declaration dtmf_rx_buf_init - give arg types
  extern void dtmf_rx_buf_init();
..\Drive\dtmf.h(17): warning:  #1295-D: Deprecated declaration recv_dtmf - give arg types
  extern void recv_dtmf();
..\Drive\dtmf.h(18): warning:  #1295-D: Deprecated declaration dtmf_data_handler - give arg types
  extern void dtmf_data_handler();
..\Drive\dtmf.h(19): warning:  #1-D: last line of file ends without a newline
  #endif
..\Drive\dtmf.c(20): warning:  #223-D: function "set_dtmf_qn_dir" declared implicitly
                set_dtmf_qn_dir();  //设置成输入 ，接收dtmf码
..\Drive\dtmf.c(28): warning:  #223-D: function "clr_dtmf_qn_dir" declared implicitly
                clr_dtmf_qn_dir(); //设置成输出，不接收dtmf码
..\Drive\dtmf.c(49): warning:  #1-D: last line of file ends without a newline
  }
..\Drive\dtmf.c: 7 warnings, 0 errors
compiling fsk.c...
..\Drive\fsk.h(34): warning:  #1295-D: Deprecated declaration fsk_init - give arg types
  void fsk_init();
..\Drive\main.h(6): warning:  #1-D: last line of file ends without a newline
  #endif
..\Drive\uart.h(17): warning:  #1295-D: Deprecated declaration uart_irq_disable - give arg types
  extern void uart_irq_disable();
..\Drive\uart.h(18): warning:  #1295-D: Deprecated declaration uart_irq_enable - give arg types
  extern void uart_irq_enable();
..\Drive\uart.h(19): warning:  #1295-D: Deprecated declaration uart_recv_init - give arg types
  extern void uart_recv_init();
..\Drive\uart.h(20): warning:  #1295-D: Deprecated declaration get_uart_recv_num - give arg types
  extern int get_uart_recv_num();
..\Drive\uart.h(21): warning:  #1295-D: Deprecated declaration recv_byte - give arg types
  uint8 recv_byte();
..\Drive\fsk.c: 7 warnings, 0 errors
compiling gpio.c...
..\Drive\pstn.h(40): warning:  #1295-D: Deprecated declaration clear_pstn_event - give arg types
  extern void clear_pstn_event();
..\Drive\pstn.h(41): warning:  #1295-D: Deprecated declaration pstn_init - give arg types
  extern void pstn_init();
..\Drive\pstn.h(43): warning:  #1295-D: Deprecated declaration get_pstn_state - give arg types
  extern PSTN_MAIN_STATE get_pstn_state();
..\Drive\pstn.h(44): warning:  #1295-D: Deprecated declaration check_pstn_hook - give arg types
  extern void check_pstn_hook();
..\Drive\pstn.h(45): warning:  #1-D: last line of file ends without a newline
  #endif
..\Drive\main.h(6): warning:  #1-D: last line of file ends without a newline
  #endif
..\Drive\gpio.c(104): warning:  #223-D: function "get_pstn_cid_mode" declared implicitly
                        if (get_pstn_cid_mode() == PSTN_CID_IDL)
..\Drive\gpio.c(108): warning:  #223-D: function "set_pstn_cid_mode" declared implicitly
                                set_pstn_cid_mode(PSTN_FSK);
..\Drive\gpio.c(111): warning:  #223-D: function "set_pstn_event" declared implicitly
                        set_pstn_event(PSTN_EVENT_RING);
..\Drive\gpio.c(113): warning:  #223-D: function "sprintf" declared implicitly
                        sprintf(uartsend_buf, "&RING:%d:CID:%s%s:HOOK:%d*", 1, NULL, NULL, 0);  //来电振铃通知主控振铃
..\Drive\gpio.c(114): warning:  #223-D: function "uart_send" declared implicitly
                        uart_send(uartsend_buf, strlen(uartsend_buf));  //发送给主控
..\Drive\gpio.c(114): warning:  #167-D: argument of type "uint8 *" is incompatible with parameter of type "const char *"
                        uart_send(uartsend_buf, strlen(uartsend_buf));  //发送给主控
..\Drive\gpio.c: 12 warnings, 0 errors
compiling pstn.c...
..\Drive\pstn.h(40): warning:  #1295-D: Deprecated declaration clear_pstn_event - give arg types
  extern void clear_pstn_event();
..\Drive\pstn.h(41): warning:  #1295-D: Deprecated declaration pstn_init - give arg types
  extern void pstn_init();
..\Drive\pstn.h(43): warning:  #1295-D: Deprecated declaration get_pstn_state - give arg types
  extern PSTN_MAIN_STATE get_pstn_state();
..\Drive\pstn.h(44): warning:  #1295-D: Deprecated declaration check_pstn_hook - give arg types
  extern void check_pstn_hook();
..\Drive\pstn.h(45): warning:  #1-D: last line of file ends without a newline
  #endif
..\Drive\pstn.c: 5 warnings, 0 errors
compiling uart.c...
..\Drive\main.h(6): warning:  #1-D: last line of file ends without a newline
  #endif
..\Drive\uart.h(17): warning:  #1295-D: Deprecated declaration uart_irq_disable - give arg types
  extern void uart_irq_disable();
..\Drive\uart.h(18): warning:  #1295-D: Deprecated declaration uart_irq_enable - give arg types
  extern void uart_irq_enable();
..\Drive\uart.h(19): warning:  #1295-D: Deprecated declaration uart_recv_init - give arg types
  extern void uart_recv_init();
..\Drive\uart.h(20): warning:  #1295-D: Deprecated declaration get_uart_recv_num - give arg types
  extern int get_uart_recv_num();
..\Drive\uart.h(21): warning:  #1295-D: Deprecated declaration recv_byte - give arg types
  uint8 recv_byte();
..\Drive\pstn.h(40): warning:  #1295-D: Deprecated declaration clear_pstn_event - give arg types
  extern void clear_pstn_event();
..\Drive\pstn.h(41): warning:  #1295-D: Deprecated declaration pstn_init - give arg types
  extern void pstn_init();
..\Drive\pstn.h(43): warning:  #1295-D: Deprecated declaration get_pstn_state - give arg types
  extern PSTN_MAIN_STATE get_pstn_state();
..\Drive\pstn.h(44): warning:  #1295-D: Deprecated declaration check_pstn_hook - give arg types
  extern void check_pstn_hook();
..\Drive\pstn.h(45): warning:  #1-D: last line of file ends without a newline
  #endif
..\Drive\uart.c(21): warning:  #223-D: function "wait" declared implicitly
        wait(); //等过起始位    
..\Drive\uart.c(143): warning:  #223-D: function "get_pstn_cid_mode" declared implicitly
                        if (get_pstn_cid_mode() == PSTN_FSK)
..\Drive\uart.c: 13 warnings, 0 errors
compiling wdt.c...
..\Drive\wdt.h(11): warning:  #1-D: last line of file ends without a newline
  #endif
..\Drive\wdt.c(54): warning:  #223-D: function "uart_send" declared implicitly
                uart_send("wdt irq", 7);
..\Drive\wdt.c(72): warning:  #1-D: last line of file ends without a newline
  }
..\Drive\wdt.c: 3 warnings, 0 errors
compiling main.c...
..\Drive\ct.h(8): warning:  #1295-D: Deprecated declaration wait - give arg types
  void wait();
..\Drive\ct.h(10): warning:  #1295-D: Deprecated declaration time16b1_enable - give arg types
  void time16b1_enable();
..\Drive\ct.h(11): warning:  #1295-D: Deprecated declaration time16b1_disable - give arg types
  void time16b1_disable();
..\Drive\main.h(6): warning:  #1-D: last line of file ends without a newline
  #endif
..\Drive\uart.h(17): warning:  #1295-D: Deprecated declaration uart_irq_disable - give arg types
  extern void uart_irq_disable();
..\Drive\uart.h(18): warning:  #1295-D: Deprecated declaration uart_irq_enable - give arg types
  extern void uart_irq_enable();
..\Drive\uart.h(19): warning:  #1295-D: Deprecated declaration uart_recv_init - give arg types
  extern void uart_recv_init();
..\Drive\uart.h(20): warning:  #1295-D: Deprecated declaration get_uart_recv_num - give arg types
  extern int get_uart_recv_num();
..\Drive\uart.h(21): warning:  #1295-D: Deprecated declaration recv_byte - give arg types
  uint8 recv_byte();
..\Drive\fsk.h(34): warning:  #1295-D: Deprecated declaration fsk_init - give arg types
  void fsk_init();
..\Drive\com.h(7): warning:  #1295-D: Deprecated declaration message_handler - give arg types
  extern void message_handler();
..\Drive\wdt.h(11): warning:  #1-D: last line of file ends without a newline
  #endif
..\Drive\dtmf.h(16): warning:  #1295-D: Deprecated declaration dtmf_rx_buf_init - give arg types
  extern void dtmf_rx_buf_init();
..\Drive\dtmf.h(17): warning:  #1295-D: Deprecated declaration recv_dtmf - give arg types
  extern void recv_dtmf();
..\Drive\dtmf.h(18): warning:  #1295-D: Deprecated declaration dtmf_data_handler - give arg types
  extern void dtmf_data_handler();
..\Drive\dtmf.h(19): warning:  #1-D: last line of file ends without a newline
  #endif
..\User\main.c(30): warning:  #223-D: function "pstn_init" declared implicitly
        pstn_init();
..\User\main.c(47): warning:  #111-D: statement is unreachable
        return 0;
..\User\main.c: 18 warnings, 0 errors
linking...
Program Size: Code=6016 RO-data=496 RW-data=12 ZI-data=1684  
".\lpc_cid.axf" - 0 Error(s), 104 Warning(s).
Load "F:\\ip话机项目\\myproject\\lpc_gpio_uart_cpy\\project\\lpc_cid.axf" 
* JLink Info: Device "UNSPECIFIED" selected (0 KB flash, 0 KB RAM).
Set JLink Project File to "F:\ip话机项目\myproject\lpc_gpio_uart_cpy\project\JLinkSettings.ini"
* JLink Info: Device "UNSPECIFIED" selected (0 KB flash, 0 KB RAM).
 
JLink info:
------------
DLL: V4.80g, compiled Feb 13 2014 20:50:02
Firmware: J-Link ARM V8 compiled Nov 25 2013 19:20:08
Hardware: V8.00
S/N : 99999994 
Feature(s) : RDI,FlashDL,FlashBP,JFlash,GDBFULL 
 
* JLink Info: Found SWD-DP with ID 0x0BB11477
* JLink Info: Found Cortex-M0 r0p0, Little endian.
* JLink Info: FPUnit: 4 code (BP) slots and 0 literal slots
ROMTableAddr = 0xE00FF003
 
Target info:
------------
Device: LPC1114FBD48/302
VTarget = 3.351V
State of Pins: 
TCK: 0, TDI: 0, TDO: 0, TMS: 1, TRES: 1, TRST: 1
Hardware-Breakpoints: 4
Software-Breakpoints: 8192
Watchpoints:          2
JTAG speed: 200 kHz
 
Full Chip Erase Done.
Programming Done.
Verify OK.
Application running ...
</pre>
</body>
</html>
